Command line invocation:
    /Applications/Xcode.app/Contents/Developer/usr/bin/xcodebuild -scheme IPTV -sdk iphonesimulator -destination "generic/platform=iOS Simulator" build

Build settings from command line:
    SDKROOT = iphonesimulator26.0

Resolve Package Graph


Resolved source packages:
  Kingfisher: https://github.com/onevcat/Kingfisher @ 8.6.2

ComputePackagePrebuildTargetDependencyGraph

Prepare packages

CreateBuildRequest

SendProjectDescription

CreateBuildOperation

ComputeTargetDependencyGraph
note: Building targets in dependency order
note: Target dependency graph (4 targets)
    Target 'IPTV' in project 'IPTV'
        ➜ Explicit dependency on target 'Kingfisher' in project 'Kingfisher'
    Target 'Kingfisher' in project 'Kingfisher'
        ➜ Explicit dependency on target 'Kingfisher' in project 'Kingfisher'
        ➜ Explicit dependency on target 'Kingfisher_Kingfisher' in project 'Kingfisher'
    Target 'Kingfisher' in project 'Kingfisher'
        ➜ Explicit dependency on target 'Kingfisher_Kingfisher' in project 'Kingfisher'
    Target 'Kingfisher_Kingfisher' in project 'Kingfisher' (no dependencies)

GatherProvisioningInputs

CreateBuildDescription

ExecuteExternalTool /Applications/Xcode.app/Contents/Developer/Toolchains/XcodeDefault.xctoolchain/usr/bin/clang -v -E -dM -isysroot /Applications/Xcode.app/Contents/Developer/Platforms/iPhoneSimulator.platform/Developer/SDKs/iPhoneSimulator26.0.sdk -x c -c /dev/null

ExecuteExternalTool /Applications/Xcode.app/Contents/Developer/usr/bin/momc --dry-run --action generate --swift-version 5.0 --sdkroot /Applications/Xcode.app/Contents/Developer/Platforms/iPhoneSimulator.platform/Developer/SDKs/iPhoneSimulator26.0.sdk --iphonesimulator-deployment-target 17.0 --module IPTV /Users/shivshankarttiwari/Documents/Pending Projects/IPTV/IPTV/IPTV.xcdatamodeld /Users/shivshankarttiwari/Library/Developer/Xcode/DerivedData/IPTV-eahagpsnkamlxmesxtplqdlwxzxw/Build/Intermediates.noindex/IPTV.build/Debug-iphonesimulator/IPTV.build/DerivedSources/CoreDataGenerated/IPTV

ExecuteExternalTool /Applications/Xcode.app/Contents/Developer/Toolchains/XcodeDefault.xctoolchain/usr/bin/swiftc --version

ExecuteExternalTool /Applications/Xcode.app/Contents/Developer/usr/bin/actool --print-asset-tag-combinations --output-format xml1 /Users/shivshankarttiwari/Documents/Pending Projects/IPTV/IPTV/Assets.xcassets

ExecuteExternalTool /Applications/Xcode.app/Contents/Developer/Toolchains/XcodeDefault.xctoolchain/usr/bin/ld -version_details

ReadFileContents /Applications/Xcode.app/Contents/Developer/Toolchains/XcodeDefault.xctoolchain/usr/share/docc/features.json

ExecuteExternalTool /Applications/Xcode.app/Contents/Developer/usr/bin/actool --version --output-format xml1

Build description signature: 5adbddb66fedcfaf4a12dd95c66c04fb
Build description path: /Users/shivshankarttiwari/Library/Developer/Xcode/DerivedData/IPTV-eahagpsnkamlxmesxtplqdlwxzxw/Build/Intermediates.noindex/XCBuildData/5adbddb66fedcfaf4a12dd95c66c04fb.xcbuilddata
ClangStatCache /Applications/Xcode.app/Contents/Developer/Toolchains/XcodeDefault.xctoolchain/usr/bin/clang-stat-cache /Applications/Xcode.app/Contents/Developer/Platforms/iPhoneSimulator.platform/Developer/SDKs/iPhoneSimulator26.0.sdk /Users/shivshankarttiwari/Library/Developer/Xcode/DerivedData/SDKStatCaches.noindex/iphonesimulator26.0-23A339-3885c01c3e6b6a337905948deab2002e26257891a6c027eb51374368541b8346.sdkstatcache
    cd /Users/shivshankarttiwari/Documents/Pending\ Projects/IPTV/IPTV.xcodeproj
    /Applications/Xcode.app/Contents/Developer/Toolchains/XcodeDefault.xctoolchain/usr/bin/clang-stat-cache /Applications/Xcode.app/Contents/Developer/Platforms/iPhoneSimulator.platform/Developer/SDKs/iPhoneSimulator26.0.sdk -o /Users/shivshankarttiwari/Library/Developer/Xcode/DerivedData/SDKStatCaches.noindex/iphonesimulator26.0-23A339-3885c01c3e6b6a337905948deab2002e26257891a6c027eb51374368541b8346.sdkstatcache

WriteAuxiliaryFile /Users/shivshankarttiwari/Library/Developer/Xcode/DerivedData/IPTV-eahagpsnkamlxmesxtplqdlwxzxw/Build/Intermediates.noindex/Kingfisher.build/Debug-iphonesimulator/Kingfisher.build/Objects-normal/x86_64/Kingfisher_const_extract_protocols.json (in target 'Kingfisher' from project 'Kingfisher')
    cd /Users/shivshankarttiwari/Library/Developer/Xcode/DerivedData/IPTV-eahagpsnkamlxmesxtplqdlwxzxw/SourcePackages/checkouts/Kingfisher
    write-file /Users/shivshankarttiwari/Library/Developer/Xcode/DerivedData/IPTV-eahagpsnkamlxmesxtplqdlwxzxw/Build/Intermediates.noindex/Kingfisher.build/Debug-iphonesimulator/Kingfisher.build/Objects-normal/x86_64/Kingfisher_const_extract_protocols.json

WriteAuxiliaryFile /Users/shivshankarttiwari/Library/Developer/Xcode/DerivedData/IPTV-eahagpsnkamlxmesxtplqdlwxzxw/Build/Intermediates.noindex/Kingfisher.build/Debug-iphonesimulator/Kingfisher.build/Objects-normal/x86_64/Kingfisher.SwiftConstValuesFileList (in target 'Kingfisher' from project 'Kingfisher')
    cd /Users/shivshankarttiwari/Library/Developer/Xcode/DerivedData/IPTV-eahagpsnkamlxmesxtplqdlwxzxw/SourcePackages/checkouts/Kingfisher
    write-file /Users/shivshankarttiwari/Library/Developer/Xcode/DerivedData/IPTV-eahagpsnkamlxmesxtplqdlwxzxw/Build/Intermediates.noindex/Kingfisher.build/Debug-iphonesimulator/Kingfisher.build/Objects-normal/x86_64/Kingfisher.SwiftConstValuesFileList

WriteAuxiliaryFile /Users/shivshankarttiwari/Library/Developer/Xcode/DerivedData/IPTV-eahagpsnkamlxmesxtplqdlwxzxw/Build/Intermediates.noindex/Kingfisher.build/Debug-iphonesimulator/Kingfisher.build/Objects-normal/x86_64/Kingfisher.SwiftFileList (in target 'Kingfisher' from project 'Kingfisher')
    cd /Users/shivshankarttiwari/Library/Developer/Xcode/DerivedData/IPTV-eahagpsnkamlxmesxtplqdlwxzxw/SourcePackages/checkouts/Kingfisher
    write-file /Users/shivshankarttiwari/Library/Developer/Xcode/DerivedData/IPTV-eahagpsnkamlxmesxtplqdlwxzxw/Build/Intermediates.noindex/Kingfisher.build/Debug-iphonesimulator/Kingfisher.build/Objects-normal/x86_64/Kingfisher.SwiftFileList

WriteAuxiliaryFile /Users/shivshankarttiwari/Library/Developer/Xcode/DerivedData/IPTV-eahagpsnkamlxmesxtplqdlwxzxw/Build/Intermediates.noindex/Kingfisher.build/Debug-iphonesimulator/Kingfisher.build/Objects-normal/x86_64/Kingfisher.LinkFileList (in target 'Kingfisher' from project 'Kingfisher')
    cd /Users/shivshankarttiwari/Library/Developer/Xcode/DerivedData/IPTV-eahagpsnkamlxmesxtplqdlwxzxw/SourcePackages/checkouts/Kingfisher
    write-file /Users/shivshankarttiwari/Library/Developer/Xcode/DerivedData/IPTV-eahagpsnkamlxmesxtplqdlwxzxw/Build/Intermediates.noindex/Kingfisher.build/Debug-iphonesimulator/Kingfisher.build/Objects-normal/x86_64/Kingfisher.LinkFileList

WriteAuxiliaryFile /Users/shivshankarttiwari/Library/Developer/Xcode/DerivedData/IPTV-eahagpsnkamlxmesxtplqdlwxzxw/Build/Intermediates.noindex/Kingfisher.build/Debug-iphonesimulator/Kingfisher.build/Objects-normal/x86_64/Kingfisher-OutputFileMap.json (in target 'Kingfisher' from project 'Kingfisher')
    cd /Users/shivshankarttiwari/Library/Developer/Xcode/DerivedData/IPTV-eahagpsnkamlxmesxtplqdlwxzxw/SourcePackages/checkouts/Kingfisher
    write-file /Users/shivshankarttiwari/Library/Developer/Xcode/DerivedData/IPTV-eahagpsnkamlxmesxtplqdlwxzxw/Build/Intermediates.noindex/Kingfisher.build/Debug-iphonesimulator/Kingfisher.build/Objects-normal/x86_64/Kingfisher-OutputFileMap.json

Copy /Users/shivshankarttiwari/Library/Developer/Xcode/DerivedData/IPTV-eahagpsnkamlxmesxtplqdlwxzxw/Build/Intermediates.noindex/GeneratedModuleMaps-iphonesimulator/Kingfisher.modulemap /Users/shivshankarttiwari/Library/Developer/Xcode/DerivedData/IPTV-eahagpsnkamlxmesxtplqdlwxzxw/Build/Intermediates.noindex/Kingfisher.build/Debug-iphonesimulator/Kingfisher.build/Kingfisher.modulemap (in target 'Kingfisher' from project 'Kingfisher')
    cd /Users/shivshankarttiwari/Library/Developer/Xcode/DerivedData/IPTV-eahagpsnkamlxmesxtplqdlwxzxw/SourcePackages/checkouts/Kingfisher
    builtin-copy -exclude .DS_Store -exclude CVS -exclude .svn -exclude .git -exclude .hg -resolve-src-symlinks /Users/shivshankarttiwari/Library/Developer/Xcode/DerivedData/IPTV-eahagpsnkamlxmesxtplqdlwxzxw/Build/Intermediates.noindex/Kingfisher.build/Debug-iphonesimulator/Kingfisher.build/Kingfisher.modulemap /Users/shivshankarttiwari/Library/Developer/Xcode/DerivedData/IPTV-eahagpsnkamlxmesxtplqdlwxzxw/Build/Intermediates.noindex/GeneratedModuleMaps-iphonesimulator

WriteAuxiliaryFile /Users/shivshankarttiwari/Library/Developer/Xcode/DerivedData/IPTV-eahagpsnkamlxmesxtplqdlwxzxw/Build/Intermediates.noindex/IPTV.build/Debug-iphonesimulator/IPTV.build/Objects-normal/x86_64/IPTV.SwiftFileList (in target 'IPTV' from project 'IPTV')
    cd /Users/shivshankarttiwari/Documents/Pending\ Projects/IPTV
    write-file /Users/shivshankarttiwari/Library/Developer/Xcode/DerivedData/IPTV-eahagpsnkamlxmesxtplqdlwxzxw/Build/Intermediates.noindex/IPTV.build/Debug-iphonesimulator/IPTV.build/Objects-normal/x86_64/IPTV.SwiftFileList

WriteAuxiliaryFile /Users/shivshankarttiwari/Library/Developer/Xcode/DerivedData/IPTV-eahagpsnkamlxmesxtplqdlwxzxw/Build/Intermediates.noindex/IPTV.build/Debug-iphonesimulator/IPTV.build/Objects-normal/x86_64/IPTV.SwiftConstValuesFileList (in target 'IPTV' from project 'IPTV')
    cd /Users/shivshankarttiwari/Documents/Pending\ Projects/IPTV
    write-file /Users/shivshankarttiwari/Library/Developer/Xcode/DerivedData/IPTV-eahagpsnkamlxmesxtplqdlwxzxw/Build/Intermediates.noindex/IPTV.build/Debug-iphonesimulator/IPTV.build/Objects-normal/x86_64/IPTV.SwiftConstValuesFileList

WriteAuxiliaryFile /Users/shivshankarttiwari/Library/Developer/Xcode/DerivedData/IPTV-eahagpsnkamlxmesxtplqdlwxzxw/Build/Intermediates.noindex/IPTV.build/Debug-iphonesimulator/IPTV.build/Objects-normal/x86_64/IPTV_const_extract_protocols.json (in target 'IPTV' from project 'IPTV')
    cd /Users/shivshankarttiwari/Documents/Pending\ Projects/IPTV
    write-file /Users/shivshankarttiwari/Library/Developer/Xcode/DerivedData/IPTV-eahagpsnkamlxmesxtplqdlwxzxw/Build/Intermediates.noindex/IPTV.build/Debug-iphonesimulator/IPTV.build/Objects-normal/x86_64/IPTV_const_extract_protocols.json

WriteAuxiliaryFile /Users/shivshankarttiwari/Library/Developer/Xcode/DerivedData/IPTV-eahagpsnkamlxmesxtplqdlwxzxw/Build/Intermediates.noindex/IPTV.build/Debug-iphonesimulator/IPTV.build/Objects-normal/x86_64/IPTV-OutputFileMap.json (in target 'IPTV' from project 'IPTV')
    cd /Users/shivshankarttiwari/Documents/Pending\ Projects/IPTV
    write-file /Users/shivshankarttiwari/Library/Developer/Xcode/DerivedData/IPTV-eahagpsnkamlxmesxtplqdlwxzxw/Build/Intermediates.noindex/IPTV.build/Debug-iphonesimulator/IPTV.build/Objects-normal/x86_64/IPTV-OutputFileMap.json

WriteAuxiliaryFile /Users/shivshankarttiwari/Library/Developer/Xcode/DerivedData/IPTV-eahagpsnkamlxmesxtplqdlwxzxw/Build/Intermediates.noindex/IPTV.build/Debug-iphonesimulator/IPTV.build/Objects-normal/x86_64/IPTV.LinkFileList (in target 'IPTV' from project 'IPTV')
    cd /Users/shivshankarttiwari/Documents/Pending\ Projects/IPTV
    write-file /Users/shivshankarttiwari/Library/Developer/Xcode/DerivedData/IPTV-eahagpsnkamlxmesxtplqdlwxzxw/Build/Intermediates.noindex/IPTV.build/Debug-iphonesimulator/IPTV.build/Objects-normal/x86_64/IPTV.LinkFileList

WriteAuxiliaryFile /Users/shivshankarttiwari/Library/Developer/Xcode/DerivedData/IPTV-eahagpsnkamlxmesxtplqdlwxzxw/Build/Intermediates.noindex/IPTV.build/Debug-iphonesimulator/IPTV.build/Objects-normal/arm64/IPTV.SwiftFileList (in target 'IPTV' from project 'IPTV')
    cd /Users/shivshankarttiwari/Documents/Pending\ Projects/IPTV
    write-file /Users/shivshankarttiwari/Library/Developer/Xcode/DerivedData/IPTV-eahagpsnkamlxmesxtplqdlwxzxw/Build/Intermediates.noindex/IPTV.build/Debug-iphonesimulator/IPTV.build/Objects-normal/arm64/IPTV.SwiftFileList

WriteAuxiliaryFile /Users/shivshankarttiwari/Library/Developer/Xcode/DerivedData/IPTV-eahagpsnkamlxmesxtplqdlwxzxw/Build/Intermediates.noindex/IPTV.build/Debug-iphonesimulator/IPTV.build/Objects-normal/arm64/IPTV-OutputFileMap.json (in target 'IPTV' from project 'IPTV')
    cd /Users/shivshankarttiwari/Documents/Pending\ Projects/IPTV
    write-file /Users/shivshankarttiwari/Library/Developer/Xcode/DerivedData/IPTV-eahagpsnkamlxmesxtplqdlwxzxw/Build/Intermediates.noindex/IPTV.build/Debug-iphonesimulator/IPTV.build/Objects-normal/arm64/IPTV-OutputFileMap.json

WriteAuxiliaryFile /Users/shivshankarttiwari/Library/Developer/Xcode/DerivedData/IPTV-eahagpsnkamlxmesxtplqdlwxzxw/Build/Intermediates.noindex/IPTV.build/Debug-iphonesimulator/IPTV.build/Objects-normal/arm64/IPTV.LinkFileList (in target 'IPTV' from project 'IPTV')
    cd /Users/shivshankarttiwari/Documents/Pending\ Projects/IPTV
    write-file /Users/shivshankarttiwari/Library/Developer/Xcode/DerivedData/IPTV-eahagpsnkamlxmesxtplqdlwxzxw/Build/Intermediates.noindex/IPTV.build/Debug-iphonesimulator/IPTV.build/Objects-normal/arm64/IPTV.LinkFileList

WriteAuxiliaryFile /Users/shivshankarttiwari/Library/Developer/Xcode/DerivedData/IPTV-eahagpsnkamlxmesxtplqdlwxzxw/Build/Intermediates.noindex/IPTV.build/Debug-iphonesimulator/IPTV.build/Objects-normal/arm64/IPTV.SwiftConstValuesFileList (in target 'IPTV' from project 'IPTV')
    cd /Users/shivshankarttiwari/Documents/Pending\ Projects/IPTV
    write-file /Users/shivshankarttiwari/Library/Developer/Xcode/DerivedData/IPTV-eahagpsnkamlxmesxtplqdlwxzxw/Build/Intermediates.noindex/IPTV.build/Debug-iphonesimulator/IPTV.build/Objects-normal/arm64/IPTV.SwiftConstValuesFileList

WriteAuxiliaryFile /Users/shivshankarttiwari/Library/Developer/Xcode/DerivedData/IPTV-eahagpsnkamlxmesxtplqdlwxzxw/Build/Intermediates.noindex/IPTV.build/Debug-iphonesimulator/IPTV.build/IPTV-DebugDylibPath-normal-x86_64.txt (in target 'IPTV' from project 'IPTV')
    cd /Users/shivshankarttiwari/Documents/Pending\ Projects/IPTV
    write-file /Users/shivshankarttiwari/Library/Developer/Xcode/DerivedData/IPTV-eahagpsnkamlxmesxtplqdlwxzxw/Build/Intermediates.noindex/IPTV.build/Debug-iphonesimulator/IPTV.build/IPTV-DebugDylibPath-normal-x86_64.txt

WriteAuxiliaryFile /Users/shivshankarttiwari/Library/Developer/Xcode/DerivedData/IPTV-eahagpsnkamlxmesxtplqdlwxzxw/Build/Intermediates.noindex/IPTV.build/Debug-iphonesimulator/IPTV.build/IPTV-DebugDylibInstallName-normal-x86_64.txt (in target 'IPTV' from project 'IPTV')
    cd /Users/shivshankarttiwari/Documents/Pending\ Projects/IPTV
    write-file /Users/shivshankarttiwari/Library/Developer/Xcode/DerivedData/IPTV-eahagpsnkamlxmesxtplqdlwxzxw/Build/Intermediates.noindex/IPTV.build/Debug-iphonesimulator/IPTV.build/IPTV-DebugDylibInstallName-normal-x86_64.txt

ProcessInfoPlistFile /Users/shivshankarttiwari/Library/Developer/Xcode/DerivedData/IPTV-eahagpsnkamlxmesxtplqdlwxzxw/Build/Products/Debug-iphonesimulator/Kingfisher_Kingfisher.bundle/Info.plist /Users/shivshankarttiwari/Library/Developer/Xcode/DerivedData/IPTV-eahagpsnkamlxmesxtplqdlwxzxw/Build/Intermediates.noindex/Kingfisher.build/Debug-iphonesimulator/Kingfisher_Kingfisher.build/empty-Kingfisher_Kingfisher.plist (in target 'Kingfisher_Kingfisher' from project 'Kingfisher')
    cd /Users/shivshankarttiwari/Library/Developer/Xcode/DerivedData/IPTV-eahagpsnkamlxmesxtplqdlwxzxw/SourcePackages/checkouts/Kingfisher
    builtin-infoPlistUtility /Users/shivshankarttiwari/Library/Developer/Xcode/DerivedData/IPTV-eahagpsnkamlxmesxtplqdlwxzxw/Build/Intermediates.noindex/Kingfisher.build/Debug-iphonesimulator/Kingfisher_Kingfisher.build/empty-Kingfisher_Kingfisher.plist -producttype com.apple.product-type.bundle -expandbuildsettings -format binary -platform iphonesimulator -o /Users/shivshankarttiwari/Library/Developer/Xcode/DerivedData/IPTV-eahagpsnkamlxmesxtplqdlwxzxw/Build/Products/Debug-iphonesimulator/Kingfisher_Kingfisher.bundle/Info.plist

CpResource /Users/shivshankarttiwari/Library/Developer/Xcode/DerivedData/IPTV-eahagpsnkamlxmesxtplqdlwxzxw/Build/Products/Debug-iphonesimulator/Kingfisher_Kingfisher.bundle/PrivacyInfo.xcprivacy /Users/shivshankarttiwari/Library/Developer/Xcode/DerivedData/IPTV-eahagpsnkamlxmesxtplqdlwxzxw/SourcePackages/checkouts/Kingfisher/Sources/PrivacyInfo.xcprivacy (in target 'Kingfisher_Kingfisher' from project 'Kingfisher')
    cd /Users/shivshankarttiwari/Library/Developer/Xcode/DerivedData/IPTV-eahagpsnkamlxmesxtplqdlwxzxw/SourcePackages/checkouts/Kingfisher
    builtin-copy -exclude .DS_Store -exclude CVS -exclude .svn -exclude .git -exclude .hg -resolve-src-symlinks /Users/shivshankarttiwari/Library/Developer/Xcode/DerivedData/IPTV-eahagpsnkamlxmesxtplqdlwxzxw/SourcePackages/checkouts/Kingfisher/Sources/PrivacyInfo.xcprivacy /Users/shivshankarttiwari/Library/Developer/Xcode/DerivedData/IPTV-eahagpsnkamlxmesxtplqdlwxzxw/Build/Products/Debug-iphonesimulator/Kingfisher_Kingfisher.bundle

SwiftDriver Kingfisher normal arm64 com.apple.xcode.tools.swift.compiler (in target 'Kingfisher' from project 'Kingfisher')
    cd /Users/shivshankarttiwari/Documents/Pending\ Projects/IPTV/IPTV.xcodeproj
    builtin-SwiftDriver -- /Applications/Xcode.app/Contents/Developer/Toolchains/XcodeDefault.xctoolchain/usr/bin/swiftc -module-name Kingfisher -Onone -enforce-exclusivity\=checked @/Users/shivshankarttiwari/Library/Developer/Xcode/DerivedData/IPTV-eahagpsnkamlxmesxtplqdlwxzxw/Build/Intermediates.noindex/Kingfisher.build/Debug-iphonesimulator/Kingfisher.build/Objects-normal/arm64/Kingfisher.SwiftFileList -DSWIFT_PACKAGE -DDEBUG -DSWIFT_MODULE_RESOURCE_BUNDLE_AVAILABLE -DXcode -plugin-path /Applications/Xcode.app/Contents/Developer/Toolchains/XcodeDefault.xctoolchain/usr/lib/swift/host/plugins/testing -enable-experimental-feature DebugDescriptionMacro -sdk /Applications/Xcode.app/Contents/Developer/Platforms/iPhoneSimulator.platform/Developer/SDKs/iPhoneSimulator26.0.sdk -target arm64-apple-ios13.0-simulator -g -module-cache-path /Users/shivshankarttiwari/Library/Developer/Xcode/DerivedData/ModuleCache.noindex -Xfrontend -serialize-debugging-options -enable-testing -suppress-warnings -index-store-path /Users/shivshankarttiwari/Library/Developer/Xcode/DerivedData/IPTV-eahagpsnkamlxmesxtplqdlwxzxw/Index.noindex/DataStore -Xcc -D_LIBCPP_HARDENING_MODE\=_LIBCPP_HARDENING_MODE_DEBUG -swift-version 5 -I /Users/shivshankarttiwari/Library/Developer/Xcode/DerivedData/IPTV-eahagpsnkamlxmesxtplqdlwxzxw/Build/Products/Debug-iphonesimulator -Isystem /Applications/Xcode.app/Contents/Developer/Platforms/iPhoneSimulator.platform/Developer/usr/lib -F /Users/shivshankarttiwari/Library/Developer/Xcode/DerivedData/IPTV-eahagpsnkamlxmesxtplqdlwxzxw/Build/Products/Debug-iphonesimulator -F /Applications/Xcode.app/Contents/Developer/Platforms/iPhoneSimulator.platform/Developer/Library/Frameworks -F /Applications/Xcode.app/Contents/Developer/Platforms/iPhoneSimulator.platform/Developer/SDKs/iPhoneSimulator26.0.sdk/Developer/Library/Frameworks -c -j10 -enable-batch-mode -incremental -Xcc -ivfsstatcache -Xcc /Users/shivshankarttiwari/Library/Developer/Xcode/DerivedData/SDKStatCaches.noindex/iphonesimulator26.0-23A339-3885c01c3e6b6a337905948deab2002e26257891a6c027eb51374368541b8346.sdkstatcache -output-file-map /Users/shivshankarttiwari/Library/Developer/Xcode/DerivedData/IPTV-eahagpsnkamlxmesxtplqdlwxzxw/Build/Intermediates.noindex/Kingfisher.build/Debug-iphonesimulator/Kingfisher.build/Objects-normal/arm64/Kingfisher-OutputFileMap.json -use-frontend-parseable-output -save-temps -no-color-diagnostics -explicit-module-build -module-cache-path /Users/shivshankarttiwari/Library/Developer/Xcode/DerivedData/IPTV-eahagpsnkamlxmesxtplqdlwxzxw/Build/Intermediates.noindex/SwiftExplicitPrecompiledModules -clang-scanner-module-cache-path /Users/shivshankarttiwari/Library/Developer/Xcode/DerivedData/ModuleCache.noindex -sdk-module-cache-path /Users/shivshankarttiwari/Library/Developer/Xcode/DerivedData/ModuleCache.noindex -serialize-diagnostics -emit-dependencies -emit-module -emit-module-path /Users/shivshankarttiwari/Library/Developer/Xcode/DerivedData/IPTV-eahagpsnkamlxmesxtplqdlwxzxw/Build/Intermediates.noindex/Kingfisher.build/Debug-iphonesimulator/Kingfisher.build/Objects-normal/arm64/Kingfisher.swiftmodule -validate-clang-modules-once -clang-build-session-file /Users/shivshankarttiwari/Library/Developer/Xcode/DerivedData/ModuleCache.noindex/Session.modulevalidation -package-name kingfisher -Xcc -I/Users/shivshankarttiwari/Library/Developer/Xcode/DerivedData/IPTV-eahagpsnkamlxmesxtplqdlwxzxw/Build/Intermediates.noindex/Kingfisher.build/Debug-iphonesimulator/Kingfisher.build/swift-overrides.hmap -emit-const-values -Xfrontend -const-gather-protocols-file -Xfrontend /Users/shivshankarttiwari/Library/Developer/Xcode/DerivedData/IPTV-eahagpsnkamlxmesxtplqdlwxzxw/Build/Intermediates.noindex/Kingfisher.build/Debug-iphonesimulator/Kingfisher.build/Objects-normal/arm64/Kingfisher_const_extract_protocols.json -Xcc -I/Users/shivshankarttiwari/Library/Developer/Xcode/DerivedData/IPTV-eahagpsnkamlxmesxtplqdlwxzxw/Build/Products/Debug-iphonesimulator/include -Xcc -I/Users/shivshankarttiwari/Library/Developer/Xcode/DerivedData/IPTV-eahagpsnkamlxmesxtplqdlwxzxw/Build/Intermediates.noindex/Kingfisher.build/Debug-iphonesimulator/Kingfisher.build/DerivedSources-normal/arm64 -Xcc -I/Users/shivshankarttiwari/Library/Developer/Xcode/DerivedData/IPTV-eahagpsnkamlxmesxtplqdlwxzxw/Build/Intermediates.noindex/Kingfisher.build/Debug-iphonesimulator/Kingfisher.build/DerivedSources/arm64 -Xcc -I/Users/shivshankarttiwari/Library/Developer/Xcode/DerivedData/IPTV-eahagpsnkamlxmesxtplqdlwxzxw/Build/Intermediates.noindex/Kingfisher.build/Debug-iphonesimulator/Kingfisher.build/DerivedSources -Xcc -DSWIFT_PACKAGE -Xcc -DDEBUG\=1 -emit-objc-header -emit-objc-header-path /Users/shivshankarttiwari/Library/Developer/Xcode/DerivedData/IPTV-eahagpsnkamlxmesxtplqdlwxzxw/Build/Intermediates.noindex/Kingfisher.build/Debug-iphonesimulator/Kingfisher.build/Objects-normal/arm64/Kingfisher-Swift.h -working-directory /Users/shivshankarttiwari/Documents/Pending\ Projects/IPTV/IPTV.xcodeproj -experimental-emit-module-separately -disable-cmo

SwiftDriver Kingfisher normal x86_64 com.apple.xcode.tools.swift.compiler (in target 'Kingfisher' from project 'Kingfisher')
    cd /Users/shivshankarttiwari/Documents/Pending\ Projects/IPTV/IPTV.xcodeproj
    builtin-SwiftDriver -- /Applications/Xcode.app/Contents/Developer/Toolchains/XcodeDefault.xctoolchain/usr/bin/swiftc -module-name Kingfisher -Onone -enforce-exclusivity\=checked @/Users/shivshankarttiwari/Library/Developer/Xcode/DerivedData/IPTV-eahagpsnkamlxmesxtplqdlwxzxw/Build/Intermediates.noindex/Kingfisher.build/Debug-iphonesimulator/Kingfisher.build/Objects-normal/x86_64/Kingfisher.SwiftFileList -DSWIFT_PACKAGE -DDEBUG -DSWIFT_MODULE_RESOURCE_BUNDLE_AVAILABLE -DXcode -plugin-path /Applications/Xcode.app/Contents/Developer/Toolchains/XcodeDefault.xctoolchain/usr/lib/swift/host/plugins/testing -enable-experimental-feature DebugDescriptionMacro -sdk /Applications/Xcode.app/Contents/Developer/Platforms/iPhoneSimulator.platform/Developer/SDKs/iPhoneSimulator26.0.sdk -target x86_64-apple-ios13.0-simulator -g -module-cache-path /Users/shivshankarttiwari/Library/Developer/Xcode/DerivedData/ModuleCache.noindex -Xfrontend -serialize-debugging-options -enable-testing -suppress-warnings -index-store-path /Users/shivshankarttiwari/Library/Developer/Xcode/DerivedData/IPTV-eahagpsnkamlxmesxtplqdlwxzxw/Index.noindex/DataStore -Xcc -D_LIBCPP_HARDENING_MODE\=_LIBCPP_HARDENING_MODE_DEBUG -swift-version 5 -I /Users/shivshankarttiwari/Library/Developer/Xcode/DerivedData/IPTV-eahagpsnkamlxmesxtplqdlwxzxw/Build/Products/Debug-iphonesimulator -Isystem /Applications/Xcode.app/Contents/Developer/Platforms/iPhoneSimulator.platform/Developer/usr/lib -F /Users/shivshankarttiwari/Library/Developer/Xcode/DerivedData/IPTV-eahagpsnkamlxmesxtplqdlwxzxw/Build/Products/Debug-iphonesimulator -F /Applications/Xcode.app/Contents/Developer/Platforms/iPhoneSimulator.platform/Developer/Library/Frameworks -F /Applications/Xcode.app/Contents/Developer/Platforms/iPhoneSimulator.platform/Developer/SDKs/iPhoneSimulator26.0.sdk/Developer/Library/Frameworks -c -j10 -enable-batch-mode -incremental -Xcc -ivfsstatcache -Xcc /Users/shivshankarttiwari/Library/Developer/Xcode/DerivedData/SDKStatCaches.noindex/iphonesimulator26.0-23A339-3885c01c3e6b6a337905948deab2002e26257891a6c027eb51374368541b8346.sdkstatcache -output-file-map /Users/shivshankarttiwari/Library/Developer/Xcode/DerivedData/IPTV-eahagpsnkamlxmesxtplqdlwxzxw/Build/Intermediates.noindex/Kingfisher.build/Debug-iphonesimulator/Kingfisher.build/Objects-normal/x86_64/Kingfisher-OutputFileMap.json -use-frontend-parseable-output -save-temps -no-color-diagnostics -explicit-module-build -module-cache-path /Users/shivshankarttiwari/Library/Developer/Xcode/DerivedData/IPTV-eahagpsnkamlxmesxtplqdlwxzxw/Build/Intermediates.noindex/SwiftExplicitPrecompiledModules -clang-scanner-module-cache-path /Users/shivshankarttiwari/Library/Developer/Xcode/DerivedData/ModuleCache.noindex -sdk-module-cache-path /Users/shivshankarttiwari/Library/Developer/Xcode/DerivedData/ModuleCache.noindex -serialize-diagnostics -emit-dependencies -emit-module -emit-module-path /Users/shivshankarttiwari/Library/Developer/Xcode/DerivedData/IPTV-eahagpsnkamlxmesxtplqdlwxzxw/Build/Intermediates.noindex/Kingfisher.build/Debug-iphonesimulator/Kingfisher.build/Objects-normal/x86_64/Kingfisher.swiftmodule -validate-clang-modules-once -clang-build-session-file /Users/shivshankarttiwari/Library/Developer/Xcode/DerivedData/ModuleCache.noindex/Session.modulevalidation -package-name kingfisher -Xcc -I/Users/shivshankarttiwari/Library/Developer/Xcode/DerivedData/IPTV-eahagpsnkamlxmesxtplqdlwxzxw/Build/Intermediates.noindex/Kingfisher.build/Debug-iphonesimulator/Kingfisher.build/swift-overrides.hmap -emit-const-values -Xfrontend -const-gather-protocols-file -Xfrontend /Users/shivshankarttiwari/Library/Developer/Xcode/DerivedData/IPTV-eahagpsnkamlxmesxtplqdlwxzxw/Build/Intermediates.noindex/Kingfisher.build/Debug-iphonesimulator/Kingfisher.build/Objects-normal/x86_64/Kingfisher_const_extract_protocols.json -Xcc -I/Users/shivshankarttiwari/Library/Developer/Xcode/DerivedData/IPTV-eahagpsnkamlxmesxtplqdlwxzxw/Build/Products/Debug-iphonesimulator/include -Xcc -I/Users/shivshankarttiwari/Library/Developer/Xcode/DerivedData/IPTV-eahagpsnkamlxmesxtplqdlwxzxw/Build/Intermediates.noindex/Kingfisher.build/Debug-iphonesimulator/Kingfisher.build/DerivedSources-normal/x86_64 -Xcc -I/Users/shivshankarttiwari/Library/Developer/Xcode/DerivedData/IPTV-eahagpsnkamlxmesxtplqdlwxzxw/Build/Intermediates.noindex/Kingfisher.build/Debug-iphonesimulator/Kingfisher.build/DerivedSources/x86_64 -Xcc -I/Users/shivshankarttiwari/Library/Developer/Xcode/DerivedData/IPTV-eahagpsnkamlxmesxtplqdlwxzxw/Build/Intermediates.noindex/Kingfisher.build/Debug-iphonesimulator/Kingfisher.build/DerivedSources -Xcc -DSWIFT_PACKAGE -Xcc -DDEBUG\=1 -emit-objc-header -emit-objc-header-path /Users/shivshankarttiwari/Library/Developer/Xcode/DerivedData/IPTV-eahagpsnkamlxmesxtplqdlwxzxw/Build/Intermediates.noindex/Kingfisher.build/Debug-iphonesimulator/Kingfisher.build/Objects-normal/x86_64/Kingfisher-Swift.h -working-directory /Users/shivshankarttiwari/Documents/Pending\ Projects/IPTV/IPTV.xcodeproj -experimental-emit-module-separately -disable-cmo

SwiftDriver\ Compilation\ Requirements Kingfisher normal arm64 com.apple.xcode.tools.swift.compiler (in target 'Kingfisher' from project 'Kingfisher')
    cd /Users/shivshankarttiwari/Documents/Pending\ Projects/IPTV/IPTV.xcodeproj
    builtin-Swift-Compilation-Requirements -- /Applications/Xcode.app/Contents/Developer/Toolchains/XcodeDefault.xctoolchain/usr/bin/swiftc -module-name Kingfisher -Onone -enforce-exclusivity\=checked @/Users/shivshankarttiwari/Library/Developer/Xcode/DerivedData/IPTV-eahagpsnkamlxmesxtplqdlwxzxw/Build/Intermediates.noindex/Kingfisher.build/Debug-iphonesimulator/Kingfisher.build/Objects-normal/arm64/Kingfisher.SwiftFileList -DSWIFT_PACKAGE -DDEBUG -DSWIFT_MODULE_RESOURCE_BUNDLE_AVAILABLE -DXcode -plugin-path /Applications/Xcode.app/Contents/Developer/Toolchains/XcodeDefault.xctoolchain/usr/lib/swift/host/plugins/testing -enable-experimental-feature DebugDescriptionMacro -sdk /Applications/Xcode.app/Contents/Developer/Platforms/iPhoneSimulator.platform/Developer/SDKs/iPhoneSimulator26.0.sdk -target arm64-apple-ios13.0-simulator -g -module-cache-path /Users/shivshankarttiwari/Library/Developer/Xcode/DerivedData/ModuleCache.noindex -Xfrontend -serialize-debugging-options -enable-testing -suppress-warnings -index-store-path /Users/shivshankarttiwari/Library/Developer/Xcode/DerivedData/IPTV-eahagpsnkamlxmesxtplqdlwxzxw/Index.noindex/DataStore -Xcc -D_LIBCPP_HARDENING_MODE\=_LIBCPP_HARDENING_MODE_DEBUG -swift-version 5 -I /Users/shivshankarttiwari/Library/Developer/Xcode/DerivedData/IPTV-eahagpsnkamlxmesxtplqdlwxzxw/Build/Products/Debug-iphonesimulator -Isystem /Applications/Xcode.app/Contents/Developer/Platforms/iPhoneSimulator.platform/Developer/usr/lib -F /Users/shivshankarttiwari/Library/Developer/Xcode/DerivedData/IPTV-eahagpsnkamlxmesxtplqdlwxzxw/Build/Products/Debug-iphonesimulator -F /Applications/Xcode.app/Contents/Developer/Platforms/iPhoneSimulator.platform/Developer/Library/Frameworks -F /Applications/Xcode.app/Contents/Developer/Platforms/iPhoneSimulator.platform/Developer/SDKs/iPhoneSimulator26.0.sdk/Developer/Library/Frameworks -c -j10 -enable-batch-mode -incremental -Xcc -ivfsstatcache -Xcc /Users/shivshankarttiwari/Library/Developer/Xcode/DerivedData/SDKStatCaches.noindex/iphonesimulator26.0-23A339-3885c01c3e6b6a337905948deab2002e26257891a6c027eb51374368541b8346.sdkstatcache -output-file-map /Users/shivshankarttiwari/Library/Developer/Xcode/DerivedData/IPTV-eahagpsnkamlxmesxtplqdlwxzxw/Build/Intermediates.noindex/Kingfisher.build/Debug-iphonesimulator/Kingfisher.build/Objects-normal/arm64/Kingfisher-OutputFileMap.json -use-frontend-parseable-output -save-temps -no-color-diagnostics -explicit-module-build -module-cache-path /Users/shivshankarttiwari/Library/Developer/Xcode/DerivedData/IPTV-eahagpsnkamlxmesxtplqdlwxzxw/Build/Intermediates.noindex/SwiftExplicitPrecompiledModules -clang-scanner-module-cache-path /Users/shivshankarttiwari/Library/Developer/Xcode/DerivedData/ModuleCache.noindex -sdk-module-cache-path /Users/shivshankarttiwari/Library/Developer/Xcode/DerivedData/ModuleCache.noindex -serialize-diagnostics -emit-dependencies -emit-module -emit-module-path /Users/shivshankarttiwari/Library/Developer/Xcode/DerivedData/IPTV-eahagpsnkamlxmesxtplqdlwxzxw/Build/Intermediates.noindex/Kingfisher.build/Debug-iphonesimulator/Kingfisher.build/Objects-normal/arm64/Kingfisher.swiftmodule -validate-clang-modules-once -clang-build-session-file /Users/shivshankarttiwari/Library/Developer/Xcode/DerivedData/ModuleCache.noindex/Session.modulevalidation -package-name kingfisher -Xcc -I/Users/shivshankarttiwari/Library/Developer/Xcode/DerivedData/IPTV-eahagpsnkamlxmesxtplqdlwxzxw/Build/Intermediates.noindex/Kingfisher.build/Debug-iphonesimulator/Kingfisher.build/swift-overrides.hmap -emit-const-values -Xfrontend -const-gather-protocols-file -Xfrontend /Users/shivshankarttiwari/Library/Developer/Xcode/DerivedData/IPTV-eahagpsnkamlxmesxtplqdlwxzxw/Build/Intermediates.noindex/Kingfisher.build/Debug-iphonesimulator/Kingfisher.build/Objects-normal/arm64/Kingfisher_const_extract_protocols.json -Xcc -I/Users/shivshankarttiwari/Library/Developer/Xcode/DerivedData/IPTV-eahagpsnkamlxmesxtplqdlwxzxw/Build/Products/Debug-iphonesimulator/include -Xcc -I/Users/shivshankarttiwari/Library/Developer/Xcode/DerivedData/IPTV-eahagpsnkamlxmesxtplqdlwxzxw/Build/Intermediates.noindex/Kingfisher.build/Debug-iphonesimulator/Kingfisher.build/DerivedSources-normal/arm64 -Xcc -I/Users/shivshankarttiwari/Library/Developer/Xcode/DerivedData/IPTV-eahagpsnkamlxmesxtplqdlwxzxw/Build/Intermediates.noindex/Kingfisher.build/Debug-iphonesimulator/Kingfisher.build/DerivedSources/arm64 -Xcc -I/Users/shivshankarttiwari/Library/Developer/Xcode/DerivedData/IPTV-eahagpsnkamlxmesxtplqdlwxzxw/Build/Intermediates.noindex/Kingfisher.build/Debug-iphonesimulator/Kingfisher.build/DerivedSources -Xcc -DSWIFT_PACKAGE -Xcc -DDEBUG\=1 -emit-objc-header -emit-objc-header-path /Users/shivshankarttiwari/Library/Developer/Xcode/DerivedData/IPTV-eahagpsnkamlxmesxtplqdlwxzxw/Build/Intermediates.noindex/Kingfisher.build/Debug-iphonesimulator/Kingfisher.build/Objects-normal/arm64/Kingfisher-Swift.h -working-directory /Users/shivshankarttiwari/Documents/Pending\ Projects/IPTV/IPTV.xcodeproj -experimental-emit-module-separately -disable-cmo

SwiftDriver\ Compilation Kingfisher normal arm64 com.apple.xcode.tools.swift.compiler (in target 'Kingfisher' from project 'Kingfisher')
    cd /Users/shivshankarttiwari/Documents/Pending\ Projects/IPTV/IPTV.xcodeproj
    builtin-Swift-Compilation -- /Applications/Xcode.app/Contents/Developer/Toolchains/XcodeDefault.xctoolchain/usr/bin/swiftc -module-name Kingfisher -Onone -enforce-exclusivity\=checked @/Users/shivshankarttiwari/Library/Developer/Xcode/DerivedData/IPTV-eahagpsnkamlxmesxtplqdlwxzxw/Build/Intermediates.noindex/Kingfisher.build/Debug-iphonesimulator/Kingfisher.build/Objects-normal/arm64/Kingfisher.SwiftFileList -DSWIFT_PACKAGE -DDEBUG -DSWIFT_MODULE_RESOURCE_BUNDLE_AVAILABLE -DXcode -plugin-path /Applications/Xcode.app/Contents/Developer/Toolchains/XcodeDefault.xctoolchain/usr/lib/swift/host/plugins/testing -enable-experimental-feature DebugDescriptionMacro -sdk /Applications/Xcode.app/Contents/Developer/Platforms/iPhoneSimulator.platform/Developer/SDKs/iPhoneSimulator26.0.sdk -target arm64-apple-ios13.0-simulator -g -module-cache-path /Users/shivshankarttiwari/Library/Developer/Xcode/DerivedData/ModuleCache.noindex -Xfrontend -serialize-debugging-options -enable-testing -suppress-warnings -index-store-path /Users/shivshankarttiwari/Library/Developer/Xcode/DerivedData/IPTV-eahagpsnkamlxmesxtplqdlwxzxw/Index.noindex/DataStore -Xcc -D_LIBCPP_HARDENING_MODE\=_LIBCPP_HARDENING_MODE_DEBUG -swift-version 5 -I /Users/shivshankarttiwari/Library/Developer/Xcode/DerivedData/IPTV-eahagpsnkamlxmesxtplqdlwxzxw/Build/Products/Debug-iphonesimulator -Isystem /Applications/Xcode.app/Contents/Developer/Platforms/iPhoneSimulator.platform/Developer/usr/lib -F /Users/shivshankarttiwari/Library/Developer/Xcode/DerivedData/IPTV-eahagpsnkamlxmesxtplqdlwxzxw/Build/Products/Debug-iphonesimulator -F /Applications/Xcode.app/Contents/Developer/Platforms/iPhoneSimulator.platform/Developer/Library/Frameworks -F /Applications/Xcode.app/Contents/Developer/Platforms/iPhoneSimulator.platform/Developer/SDKs/iPhoneSimulator26.0.sdk/Developer/Library/Frameworks -c -j10 -enable-batch-mode -incremental -Xcc -ivfsstatcache -Xcc /Users/shivshankarttiwari/Library/Developer/Xcode/DerivedData/SDKStatCaches.noindex/iphonesimulator26.0-23A339-3885c01c3e6b6a337905948deab2002e26257891a6c027eb51374368541b8346.sdkstatcache -output-file-map /Users/shivshankarttiwari/Library/Developer/Xcode/DerivedData/IPTV-eahagpsnkamlxmesxtplqdlwxzxw/Build/Intermediates.noindex/Kingfisher.build/Debug-iphonesimulator/Kingfisher.build/Objects-normal/arm64/Kingfisher-OutputFileMap.json -use-frontend-parseable-output -save-temps -no-color-diagnostics -explicit-module-build -module-cache-path /Users/shivshankarttiwari/Library/Developer/Xcode/DerivedData/IPTV-eahagpsnkamlxmesxtplqdlwxzxw/Build/Intermediates.noindex/SwiftExplicitPrecompiledModules -clang-scanner-module-cache-path /Users/shivshankarttiwari/Library/Developer/Xcode/DerivedData/ModuleCache.noindex -sdk-module-cache-path /Users/shivshankarttiwari/Library/Developer/Xcode/DerivedData/ModuleCache.noindex -serialize-diagnostics -emit-dependencies -emit-module -emit-module-path /Users/shivshankarttiwari/Library/Developer/Xcode/DerivedData/IPTV-eahagpsnkamlxmesxtplqdlwxzxw/Build/Intermediates.noindex/Kingfisher.build/Debug-iphonesimulator/Kingfisher.build/Objects-normal/arm64/Kingfisher.swiftmodule -validate-clang-modules-once -clang-build-session-file /Users/shivshankarttiwari/Library/Developer/Xcode/DerivedData/ModuleCache.noindex/Session.modulevalidation -package-name kingfisher -Xcc -I/Users/shivshankarttiwari/Library/Developer/Xcode/DerivedData/IPTV-eahagpsnkamlxmesxtplqdlwxzxw/Build/Intermediates.noindex/Kingfisher.build/Debug-iphonesimulator/Kingfisher.build/swift-overrides.hmap -emit-const-values -Xfrontend -const-gather-protocols-file -Xfrontend /Users/shivshankarttiwari/Library/Developer/Xcode/DerivedData/IPTV-eahagpsnkamlxmesxtplqdlwxzxw/Build/Intermediates.noindex/Kingfisher.build/Debug-iphonesimulator/Kingfisher.build/Objects-normal/arm64/Kingfisher_const_extract_protocols.json -Xcc -I/Users/shivshankarttiwari/Library/Developer/Xcode/DerivedData/IPTV-eahagpsnkamlxmesxtplqdlwxzxw/Build/Products/Debug-iphonesimulator/include -Xcc -I/Users/shivshankarttiwari/Library/Developer/Xcode/DerivedData/IPTV-eahagpsnkamlxmesxtplqdlwxzxw/Build/Intermediates.noindex/Kingfisher.build/Debug-iphonesimulator/Kingfisher.build/DerivedSources-normal/arm64 -Xcc -I/Users/shivshankarttiwari/Library/Developer/Xcode/DerivedData/IPTV-eahagpsnkamlxmesxtplqdlwxzxw/Build/Intermediates.noindex/Kingfisher.build/Debug-iphonesimulator/Kingfisher.build/DerivedSources/arm64 -Xcc -I/Users/shivshankarttiwari/Library/Developer/Xcode/DerivedData/IPTV-eahagpsnkamlxmesxtplqdlwxzxw/Build/Intermediates.noindex/Kingfisher.build/Debug-iphonesimulator/Kingfisher.build/DerivedSources -Xcc -DSWIFT_PACKAGE -Xcc -DDEBUG\=1 -emit-objc-header -emit-objc-header-path /Users/shivshankarttiwari/Library/Developer/Xcode/DerivedData/IPTV-eahagpsnkamlxmesxtplqdlwxzxw/Build/Intermediates.noindex/Kingfisher.build/Debug-iphonesimulator/Kingfisher.build/Objects-normal/arm64/Kingfisher-Swift.h -working-directory /Users/shivshankarttiwari/Documents/Pending\ Projects/IPTV/IPTV.xcodeproj -experimental-emit-module-separately -disable-cmo

Copy /Users/shivshankarttiwari/Library/Developer/Xcode/DerivedData/IPTV-eahagpsnkamlxmesxtplqdlwxzxw/Build/Products/Debug-iphonesimulator/Kingfisher.swiftmodule/arm64-apple-ios-simulator.swiftmodule /Users/shivshankarttiwari/Library/Developer/Xcode/DerivedData/IPTV-eahagpsnkamlxmesxtplqdlwxzxw/Build/Intermediates.noindex/Kingfisher.build/Debug-iphonesimulator/Kingfisher.build/Objects-normal/arm64/Kingfisher.swiftmodule (in target 'Kingfisher' from project 'Kingfisher')
    cd /Users/shivshankarttiwari/Library/Developer/Xcode/DerivedData/IPTV-eahagpsnkamlxmesxtplqdlwxzxw/SourcePackages/checkouts/Kingfisher
    builtin-copy -exclude .DS_Store -exclude CVS -exclude .svn -exclude .git -exclude .hg -resolve-src-symlinks -rename /Users/shivshankarttiwari/Library/Developer/Xcode/DerivedData/IPTV-eahagpsnkamlxmesxtplqdlwxzxw/Build/Intermediates.noindex/Kingfisher.build/Debug-iphonesimulator/Kingfisher.build/Objects-normal/arm64/Kingfisher.swiftmodule /Users/shivshankarttiwari/Library/Developer/Xcode/DerivedData/IPTV-eahagpsnkamlxmesxtplqdlwxzxw/Build/Products/Debug-iphonesimulator/Kingfisher.swiftmodule/arm64-apple-ios-simulator.swiftmodule

Copy /Users/shivshankarttiwari/Library/Developer/Xcode/DerivedData/IPTV-eahagpsnkamlxmesxtplqdlwxzxw/Build/Products/Debug-iphonesimulator/Kingfisher.swiftmodule/arm64-apple-ios-simulator.abi.json /Users/shivshankarttiwari/Library/Developer/Xcode/DerivedData/IPTV-eahagpsnkamlxmesxtplqdlwxzxw/Build/Intermediates.noindex/Kingfisher.build/Debug-iphonesimulator/Kingfisher.build/Objects-normal/arm64/Kingfisher.abi.json (in target 'Kingfisher' from project 'Kingfisher')
    cd /Users/shivshankarttiwari/Library/Developer/Xcode/DerivedData/IPTV-eahagpsnkamlxmesxtplqdlwxzxw/SourcePackages/checkouts/Kingfisher
    builtin-copy -exclude .DS_Store -exclude CVS -exclude .svn -exclude .git -exclude .hg -resolve-src-symlinks -rename /Users/shivshankarttiwari/Library/Developer/Xcode/DerivedData/IPTV-eahagpsnkamlxmesxtplqdlwxzxw/Build/Intermediates.noindex/Kingfisher.build/Debug-iphonesimulator/Kingfisher.build/Objects-normal/arm64/Kingfisher.abi.json /Users/shivshankarttiwari/Library/Developer/Xcode/DerivedData/IPTV-eahagpsnkamlxmesxtplqdlwxzxw/Build/Products/Debug-iphonesimulator/Kingfisher.swiftmodule/arm64-apple-ios-simulator.abi.json

Copy /Users/shivshankarttiwari/Library/Developer/Xcode/DerivedData/IPTV-eahagpsnkamlxmesxtplqdlwxzxw/Build/Products/Debug-iphonesimulator/Kingfisher.swiftmodule/arm64-apple-ios-simulator.swiftdoc /Users/shivshankarttiwari/Library/Developer/Xcode/DerivedData/IPTV-eahagpsnkamlxmesxtplqdlwxzxw/Build/Intermediates.noindex/Kingfisher.build/Debug-iphonesimulator/Kingfisher.build/Objects-normal/arm64/Kingfisher.swiftdoc (in target 'Kingfisher' from project 'Kingfisher')
    cd /Users/shivshankarttiwari/Library/Developer/Xcode/DerivedData/IPTV-eahagpsnkamlxmesxtplqdlwxzxw/SourcePackages/checkouts/Kingfisher
    builtin-copy -exclude .DS_Store -exclude CVS -exclude .svn -exclude .git -exclude .hg -resolve-src-symlinks -rename /Users/shivshankarttiwari/Library/Developer/Xcode/DerivedData/IPTV-eahagpsnkamlxmesxtplqdlwxzxw/Build/Intermediates.noindex/Kingfisher.build/Debug-iphonesimulator/Kingfisher.build/Objects-normal/arm64/Kingfisher.swiftdoc /Users/shivshankarttiwari/Library/Developer/Xcode/DerivedData/IPTV-eahagpsnkamlxmesxtplqdlwxzxw/Build/Products/Debug-iphonesimulator/Kingfisher.swiftmodule/arm64-apple-ios-simulator.swiftdoc

Copy /Users/shivshankarttiwari/Library/Developer/Xcode/DerivedData/IPTV-eahagpsnkamlxmesxtplqdlwxzxw/Build/Products/Debug-iphonesimulator/Kingfisher.swiftmodule/Project/arm64-apple-ios-simulator.swiftsourceinfo /Users/shivshankarttiwari/Library/Developer/Xcode/DerivedData/IPTV-eahagpsnkamlxmesxtplqdlwxzxw/Build/Intermediates.noindex/Kingfisher.build/Debug-iphonesimulator/Kingfisher.build/Objects-normal/arm64/Kingfisher.swiftsourceinfo (in target 'Kingfisher' from project 'Kingfisher')
    cd /Users/shivshankarttiwari/Library/Developer/Xcode/DerivedData/IPTV-eahagpsnkamlxmesxtplqdlwxzxw/SourcePackages/checkouts/Kingfisher
    builtin-copy -exclude .DS_Store -exclude CVS -exclude .svn -exclude .git -exclude .hg -resolve-src-symlinks -rename /Users/shivshankarttiwari/Library/Developer/Xcode/DerivedData/IPTV-eahagpsnkamlxmesxtplqdlwxzxw/Build/Intermediates.noindex/Kingfisher.build/Debug-iphonesimulator/Kingfisher.build/Objects-normal/arm64/Kingfisher.swiftsourceinfo /Users/shivshankarttiwari/Library/Developer/Xcode/DerivedData/IPTV-eahagpsnkamlxmesxtplqdlwxzxw/Build/Products/Debug-iphonesimulator/Kingfisher.swiftmodule/Project/arm64-apple-ios-simulator.swiftsourceinfo

SwiftExplicitDependencyGeneratePcm x86_64 /Users/shivshankarttiwari/Library/Developer/Xcode/DerivedData/ModuleCache.noindex/ptrauth-5MCO0OT4G4RHR7HGJNYWLNTP6.pcm

SwiftExplicitDependencyGeneratePcm x86_64 /Users/shivshankarttiwari/Library/Developer/Xcode/DerivedData/ModuleCache.noindex/_SwiftConcurrencyShims-ENPZ6CD3ORSBTPY0BOGI5Z079.pcm

SwiftExplicitDependencyGeneratePcm x86_64 /Users/shivshankarttiwari/Library/Developer/Xcode/DerivedData/ModuleCache.noindex/SwiftShims-4V50XYODGYSH2LM9C0OE7AQOE.pcm

SwiftExplicitDependencyGeneratePcm x86_64 /Users/shivshankarttiwari/Library/Developer/Xcode/DerivedData/ModuleCache.noindex/_Builtin_stdbool-3PI6DGO4F3907G1QPM8UQYP25.pcm

SwiftExplicitDependencyGeneratePcm x86_64 /Users/shivshankarttiwari/Library/Developer/Xcode/DerivedData/ModuleCache.noindex/ptrcheck-2OC34XT1UBXL3VENNEA7GK35H.pcm

SwiftExplicitDependencyGeneratePcm x86_64 /Users/shivshankarttiwari/Library/Developer/Xcode/DerivedData/ModuleCache.noindex/_AvailabilityInternal-5U557DBZIT2W2CBTAET9UEAYP.pcm

SwiftExplicitDependencyGeneratePcm x86_64 /Users/shivshankarttiwari/Library/Developer/Xcode/DerivedData/ModuleCache.noindex/_Builtin_stdarg-A29DS9O303X4D5FIPACY79AQ8.pcm

SwiftExplicitDependencyGeneratePcm x86_64 /Users/shivshankarttiwari/Library/Developer/Xcode/DerivedData/ModuleCache.noindex/_Builtin_float-A4RHYAOJHTNZHKVLMFUW7MBHU.pcm

SwiftExplicitDependencyGeneratePcm x86_64 /Users/shivshankarttiwari/Library/Developer/Xcode/DerivedData/ModuleCache.noindex/_Builtin_stddef-3IIYIBQO6LOZ1JAKZM58M64GS.pcm

SwiftExplicitDependencyGeneratePcm x86_64 /Users/shivshankarttiwari/Library/Developer/Xcode/DerivedData/ModuleCache.noindex/DeveloperToolsSupport-4KDFTL1F60HHKZC42O28UR6YY.pcm

SwiftExplicitDependencyGeneratePcm x86_64 /Users/shivshankarttiwari/Library/Developer/Xcode/DerivedData/ModuleCache.noindex/_DarwinFoundation1-8063Y5SUEWPCXNIQ8AGY8Y0LL.pcm

SwiftExplicitDependencyGeneratePcm x86_64 /Users/shivshankarttiwari/Library/Developer/Xcode/DerivedData/ModuleCache.noindex/_DarwinFoundation2-AZB2Y3HOBSTTVQY7YDB1LHRV5.pcm

SwiftExplicitDependencyGeneratePcm x86_64 /Users/shivshankarttiwari/Library/Developer/Xcode/DerivedData/ModuleCache.noindex/_Builtin_limits-ECU0HFO8I8UO06J4Z8T0O18PK.pcm

SwiftExplicitDependencyGeneratePcm x86_64 /Users/shivshankarttiwari/Library/Developer/Xcode/DerivedData/ModuleCache.noindex/sys_types-7OEUM4OQEAOJ50EOFF8L9WFDJ.pcm

SwiftExplicitDependencyGeneratePcm x86_64 /Users/shivshankarttiwari/Library/Developer/Xcode/DerivedData/ModuleCache.noindex/_Builtin_stdint-AS7HJWXFB48XJRMMVBSLAGGG4.pcm

SwiftExplicitDependencyGeneratePcm x86_64 /Users/shivshankarttiwari/Library/Developer/Xcode/DerivedData/ModuleCache.noindex/_Builtin_tgmath-DOFZYN2PDGY05O4ZGX5UBB28S.pcm

SwiftExplicitDependencyGeneratePcm x86_64 /Users/shivshankarttiwari/Library/Developer/Xcode/DerivedData/ModuleCache.noindex/_Builtin_stdatomic-6BB0O0421X70HR1OUJCZGP7QG.pcm

SwiftExplicitDependencyGeneratePcm x86_64 /Users/shivshankarttiwari/Library/Developer/Xcode/DerivedData/ModuleCache.noindex/_DarwinFoundation3-E2P7ESIUZMZGR3Z3WT7N35ZOH.pcm

SwiftExplicitDependencyGeneratePcm x86_64 /Users/shivshankarttiwari/Library/Developer/Xcode/DerivedData/ModuleCache.noindex/_Builtin_intrinsics-1SA51QHW49ER7FJ720FQVJMDK.pcm

SwiftExplicitDependencyGeneratePcm x86_64 /Users/shivshankarttiwari/Library/Developer/Xcode/DerivedData/ModuleCache.noindex/_Builtin_inttypes-3C5LSSHI7IA1LWB6Q9EKIHVSU.pcm

SwiftExplicitDependencyGeneratePcm x86_64 /Users/shivshankarttiwari/Library/Developer/Xcode/DerivedData/ModuleCache.noindex/CommonCrypto-7J0U14O8Y4ZYRH8OBTGQVV5H7.pcm

SwiftExplicitDependencyGeneratePcm x86_64 /Users/shivshankarttiwari/Library/Developer/Xcode/DerivedData/ModuleCache.noindex/Darwin-EXIWWFRIO6ASD1ARZHTRID9YF.pcm

SwiftExplicitDependencyGeneratePcm x86_64 /Users/shivshankarttiwari/Library/Developer/Xcode/DerivedData/ModuleCache.noindex/ObjectiveC-3C64S5AOPEPZ4W3JVATCOM0EI.pcm

SwiftExplicitDependencyGeneratePcm x86_64 /Users/shivshankarttiwari/Library/Developer/Xcode/DerivedData/ModuleCache.noindex/MachO-50N6328Y4UPNOC6SEY93AU341.pcm

SwiftExplicitDependencyGeneratePcm x86_64 /Users/shivshankarttiwari/Library/Developer/Xcode/DerivedData/ModuleCache.noindex/simd-80MT9IRYZLZNA6LLNBQC94L5Q.pcm

SwiftExplicitDependencyGeneratePcm x86_64 /Users/shivshankarttiwari/Library/Developer/Xcode/DerivedData/ModuleCache.noindex/os_object-1DEUSMDO2SVVR1I821KS9XCIG.pcm

SwiftExplicitDependencyGeneratePcm x86_64 /Users/shivshankarttiwari/Library/Developer/Xcode/DerivedData/ModuleCache.noindex/os_workgroup-AMZ9XRHQ3YN47X8MTDZQ8C73F.pcm

SwiftExplicitDependencyGeneratePcm x86_64 /Users/shivshankarttiwari/Library/Developer/Xcode/DerivedData/ModuleCache.noindex/Dispatch-8PEE2SZBJRHSD46D5ZR85AJ61.pcm

SwiftExplicitDependencyGeneratePcm x86_64 /Users/shivshankarttiwari/Library/Developer/Xcode/DerivedData/ModuleCache.noindex/CoreFoundation-20DU6HYTZ2YPZ3EJ35TKDHCRN.pcm

SwiftExplicitDependencyGeneratePcm x86_64 /Users/shivshankarttiwari/Library/Developer/Xcode/DerivedData/ModuleCache.noindex/dnssd-6190DRUM8W9VK4OKDKC1QHKZY.pcm

SwiftExplicitDependencyGeneratePcm x86_64 /Users/shivshankarttiwari/Library/Developer/Xcode/DerivedData/ModuleCache.noindex/XPC-CYRN7KCXGTXEYIE8B6XLKN3OI.pcm

SwiftExplicitDependencyGeneratePcm x86_64 /Users/shivshankarttiwari/Library/Developer/Xcode/DerivedData/ModuleCache.noindex/os-EBPHD42P9WRW8H9513G3W02SL.pcm

SwiftExplicitDependencyGeneratePcm x86_64 /Users/shivshankarttiwari/Library/Developer/Xcode/DerivedData/ModuleCache.noindex/CoreGraphics-EEKJ8TVPK26V0YZQY4NOA0PIT.pcm

SwiftExplicitDependencyGeneratePcm x86_64 /Users/shivshankarttiwari/Library/Developer/Xcode/DerivedData/ModuleCache.noindex/CoreAudioTypes-F2SENCYQG1BMY5ODTC0HEJOPJ.pcm

SwiftExplicitDependencyGeneratePcm x86_64 /Users/shivshankarttiwari/Library/Developer/Xcode/DerivedData/ModuleCache.noindex/CoreServices-5DVRU9AU0J88CS1I0J4N868OG.pcm

SwiftExplicitDependencyGeneratePcm x86_64 /Users/shivshankarttiwari/Library/Developer/Xcode/DerivedData/ModuleCache.noindex/CFNetwork-7SPPDVTGOYI113KPDQ5W7AXAW.pcm

SwiftExplicitDependencyGeneratePcm x86_64 /Users/shivshankarttiwari/Library/Developer/Xcode/DerivedData/ModuleCache.noindex/Security-1IQSPSPZULBSBD3H8AJ7VO2OT.pcm

SwiftExplicitDependencyGeneratePcm x86_64 /Users/shivshankarttiwari/Library/Developer/Xcode/DerivedData/ModuleCache.noindex/Spatial-B3FVEN0WER2ZZ2WWNR6STPEHU.pcm

SwiftExplicitDependencyGeneratePcm x86_64 /Users/shivshankarttiwari/Library/Developer/Xcode/DerivedData/ModuleCache.noindex/MobileCoreServices-T5N725E14MON6B97V5SCMY22.pcm

SwiftExplicitDependencyGeneratePcm x86_64 /Users/shivshankarttiwari/Library/Developer/Xcode/DerivedData/ModuleCache.noindex/CoreAudio-6T2VQRK34B2AZUK0Y1XCJDFC1.pcm

SwiftExplicitDependencyGeneratePcm x86_64 /Users/shivshankarttiwari/Library/Developer/Xcode/DerivedData/ModuleCache.noindex/Foundation-10G9RMB843N27MJTZC02ZMNMA.pcm

SwiftExplicitDependencyGeneratePcm x86_64 /Users/shivshankarttiwari/Library/Developer/Xcode/DerivedData/ModuleCache.noindex/ImageIO-5VINXLZN6PMV66JAF3XEQ0WKX.pcm

SwiftExplicitDependencyGeneratePcm x86_64 /Users/shivshankarttiwari/Library/Developer/Xcode/DerivedData/ModuleCache.noindex/CoreText-8FV4Q4LUZW04WIUF65YNFP0ME.pcm

SwiftExplicitDependencyGeneratePcm x86_64 /Users/shivshankarttiwari/Library/Developer/Xcode/DerivedData/ModuleCache.noindex/_LocationEssentials-2LB5LI3WYRW9QKN3XMBCD57DJ.pcm

SwiftExplicitDependencyGeneratePcm x86_64 /Users/shivshankarttiwari/Library/Developer/Xcode/DerivedData/ModuleCache.noindex/UserNotifications-9V5IO7L4CVB0KJDX00P3T9S4X.pcm

SwiftExplicitDependencyGeneratePcm x86_64 /Users/shivshankarttiwari/Library/Developer/Xcode/DerivedData/ModuleCache.noindex/DataDetection-5MWBWFYVFPNK5UGH5AQ9C7AMK.pcm

SwiftExplicitDependencyGeneratePcm x86_64 /Users/shivshankarttiwari/Library/Developer/Xcode/DerivedData/ModuleCache.noindex/FileProvider-35D5WIK04HVDG983KCBHL6CKZ.pcm

SwiftExplicitDependencyGeneratePcm x86_64 /Users/shivshankarttiwari/Library/Developer/Xcode/DerivedData/ModuleCache.noindex/CoreTransferable-4GGNUWV1GZXU5KFT0NYY4SHXK.pcm

SwiftExplicitDependencyGeneratePcm x86_64 /Users/shivshankarttiwari/Library/Developer/Xcode/DerivedData/ModuleCache.noindex/Network-9DCXAC9VQ6DBWXP69IZ3413WE.pcm

SwiftExplicitDependencyGeneratePcm x86_64 /Users/shivshankarttiwari/Library/Developer/Xcode/DerivedData/ModuleCache.noindex/IOSurface-8F30OV1WU5YGTD81UUU8YURY8.pcm

SwiftExplicitDependencyGeneratePcm x86_64 /Users/shivshankarttiwari/Library/Developer/Xcode/DerivedData/ModuleCache.noindex/OpenGLES-JCWGA54HOQWV3WR1F5ZFBYR9.pcm

SwiftExplicitDependencyGeneratePcm x86_64 /Users/shivshankarttiwari/Library/Developer/Xcode/DerivedData/ModuleCache.noindex/CoreData-AAUJO78O0S7WTIWCD6I9OZLUR.pcm

SwiftExplicitDependencyGeneratePcm x86_64 /Users/shivshankarttiwari/Library/Developer/Xcode/DerivedData/ModuleCache.noindex/OSLog-8SFMX73KLLFH8NB2JUXP8NCZD.pcm

SwiftExplicitDependencyGeneratePcm x86_64 /Users/shivshankarttiwari/Library/Developer/Xcode/DerivedData/ModuleCache.noindex/Accessibility-12EJ343OLBS7U77OZEZFI5Q2D.pcm

SwiftExplicitDependencyGeneratePcm x86_64 /Users/shivshankarttiwari/Library/Developer/Xcode/DerivedData/ModuleCache.noindex/Symbols-69KVEVMNO8MPHGH5RWFWQF186.pcm

SwiftExplicitDependencyGeneratePcm x86_64 /Users/shivshankarttiwari/Library/Developer/Xcode/DerivedData/ModuleCache.noindex/CoreLocation-12F164M762I057WBXGNLLADFY.pcm

SwiftExplicitDependencyGeneratePcm x86_64 /Users/shivshankarttiwari/Library/Developer/Xcode/DerivedData/ModuleCache.noindex/UIUtilities-6VLJV8Q608ESK4I25HKJ8YYM7.pcm

SwiftExplicitDependencyGeneratePcm x86_64 /Users/shivshankarttiwari/Library/Developer/Xcode/DerivedData/ModuleCache.noindex/UniformTypeIdentifiers-ZRL7IWGCYX5NES1BNVXQONUJ.pcm

SwiftExplicitDependencyGeneratePcm x86_64 /Users/shivshankarttiwari/Library/Developer/Xcode/DerivedData/ModuleCache.noindex/Metal-4B53ZIXNIY7YOJ7PV93DVZFBP.pcm

SwiftExplicitDependencyGeneratePcm x86_64 /Users/shivshankarttiwari/Library/Developer/Xcode/DerivedData/ModuleCache.noindex/CoreMIDI-27NDOCW46GWI89COBVAA3DLRT.pcm

SwiftExplicitDependencyGeneratePcm x86_64 /Users/shivshankarttiwari/Library/Developer/Xcode/DerivedData/ModuleCache.noindex/LocalAuthentication-99R5IQZED5FXHQ86IA1JJZ8OG.pcm

SwiftExplicitDependencyGeneratePcm x86_64 /Users/shivshankarttiwari/Library/Developer/Xcode/DerivedData/ModuleCache.noindex/AVRouting-57KAYKXDRMDKN66OTHXW99C8G.pcm

SwiftExplicitDependencyGeneratePcm x86_64 /Users/shivshankarttiwari/Library/Developer/Xcode/DerivedData/ModuleCache.noindex/AudioToolbox-BWPBQUG9U6KQMBKTFQGC5KKU8.pcm

SwiftExplicitDependencyGeneratePcm x86_64 /Users/shivshankarttiwari/Library/Developer/Xcode/DerivedData/ModuleCache.noindex/CoreVideo-5EGHA4LI3ISZVORVPTSIFFQPW.pcm

SwiftExplicitDependencyGeneratePcm x86_64 /Users/shivshankarttiwari/Library/Developer/Xcode/DerivedData/ModuleCache.noindex/Accelerate-E5DQW0YEQWO8DI8LXGR6UC9PQ.pcm

SwiftExplicitDependencyGeneratePcm x86_64 /Users/shivshankarttiwari/Library/Developer/Xcode/DerivedData/ModuleCache.noindex/QuartzCore-9V45ON319Y8UZ3S8FSQY0REU6.pcm

SwiftExplicitDependencyGeneratePcm x86_64 /Users/shivshankarttiwari/Library/Developer/Xcode/DerivedData/ModuleCache.noindex/CoreMedia-8PXKXRHUPE46FCUFPBMZ98VGJ.pcm

SwiftExplicitDependencyGeneratePcm x86_64 /Users/shivshankarttiwari/Library/Developer/Xcode/DerivedData/ModuleCache.noindex/CoreImage-DAMI760HR91UQ1LVLPKZEGYK6.pcm

SwiftExplicitDependencyGeneratePcm x86_64 /Users/shivshankarttiwari/Library/Developer/Xcode/DerivedData/ModuleCache.noindex/SwiftUICore-Z7DBGJOSHBYLJW9BCRYTJVFB.pcm

SwiftExplicitDependencyGeneratePcm x86_64 /Users/shivshankarttiwari/Library/Developer/Xcode/DerivedData/ModuleCache.noindex/UIKit-2MOYIMV5A14I63JNRXE2I5CFE.pcm

SwiftExplicitDependencyGeneratePcm x86_64 /Users/shivshankarttiwari/Library/Developer/Xcode/DerivedData/ModuleCache.noindex/AVFAudio-5TJXRUEYN6Q3295KH05ZK1CFL.pcm

SwiftExplicitDependencyGeneratePcm x86_64 /Users/shivshankarttiwari/Library/Developer/Xcode/DerivedData/ModuleCache.noindex/MediaToolbox-CJNA79BTJSJE98BJBN531VLF3.pcm

SwiftExplicitDependencyGeneratePcm x86_64 /Users/shivshankarttiwari/Library/Developer/Xcode/DerivedData/ModuleCache.noindex/AVFoundation-4HLBEM4HO52PK59BMMXE7A8UT.pcm

SwiftExplicitDependencyGeneratePcm x86_64 /Users/shivshankarttiwari/Library/Developer/Xcode/DerivedData/ModuleCache.noindex/Photos-5D300TG4UFEH78GYO5PIDD6PX.pcm

SwiftExplicitDependencyGeneratePcm x86_64 /Users/shivshankarttiwari/Library/Developer/Xcode/DerivedData/ModuleCache.noindex/MapKit-2GNG8LN8OCO4IFTZTILU55WLO.pcm

SwiftExplicitDependencyGeneratePcm x86_64 /Users/shivshankarttiwari/Library/Developer/Xcode/DerivedData/ModuleCache.noindex/SwiftUI-33K4MFC7Y4AZ4VIMYLSZNW67R.pcm

SwiftExplicitDependencyGeneratePcm x86_64 /Users/shivshankarttiwari/Library/Developer/Xcode/DerivedData/ModuleCache.noindex/PhotosUI-7JX2F6YUVI2RD56QU84QX3CG8.pcm

SwiftExplicitDependencyGeneratePcm x86_64 /Users/shivshankarttiwari/Library/Developer/Xcode/DerivedData/ModuleCache.noindex/AVKit-995BHD6RCGRB0VR36VF3JRIXK.pcm

SwiftExplicitDependencyGeneratePcm x86_64 /Users/shivshankarttiwari/Library/Developer/Xcode/DerivedData/ModuleCache.noindex/CarPlay-27R8ELVSBQFFLT0MIG4TA1MQ0.pcm

SwiftCompile normal x86_64 Compiling\ Result.swift,\ Runtime.swift,\ SizeExtensions.swift,\ String+SHA256.swift,\ AnimatedImageView.swift,\ Indicator.swift /Users/shivshankarttiwari/Library/Developer/Xcode/DerivedData/IPTV-eahagpsnkamlxmesxtplqdlwxzxw/SourcePackages/checkouts/Kingfisher/Sources/Utility/Result.swift /Users/shivshankarttiwari/Library/Developer/Xcode/DerivedData/IPTV-eahagpsnkamlxmesxtplqdlwxzxw/SourcePackages/checkouts/Kingfisher/Sources/Utility/Runtime.swift /Users/shivshankarttiwari/Library/Developer/Xcode/DerivedData/IPTV-eahagpsnkamlxmesxtplqdlwxzxw/SourcePackages/checkouts/Kingfisher/Sources/Utility/SizeExtensions.swift /Users/shivshankarttiwari/Library/Developer/Xcode/DerivedData/IPTV-eahagpsnkamlxmesxtplqdlwxzxw/SourcePackages/checkouts/Kingfisher/Sources/Utility/String+SHA256.swift /Users/shivshankarttiwari/Library/Developer/Xcode/DerivedData/IPTV-eahagpsnkamlxmesxtplqdlwxzxw/SourcePackages/checkouts/Kingfisher/Sources/Views/AnimatedImageView.swift /Users/shivshankarttiwari/Library/Developer/Xcode/DerivedData/IPTV-eahagpsnkamlxmesxtplqdlwxzxw/SourcePackages/checkouts/Kingfisher/Sources/Views/Indicator.swift (in target 'Kingfisher' from project 'Kingfisher')

SwiftCompile normal x86_64 /Users/shivshankarttiwari/Library/Developer/Xcode/DerivedData/IPTV-eahagpsnkamlxmesxtplqdlwxzxw/SourcePackages/checkouts/Kingfisher/Sources/Utility/Result.swift (in target 'Kingfisher' from project 'Kingfisher')
    cd /Users/shivshankarttiwari/Documents/Pending\ Projects/IPTV/IPTV.xcodeproj
    

SwiftCompile normal x86_64 /Users/shivshankarttiwari/Library/Developer/Xcode/DerivedData/IPTV-eahagpsnkamlxmesxtplqdlwxzxw/SourcePackages/checkouts/Kingfisher/Sources/Utility/Runtime.swift (in target 'Kingfisher' from project 'Kingfisher')
    cd /Users/shivshankarttiwari/Documents/Pending\ Projects/IPTV/IPTV.xcodeproj
    

SwiftCompile normal x86_64 /Users/shivshankarttiwari/Library/Developer/Xcode/DerivedData/IPTV-eahagpsnkamlxmesxtplqdlwxzxw/SourcePackages/checkouts/Kingfisher/Sources/Utility/SizeExtensions.swift (in target 'Kingfisher' from project 'Kingfisher')
    cd /Users/shivshankarttiwari/Documents/Pending\ Projects/IPTV/IPTV.xcodeproj
    

SwiftCompile normal x86_64 /Users/shivshankarttiwari/Library/Developer/Xcode/DerivedData/IPTV-eahagpsnkamlxmesxtplqdlwxzxw/SourcePackages/checkouts/Kingfisher/Sources/Utility/String+SHA256.swift (in target 'Kingfisher' from project 'Kingfisher')
    cd /Users/shivshankarttiwari/Documents/Pending\ Projects/IPTV/IPTV.xcodeproj
    

SwiftCompile normal x86_64 /Users/shivshankarttiwari/Library/Developer/Xcode/DerivedData/IPTV-eahagpsnkamlxmesxtplqdlwxzxw/SourcePackages/checkouts/Kingfisher/Sources/Views/AnimatedImageView.swift (in target 'Kingfisher' from project 'Kingfisher')
    cd /Users/shivshankarttiwari/Documents/Pending\ Projects/IPTV/IPTV.xcodeproj
    

SwiftCompile normal x86_64 /Users/shivshankarttiwari/Library/Developer/Xcode/DerivedData/IPTV-eahagpsnkamlxmesxtplqdlwxzxw/SourcePackages/checkouts/Kingfisher/Sources/Views/Indicator.swift (in target 'Kingfisher' from project 'Kingfisher')
    cd /Users/shivshankarttiwari/Documents/Pending\ Projects/IPTV/IPTV.xcodeproj
    

SwiftEmitModule normal x86_64 Emitting\ module\ for\ Kingfisher (in target 'Kingfisher' from project 'Kingfisher')

EmitSwiftModule normal x86_64 (in target 'Kingfisher' from project 'Kingfisher')
    cd /Users/shivshankarttiwari/Documents/Pending\ Projects/IPTV/IPTV.xcodeproj
    

SwiftCompile normal x86_64 Compiling\ SessionDataTask.swift,\ SessionDelegate.swift,\ ImageBinder.swift,\ ImageContext.swift,\ KFAnimatedImage.swift,\ KFImage.swift,\ KFImageOptions.swift /Users/shivshankarttiwari/Library/Developer/Xcode/DerivedData/IPTV-eahagpsnkamlxmesxtplqdlwxzxw/SourcePackages/checkouts/Kingfisher/Sources/Networking/SessionDataTask.swift /Users/shivshankarttiwari/Library/Developer/Xcode/DerivedData/IPTV-eahagpsnkamlxmesxtplqdlwxzxw/SourcePackages/checkouts/Kingfisher/Sources/Networking/SessionDelegate.swift /Users/shivshankarttiwari/Library/Developer/Xcode/DerivedData/IPTV-eahagpsnkamlxmesxtplqdlwxzxw/SourcePackages/checkouts/Kingfisher/Sources/SwiftUI/ImageBinder.swift /Users/shivshankarttiwari/Library/Developer/Xcode/DerivedData/IPTV-eahagpsnkamlxmesxtplqdlwxzxw/SourcePackages/checkouts/Kingfisher/Sources/SwiftUI/ImageContext.swift /Users/shivshankarttiwari/Library/Developer/Xcode/DerivedData/IPTV-eahagpsnkamlxmesxtplqdlwxzxw/SourcePackages/checkouts/Kingfisher/Sources/SwiftUI/KFAnimatedImage.swift /Users/shivshankarttiwari/Library/Developer/Xcode/DerivedData/IPTV-eahagpsnkamlxmesxtplqdlwxzxw/SourcePackages/checkouts/Kingfisher/Sources/SwiftUI/KFImage.swift /Users/shivshankarttiwari/Library/Developer/Xcode/DerivedData/IPTV-eahagpsnkamlxmesxtplqdlwxzxw/SourcePackages/checkouts/Kingfisher/Sources/SwiftUI/KFImageOptions.swift (in target 'Kingfisher' from project 'Kingfisher')
SwiftCompile normal x86_64 /Users/shivshankarttiwari/Library/Developer/Xcode/DerivedData/IPTV-eahagpsnkamlxmesxtplqdlwxzxw/SourcePackages/checkouts/Kingfisher/Sources/Networking/SessionDataTask.swift (in target 'Kingfisher' from project 'Kingfisher')
    cd /Users/shivshankarttiwari/Documents/Pending\ Projects/IPTV/IPTV.xcodeproj
    

SwiftCompile normal x86_64 /Users/shivshankarttiwari/Library/Developer/Xcode/DerivedData/IPTV-eahagpsnkamlxmesxtplqdlwxzxw/SourcePackages/checkouts/Kingfisher/Sources/Networking/SessionDelegate.swift (in target 'Kingfisher' from project 'Kingfisher')
    cd /Users/shivshankarttiwari/Documents/Pending\ Projects/IPTV/IPTV.xcodeproj
    

SwiftCompile normal x86_64 /Users/shivshankarttiwari/Library/Developer/Xcode/DerivedData/IPTV-eahagpsnkamlxmesxtplqdlwxzxw/SourcePackages/checkouts/Kingfisher/Sources/SwiftUI/ImageBinder.swift (in target 'Kingfisher' from project 'Kingfisher')
    cd /Users/shivshankarttiwari/Documents/Pending\ Projects/IPTV/IPTV.xcodeproj
    

SwiftCompile normal x86_64 /Users/shivshankarttiwari/Library/Developer/Xcode/DerivedData/IPTV-eahagpsnkamlxmesxtplqdlwxzxw/SourcePackages/checkouts/Kingfisher/Sources/SwiftUI/ImageContext.swift (in target 'Kingfisher' from project 'Kingfisher')
    cd /Users/shivshankarttiwari/Documents/Pending\ Projects/IPTV/IPTV.xcodeproj
    

SwiftCompile normal x86_64 /Users/shivshankarttiwari/Library/Developer/Xcode/DerivedData/IPTV-eahagpsnkamlxmesxtplqdlwxzxw/SourcePackages/checkouts/Kingfisher/Sources/SwiftUI/KFAnimatedImage.swift (in target 'Kingfisher' from project 'Kingfisher')
    cd /Users/shivshankarttiwari/Documents/Pending\ Projects/IPTV/IPTV.xcodeproj
    

SwiftCompile normal x86_64 /Users/shivshankarttiwari/Library/Developer/Xcode/DerivedData/IPTV-eahagpsnkamlxmesxtplqdlwxzxw/SourcePackages/checkouts/Kingfisher/Sources/SwiftUI/KFImage.swift (in target 'Kingfisher' from project 'Kingfisher')
    cd /Users/shivshankarttiwari/Documents/Pending\ Projects/IPTV/IPTV.xcodeproj
    

SwiftCompile normal x86_64 /Users/shivshankarttiwari/Library/Developer/Xcode/DerivedData/IPTV-eahagpsnkamlxmesxtplqdlwxzxw/SourcePackages/checkouts/Kingfisher/Sources/SwiftUI/KFImageOptions.swift (in target 'Kingfisher' from project 'Kingfisher')
    cd /Users/shivshankarttiwari/Documents/Pending\ Projects/IPTV/IPTV.xcodeproj
    

SwiftCompile normal x86_64 Compiling\ ImageTransition.swift,\ Placeholder.swift,\ AuthenticationChallengeResponsable.swift,\ ImageDataProcessor.swift,\ ImageDownloader+LivePhoto.swift,\ ImageDownloader.swift,\ ImageDownloaderDelegate.swift /Users/shivshankarttiwari/Library/Developer/Xcode/DerivedData/IPTV-eahagpsnkamlxmesxtplqdlwxzxw/SourcePackages/checkouts/Kingfisher/Sources/Image/ImageTransition.swift /Users/shivshankarttiwari/Library/Developer/Xcode/DerivedData/IPTV-eahagpsnkamlxmesxtplqdlwxzxw/SourcePackages/checkouts/Kingfisher/Sources/Image/Placeholder.swift /Users/shivshankarttiwari/Library/Developer/Xcode/DerivedData/IPTV-eahagpsnkamlxmesxtplqdlwxzxw/SourcePackages/checkouts/Kingfisher/Sources/Networking/AuthenticationChallengeResponsable.swift /Users/shivshankarttiwari/Library/Developer/Xcode/DerivedData/IPTV-eahagpsnkamlxmesxtplqdlwxzxw/SourcePackages/checkouts/Kingfisher/Sources/Networking/ImageDataProcessor.swift /Users/shivshankarttiwari/Library/Developer/Xcode/DerivedData/IPTV-eahagpsnkamlxmesxtplqdlwxzxw/SourcePackages/checkouts/Kingfisher/Sources/Networking/ImageDownloader+LivePhoto.swift /Users/shivshankarttiwari/Library/Developer/Xcode/DerivedData/IPTV-eahagpsnkamlxmesxtplqdlwxzxw/SourcePackages/checkouts/Kingfisher/Sources/Networking/ImageDownloader.swift /Users/shivshankarttiwari/Library/Developer/Xcode/DerivedData/IPTV-eahagpsnkamlxmesxtplqdlwxzxw/SourcePackages/checkouts/Kingfisher/Sources/Networking/ImageDownloaderDelegate.swift (in target 'Kingfisher' from project 'Kingfisher')

SwiftCompile normal x86_64 /Users/shivshankarttiwari/Library/Developer/Xcode/DerivedData/IPTV-eahagpsnkamlxmesxtplqdlwxzxw/SourcePackages/checkouts/Kingfisher/Sources/Image/ImageTransition.swift (in target 'Kingfisher' from project 'Kingfisher')
    cd /Users/shivshankarttiwari/Documents/Pending\ Projects/IPTV/IPTV.xcodeproj
    

SwiftCompile normal x86_64 /Users/shivshankarttiwari/Library/Developer/Xcode/DerivedData/IPTV-eahagpsnkamlxmesxtplqdlwxzxw/SourcePackages/checkouts/Kingfisher/Sources/Image/Placeholder.swift (in target 'Kingfisher' from project 'Kingfisher')
    cd /Users/shivshankarttiwari/Documents/Pending\ Projects/IPTV/IPTV.xcodeproj
    

SwiftCompile normal x86_64 /Users/shivshankarttiwari/Library/Developer/Xcode/DerivedData/IPTV-eahagpsnkamlxmesxtplqdlwxzxw/SourcePackages/checkouts/Kingfisher/Sources/Networking/AuthenticationChallengeResponsable.swift (in target 'Kingfisher' from project 'Kingfisher')
    cd /Users/shivshankarttiwari/Documents/Pending\ Projects/IPTV/IPTV.xcodeproj
    

SwiftCompile normal x86_64 /Users/shivshankarttiwari/Library/Developer/Xcode/DerivedData/IPTV-eahagpsnkamlxmesxtplqdlwxzxw/SourcePackages/checkouts/Kingfisher/Sources/Networking/ImageDataProcessor.swift (in target 'Kingfisher' from project 'Kingfisher')
    cd /Users/shivshankarttiwari/Documents/Pending\ Projects/IPTV/IPTV.xcodeproj
    

SwiftCompile normal x86_64 /Users/shivshankarttiwari/Library/Developer/Xcode/DerivedData/IPTV-eahagpsnkamlxmesxtplqdlwxzxw/SourcePackages/checkouts/Kingfisher/Sources/Networking/ImageDownloader+LivePhoto.swift (in target 'Kingfisher' from project 'Kingfisher')
    cd /Users/shivshankarttiwari/Documents/Pending\ Projects/IPTV/IPTV.xcodeproj
    

SwiftCompile normal x86_64 /Users/shivshankarttiwari/Library/Developer/Xcode/DerivedData/IPTV-eahagpsnkamlxmesxtplqdlwxzxw/SourcePackages/checkouts/Kingfisher/Sources/Networking/ImageDownloader.swift (in target 'Kingfisher' from project 'Kingfisher')
    cd /Users/shivshankarttiwari/Documents/Pending\ Projects/IPTV/IPTV.xcodeproj
    

SwiftCompile normal x86_64 /Users/shivshankarttiwari/Library/Developer/Xcode/DerivedData/IPTV-eahagpsnkamlxmesxtplqdlwxzxw/SourcePackages/checkouts/Kingfisher/Sources/Networking/ImageDownloaderDelegate.swift (in target 'Kingfisher' from project 'Kingfisher')
    cd /Users/shivshankarttiwari/Documents/Pending\ Projects/IPTV/IPTV.xcodeproj
    

SwiftCompile normal x86_64 Compiling\ GIFAnimatedImage.swift,\ GraphicsContext.swift,\ Image.swift,\ ImageDrawing.swift,\ ImageFormat.swift,\ ImageProcessor.swift,\ ImageProgressive.swift /Users/shivshankarttiwari/Library/Developer/Xcode/DerivedData/IPTV-eahagpsnkamlxmesxtplqdlwxzxw/SourcePackages/checkouts/Kingfisher/Sources/Image/GIFAnimatedImage.swift /Users/shivshankarttiwari/Library/Developer/Xcode/DerivedData/IPTV-eahagpsnkamlxmesxtplqdlwxzxw/SourcePackages/checkouts/Kingfisher/Sources/Image/GraphicsContext.swift /Users/shivshankarttiwari/Library/Developer/Xcode/DerivedData/IPTV-eahagpsnkamlxmesxtplqdlwxzxw/SourcePackages/checkouts/Kingfisher/Sources/Image/Image.swift /Users/shivshankarttiwari/Library/Developer/Xcode/DerivedData/IPTV-eahagpsnkamlxmesxtplqdlwxzxw/SourcePackages/checkouts/Kingfisher/Sources/Image/ImageDrawing.swift /Users/shivshankarttiwari/Library/Developer/Xcode/DerivedData/IPTV-eahagpsnkamlxmesxtplqdlwxzxw/SourcePackages/checkouts/Kingfisher/Sources/Image/ImageFormat.swift /Users/shivshankarttiwari/Library/Developer/Xcode/DerivedData/IPTV-eahagpsnkamlxmesxtplqdlwxzxw/SourcePackages/checkouts/Kingfisher/Sources/Image/ImageProcessor.swift /Users/shivshankarttiwari/Library/Developer/Xcode/DerivedData/IPTV-eahagpsnkamlxmesxtplqdlwxzxw/SourcePackages/checkouts/Kingfisher/Sources/Image/ImageProgressive.swift (in target 'Kingfisher' from project 'Kingfisher')
SwiftCompile normal x86_64 /Users/shivshankarttiwari/Library/Developer/Xcode/DerivedData/IPTV-eahagpsnkamlxmesxtplqdlwxzxw/SourcePackages/checkouts/Kingfisher/Sources/Image/GIFAnimatedImage.swift (in target 'Kingfisher' from project 'Kingfisher')
    cd /Users/shivshankarttiwari/Documents/Pending\ Projects/IPTV/IPTV.xcodeproj
    

SwiftCompile normal x86_64 /Users/shivshankarttiwari/Library/Developer/Xcode/DerivedData/IPTV-eahagpsnkamlxmesxtplqdlwxzxw/SourcePackages/checkouts/Kingfisher/Sources/Image/GraphicsContext.swift (in target 'Kingfisher' from project 'Kingfisher')
    cd /Users/shivshankarttiwari/Documents/Pending\ Projects/IPTV/IPTV.xcodeproj
    

SwiftCompile normal x86_64 /Users/shivshankarttiwari/Library/Developer/Xcode/DerivedData/IPTV-eahagpsnkamlxmesxtplqdlwxzxw/SourcePackages/checkouts/Kingfisher/Sources/Image/Image.swift (in target 'Kingfisher' from project 'Kingfisher')
    cd /Users/shivshankarttiwari/Documents/Pending\ Projects/IPTV/IPTV.xcodeproj
    

SwiftCompile normal x86_64 /Users/shivshankarttiwari/Library/Developer/Xcode/DerivedData/IPTV-eahagpsnkamlxmesxtplqdlwxzxw/SourcePackages/checkouts/Kingfisher/Sources/Image/ImageDrawing.swift (in target 'Kingfisher' from project 'Kingfisher')
    cd /Users/shivshankarttiwari/Documents/Pending\ Projects/IPTV/IPTV.xcodeproj
    

SwiftCompile normal x86_64 /Users/shivshankarttiwari/Library/Developer/Xcode/DerivedData/IPTV-eahagpsnkamlxmesxtplqdlwxzxw/SourcePackages/checkouts/Kingfisher/Sources/Image/ImageFormat.swift (in target 'Kingfisher' from project 'Kingfisher')
    cd /Users/shivshankarttiwari/Documents/Pending\ Projects/IPTV/IPTV.xcodeproj
    

SwiftCompile normal x86_64 /Users/shivshankarttiwari/Library/Developer/Xcode/DerivedData/IPTV-eahagpsnkamlxmesxtplqdlwxzxw/SourcePackages/checkouts/Kingfisher/Sources/Image/ImageProcessor.swift (in target 'Kingfisher' from project 'Kingfisher')
    cd /Users/shivshankarttiwari/Documents/Pending\ Projects/IPTV/IPTV.xcodeproj
    

SwiftCompile normal x86_64 /Users/shivshankarttiwari/Library/Developer/Xcode/DerivedData/IPTV-eahagpsnkamlxmesxtplqdlwxzxw/SourcePackages/checkouts/Kingfisher/Sources/Image/ImageProgressive.swift (in target 'Kingfisher' from project 'Kingfisher')
    cd /Users/shivshankarttiwari/Documents/Pending\ Projects/IPTV/IPTV.xcodeproj
    

SwiftCompile normal x86_64 Compiling\ CPListItem+Kingfisher.swift,\ HasImageComponent+Kingfisher.swift,\ ImageView+Kingfisher.swift,\ NSButton+Kingfisher.swift,\ NSTextAttachment+Kingfisher.swift,\ PHLivePhotoView+Kingfisher.swift,\ UIButton+Kingfisher.swift /Users/shivshankarttiwari/Library/Developer/Xcode/DerivedData/IPTV-eahagpsnkamlxmesxtplqdlwxzxw/SourcePackages/checkouts/Kingfisher/Sources/Extensions/CPListItem+Kingfisher.swift /Users/shivshankarttiwari/Library/Developer/Xcode/DerivedData/IPTV-eahagpsnkamlxmesxtplqdlwxzxw/SourcePackages/checkouts/Kingfisher/Sources/Extensions/HasImageComponent+Kingfisher.swift /Users/shivshankarttiwari/Library/Developer/Xcode/DerivedData/IPTV-eahagpsnkamlxmesxtplqdlwxzxw/SourcePackages/checkouts/Kingfisher/Sources/Extensions/ImageView+Kingfisher.swift /Users/shivshankarttiwari/Library/Developer/Xcode/DerivedData/IPTV-eahagpsnkamlxmesxtplqdlwxzxw/SourcePackages/checkouts/Kingfisher/Sources/Extensions/NSButton+Kingfisher.swift /Users/shivshankarttiwari/Library/Developer/Xcode/DerivedData/IPTV-eahagpsnkamlxmesxtplqdlwxzxw/SourcePackages/checkouts/Kingfisher/Sources/Extensions/NSTextAttachment+Kingfisher.swift /Users/shivshankarttiwari/Library/Developer/Xcode/DerivedData/IPTV-eahagpsnkamlxmesxtplqdlwxzxw/SourcePackages/checkouts/Kingfisher/Sources/Extensions/PHLivePhotoView+Kingfisher.swift /Users/shivshankarttiwari/Library/Developer/Xcode/DerivedData/IPTV-eahagpsnkamlxmesxtplqdlwxzxw/SourcePackages/checkouts/Kingfisher/Sources/Extensions/UIButton+Kingfisher.swift (in target 'Kingfisher' from project 'Kingfisher')

SwiftCompile normal x86_64 /Users/shivshankarttiwari/Library/Developer/Xcode/DerivedData/IPTV-eahagpsnkamlxmesxtplqdlwxzxw/SourcePackages/checkouts/Kingfisher/Sources/Extensions/CPListItem+Kingfisher.swift (in target 'Kingfisher' from project 'Kingfisher')
    cd /Users/shivshankarttiwari/Documents/Pending\ Projects/IPTV/IPTV.xcodeproj
    

SwiftCompile normal x86_64 /Users/shivshankarttiwari/Library/Developer/Xcode/DerivedData/IPTV-eahagpsnkamlxmesxtplqdlwxzxw/SourcePackages/checkouts/Kingfisher/Sources/Extensions/HasImageComponent+Kingfisher.swift (in target 'Kingfisher' from project 'Kingfisher')
    cd /Users/shivshankarttiwari/Documents/Pending\ Projects/IPTV/IPTV.xcodeproj
    

SwiftCompile normal x86_64 /Users/shivshankarttiwari/Library/Developer/Xcode/DerivedData/IPTV-eahagpsnkamlxmesxtplqdlwxzxw/SourcePackages/checkouts/Kingfisher/Sources/Extensions/ImageView+Kingfisher.swift (in target 'Kingfisher' from project 'Kingfisher')
    cd /Users/shivshankarttiwari/Documents/Pending\ Projects/IPTV/IPTV.xcodeproj
    

SwiftCompile normal x86_64 /Users/shivshankarttiwari/Library/Developer/Xcode/DerivedData/IPTV-eahagpsnkamlxmesxtplqdlwxzxw/SourcePackages/checkouts/Kingfisher/Sources/Extensions/NSButton+Kingfisher.swift (in target 'Kingfisher' from project 'Kingfisher')
    cd /Users/shivshankarttiwari/Documents/Pending\ Projects/IPTV/IPTV.xcodeproj
    

SwiftCompile normal x86_64 /Users/shivshankarttiwari/Library/Developer/Xcode/DerivedData/IPTV-eahagpsnkamlxmesxtplqdlwxzxw/SourcePackages/checkouts/Kingfisher/Sources/Extensions/NSTextAttachment+Kingfisher.swift (in target 'Kingfisher' from project 'Kingfisher')
    cd /Users/shivshankarttiwari/Documents/Pending\ Projects/IPTV/IPTV.xcodeproj
    

SwiftCompile normal x86_64 /Users/shivshankarttiwari/Library/Developer/Xcode/DerivedData/IPTV-eahagpsnkamlxmesxtplqdlwxzxw/SourcePackages/checkouts/Kingfisher/Sources/Extensions/PHLivePhotoView+Kingfisher.swift (in target 'Kingfisher' from project 'Kingfisher')
    cd /Users/shivshankarttiwari/Documents/Pending\ Projects/IPTV/IPTV.xcodeproj
    

SwiftCompile normal x86_64 /Users/shivshankarttiwari/Library/Developer/Xcode/DerivedData/IPTV-eahagpsnkamlxmesxtplqdlwxzxw/SourcePackages/checkouts/Kingfisher/Sources/Extensions/UIButton+Kingfisher.swift (in target 'Kingfisher' from project 'Kingfisher')
    cd /Users/shivshankarttiwari/Documents/Pending\ Projects/IPTV/IPTV.xcodeproj
    

SwiftCompile normal x86_64 Compiling\ AVAssetImageDataProvider.swift,\ ImageDataProvider.swift,\ LivePhotoSource.swift,\ PHPickerResultImageDataProvider.swift,\ Resource.swift,\ Source.swift,\ KF.swift /Users/shivshankarttiwari/Library/Developer/Xcode/DerivedData/IPTV-eahagpsnkamlxmesxtplqdlwxzxw/SourcePackages/checkouts/Kingfisher/Sources/General/ImageSource/AVAssetImageDataProvider.swift /Users/shivshankarttiwari/Library/Developer/Xcode/DerivedData/IPTV-eahagpsnkamlxmesxtplqdlwxzxw/SourcePackages/checkouts/Kingfisher/Sources/General/ImageSource/ImageDataProvider.swift /Users/shivshankarttiwari/Library/Developer/Xcode/DerivedData/IPTV-eahagpsnkamlxmesxtplqdlwxzxw/SourcePackages/checkouts/Kingfisher/Sources/General/ImageSource/LivePhotoSource.swift /Users/shivshankarttiwari/Library/Developer/Xcode/DerivedData/IPTV-eahagpsnkamlxmesxtplqdlwxzxw/SourcePackages/checkouts/Kingfisher/Sources/General/ImageSource/PHPickerResultImageDataProvider.swift /Users/shivshankarttiwari/Library/Developer/Xcode/DerivedData/IPTV-eahagpsnkamlxmesxtplqdlwxzxw/SourcePackages/checkouts/Kingfisher/Sources/General/ImageSource/Resource.swift /Users/shivshankarttiwari/Library/Developer/Xcode/DerivedData/IPTV-eahagpsnkamlxmesxtplqdlwxzxw/SourcePackages/checkouts/Kingfisher/Sources/General/ImageSource/Source.swift /Users/shivshankarttiwari/Library/Developer/Xcode/DerivedData/IPTV-eahagpsnkamlxmesxtplqdlwxzxw/SourcePackages/checkouts/Kingfisher/Sources/General/KF.swift (in target 'Kingfisher' from project 'Kingfisher')

SwiftCompile normal x86_64 /Users/shivshankarttiwari/Library/Developer/Xcode/DerivedData/IPTV-eahagpsnkamlxmesxtplqdlwxzxw/SourcePackages/checkouts/Kingfisher/Sources/General/ImageSource/AVAssetImageDataProvider.swift (in target 'Kingfisher' from project 'Kingfisher')
    cd /Users/shivshankarttiwari/Documents/Pending\ Projects/IPTV/IPTV.xcodeproj
    

SwiftCompile normal x86_64 /Users/shivshankarttiwari/Library/Developer/Xcode/DerivedData/IPTV-eahagpsnkamlxmesxtplqdlwxzxw/SourcePackages/checkouts/Kingfisher/Sources/General/ImageSource/ImageDataProvider.swift (in target 'Kingfisher' from project 'Kingfisher')
    cd /Users/shivshankarttiwari/Documents/Pending\ Projects/IPTV/IPTV.xcodeproj
    

SwiftCompile normal x86_64 /Users/shivshankarttiwari/Library/Developer/Xcode/DerivedData/IPTV-eahagpsnkamlxmesxtplqdlwxzxw/SourcePackages/checkouts/Kingfisher/Sources/General/ImageSource/LivePhotoSource.swift (in target 'Kingfisher' from project 'Kingfisher')
    cd /Users/shivshankarttiwari/Documents/Pending\ Projects/IPTV/IPTV.xcodeproj
    

SwiftCompile normal x86_64 /Users/shivshankarttiwari/Library/Developer/Xcode/DerivedData/IPTV-eahagpsnkamlxmesxtplqdlwxzxw/SourcePackages/checkouts/Kingfisher/Sources/General/ImageSource/PHPickerResultImageDataProvider.swift (in target 'Kingfisher' from project 'Kingfisher')
    cd /Users/shivshankarttiwari/Documents/Pending\ Projects/IPTV/IPTV.xcodeproj
    

SwiftCompile normal x86_64 /Users/shivshankarttiwari/Library/Developer/Xcode/DerivedData/IPTV-eahagpsnkamlxmesxtplqdlwxzxw/SourcePackages/checkouts/Kingfisher/Sources/General/ImageSource/Resource.swift (in target 'Kingfisher' from project 'Kingfisher')
    cd /Users/shivshankarttiwari/Documents/Pending\ Projects/IPTV/IPTV.xcodeproj
    

SwiftCompile normal x86_64 /Users/shivshankarttiwari/Library/Developer/Xcode/DerivedData/IPTV-eahagpsnkamlxmesxtplqdlwxzxw/SourcePackages/checkouts/Kingfisher/Sources/General/ImageSource/Source.swift (in target 'Kingfisher' from project 'Kingfisher')
    cd /Users/shivshankarttiwari/Documents/Pending\ Projects/IPTV/IPTV.xcodeproj
    

SwiftCompile normal x86_64 /Users/shivshankarttiwari/Library/Developer/Xcode/DerivedData/IPTV-eahagpsnkamlxmesxtplqdlwxzxw/SourcePackages/checkouts/Kingfisher/Sources/General/KF.swift (in target 'Kingfisher' from project 'Kingfisher')
    cd /Users/shivshankarttiwari/Documents/Pending\ Projects/IPTV/IPTV.xcodeproj
    

SwiftCompile normal x86_64 Compiling\ ImageModifier.swift,\ ImagePrefetcher.swift,\ NetworkMetrics.swift,\ NetworkMonitor.swift,\ RedirectHandler.swift,\ RequestModifier.swift,\ RetryStrategy.swift /Users/shivshankarttiwari/Library/Developer/Xcode/DerivedData/IPTV-eahagpsnkamlxmesxtplqdlwxzxw/SourcePackages/checkouts/Kingfisher/Sources/Networking/ImageModifier.swift /Users/shivshankarttiwari/Library/Developer/Xcode/DerivedData/IPTV-eahagpsnkamlxmesxtplqdlwxzxw/SourcePackages/checkouts/Kingfisher/Sources/Networking/ImagePrefetcher.swift /Users/shivshankarttiwari/Library/Developer/Xcode/DerivedData/IPTV-eahagpsnkamlxmesxtplqdlwxzxw/SourcePackages/checkouts/Kingfisher/Sources/Networking/NetworkMetrics.swift /Users/shivshankarttiwari/Library/Developer/Xcode/DerivedData/IPTV-eahagpsnkamlxmesxtplqdlwxzxw/SourcePackages/checkouts/Kingfisher/Sources/Networking/NetworkMonitor.swift /Users/shivshankarttiwari/Library/Developer/Xcode/DerivedData/IPTV-eahagpsnkamlxmesxtplqdlwxzxw/SourcePackages/checkouts/Kingfisher/Sources/Networking/RedirectHandler.swift /Users/shivshankarttiwari/Library/Developer/Xcode/DerivedData/IPTV-eahagpsnkamlxmesxtplqdlwxzxw/SourcePackages/checkouts/Kingfisher/Sources/Networking/RequestModifier.swift /Users/shivshankarttiwari/Library/Developer/Xcode/DerivedData/IPTV-eahagpsnkamlxmesxtplqdlwxzxw/SourcePackages/checkouts/Kingfisher/Sources/Networking/RetryStrategy.swift (in target 'Kingfisher' from project 'Kingfisher')

SwiftCompile normal x86_64 /Users/shivshankarttiwari/Library/Developer/Xcode/DerivedData/IPTV-eahagpsnkamlxmesxtplqdlwxzxw/SourcePackages/checkouts/Kingfisher/Sources/Networking/ImageModifier.swift (in target 'Kingfisher' from project 'Kingfisher')
    cd /Users/shivshankarttiwari/Documents/Pending\ Projects/IPTV/IPTV.xcodeproj
    

SwiftCompile normal x86_64 /Users/shivshankarttiwari/Library/Developer/Xcode/DerivedData/IPTV-eahagpsnkamlxmesxtplqdlwxzxw/SourcePackages/checkouts/Kingfisher/Sources/Networking/ImagePrefetcher.swift (in target 'Kingfisher' from project 'Kingfisher')
    cd /Users/shivshankarttiwari/Documents/Pending\ Projects/IPTV/IPTV.xcodeproj
    

SwiftCompile normal x86_64 /Users/shivshankarttiwari/Library/Developer/Xcode/DerivedData/IPTV-eahagpsnkamlxmesxtplqdlwxzxw/SourcePackages/checkouts/Kingfisher/Sources/Networking/NetworkMetrics.swift (in target 'Kingfisher' from project 'Kingfisher')
    cd /Users/shivshankarttiwari/Documents/Pending\ Projects/IPTV/IPTV.xcodeproj
    

SwiftCompile normal x86_64 /Users/shivshankarttiwari/Library/Developer/Xcode/DerivedData/IPTV-eahagpsnkamlxmesxtplqdlwxzxw/SourcePackages/checkouts/Kingfisher/Sources/Networking/NetworkMonitor.swift (in target 'Kingfisher' from project 'Kingfisher')
    cd /Users/shivshankarttiwari/Documents/Pending\ Projects/IPTV/IPTV.xcodeproj
    

SwiftCompile normal x86_64 /Users/shivshankarttiwari/Library/Developer/Xcode/DerivedData/IPTV-eahagpsnkamlxmesxtplqdlwxzxw/SourcePackages/checkouts/Kingfisher/Sources/Networking/RedirectHandler.swift (in target 'Kingfisher' from project 'Kingfisher')
    cd /Users/shivshankarttiwari/Documents/Pending\ Projects/IPTV/IPTV.xcodeproj
    

SwiftCompile normal x86_64 /Users/shivshankarttiwari/Library/Developer/Xcode/DerivedData/IPTV-eahagpsnkamlxmesxtplqdlwxzxw/SourcePackages/checkouts/Kingfisher/Sources/Networking/RequestModifier.swift (in target 'Kingfisher' from project 'Kingfisher')
    cd /Users/shivshankarttiwari/Documents/Pending\ Projects/IPTV/IPTV.xcodeproj
    

SwiftCompile normal x86_64 /Users/shivshankarttiwari/Library/Developer/Xcode/DerivedData/IPTV-eahagpsnkamlxmesxtplqdlwxzxw/SourcePackages/checkouts/Kingfisher/Sources/Networking/RetryStrategy.swift (in target 'Kingfisher' from project 'Kingfisher')
    cd /Users/shivshankarttiwari/Documents/Pending\ Projects/IPTV/IPTV.xcodeproj
    

SwiftCompile normal x86_64 Compiling\ KFImageProtocol.swift,\ KFImageRenderer.swift,\ Box.swift,\ CallbackQueue.swift,\ Delegate.swift,\ DisplayLink.swift,\ ExtensionHelpers.swift /Users/shivshankarttiwari/Library/Developer/Xcode/DerivedData/IPTV-eahagpsnkamlxmesxtplqdlwxzxw/SourcePackages/checkouts/Kingfisher/Sources/SwiftUI/KFImageProtocol.swift /Users/shivshankarttiwari/Library/Developer/Xcode/DerivedData/IPTV-eahagpsnkamlxmesxtplqdlwxzxw/SourcePackages/checkouts/Kingfisher/Sources/SwiftUI/KFImageRenderer.swift /Users/shivshankarttiwari/Library/Developer/Xcode/DerivedData/IPTV-eahagpsnkamlxmesxtplqdlwxzxw/SourcePackages/checkouts/Kingfisher/Sources/Utility/Box.swift /Users/shivshankarttiwari/Library/Developer/Xcode/DerivedData/IPTV-eahagpsnkamlxmesxtplqdlwxzxw/SourcePackages/checkouts/Kingfisher/Sources/Utility/CallbackQueue.swift /Users/shivshankarttiwari/Library/Developer/Xcode/DerivedData/IPTV-eahagpsnkamlxmesxtplqdlwxzxw/SourcePackages/checkouts/Kingfisher/Sources/Utility/Delegate.swift /Users/shivshankarttiwari/Library/Developer/Xcode/DerivedData/IPTV-eahagpsnkamlxmesxtplqdlwxzxw/SourcePackages/checkouts/Kingfisher/Sources/Utility/DisplayLink.swift /Users/shivshankarttiwari/Library/Developer/Xcode/DerivedData/IPTV-eahagpsnkamlxmesxtplqdlwxzxw/SourcePackages/checkouts/Kingfisher/Sources/Utility/ExtensionHelpers.swift (in target 'Kingfisher' from project 'Kingfisher')

SwiftCompile normal x86_64 /Users/shivshankarttiwari/Library/Developer/Xcode/DerivedData/IPTV-eahagpsnkamlxmesxtplqdlwxzxw/SourcePackages/checkouts/Kingfisher/Sources/SwiftUI/KFImageProtocol.swift (in target 'Kingfisher' from project 'Kingfisher')
    cd /Users/shivshankarttiwari/Documents/Pending\ Projects/IPTV/IPTV.xcodeproj
    

SwiftCompile normal x86_64 /Users/shivshankarttiwari/Library/Developer/Xcode/DerivedData/IPTV-eahagpsnkamlxmesxtplqdlwxzxw/SourcePackages/checkouts/Kingfisher/Sources/SwiftUI/KFImageRenderer.swift (in target 'Kingfisher' from project 'Kingfisher')
    cd /Users/shivshankarttiwari/Documents/Pending\ Projects/IPTV/IPTV.xcodeproj
    

SwiftCompile normal x86_64 /Users/shivshankarttiwari/Library/Developer/Xcode/DerivedData/IPTV-eahagpsnkamlxmesxtplqdlwxzxw/SourcePackages/checkouts/Kingfisher/Sources/Utility/Box.swift (in target 'Kingfisher' from project 'Kingfisher')
    cd /Users/shivshankarttiwari/Documents/Pending\ Projects/IPTV/IPTV.xcodeproj
    

SwiftCompile normal x86_64 /Users/shivshankarttiwari/Library/Developer/Xcode/DerivedData/IPTV-eahagpsnkamlxmesxtplqdlwxzxw/SourcePackages/checkouts/Kingfisher/Sources/Utility/CallbackQueue.swift (in target 'Kingfisher' from project 'Kingfisher')
    cd /Users/shivshankarttiwari/Documents/Pending\ Projects/IPTV/IPTV.xcodeproj
    

SwiftCompile normal x86_64 /Users/shivshankarttiwari/Library/Developer/Xcode/DerivedData/IPTV-eahagpsnkamlxmesxtplqdlwxzxw/SourcePackages/checkouts/Kingfisher/Sources/Utility/Delegate.swift (in target 'Kingfisher' from project 'Kingfisher')
    cd /Users/shivshankarttiwari/Documents/Pending\ Projects/IPTV/IPTV.xcodeproj
    

SwiftCompile normal x86_64 /Users/shivshankarttiwari/Library/Developer/Xcode/DerivedData/IPTV-eahagpsnkamlxmesxtplqdlwxzxw/SourcePackages/checkouts/Kingfisher/Sources/Utility/DisplayLink.swift (in target 'Kingfisher' from project 'Kingfisher')
    cd /Users/shivshankarttiwari/Documents/Pending\ Projects/IPTV/IPTV.xcodeproj
    

SwiftCompile normal x86_64 /Users/shivshankarttiwari/Library/Developer/Xcode/DerivedData/IPTV-eahagpsnkamlxmesxtplqdlwxzxw/SourcePackages/checkouts/Kingfisher/Sources/Utility/ExtensionHelpers.swift (in target 'Kingfisher' from project 'Kingfisher')
    cd /Users/shivshankarttiwari/Documents/Pending\ Projects/IPTV/IPTV.xcodeproj
    

SwiftCompile normal x86_64 Compiling\ KFOptionsSetter.swift,\ Kingfisher.swift,\ KingfisherError.swift,\ KingfisherManager+LivePhoto.swift,\ KingfisherManager.swift,\ KingfisherOptionsInfo.swift,\ Filter.swift /Users/shivshankarttiwari/Library/Developer/Xcode/DerivedData/IPTV-eahagpsnkamlxmesxtplqdlwxzxw/SourcePackages/checkouts/Kingfisher/Sources/General/KFOptionsSetter.swift /Users/shivshankarttiwari/Library/Developer/Xcode/DerivedData/IPTV-eahagpsnkamlxmesxtplqdlwxzxw/SourcePackages/checkouts/Kingfisher/Sources/General/Kingfisher.swift /Users/shivshankarttiwari/Library/Developer/Xcode/DerivedData/IPTV-eahagpsnkamlxmesxtplqdlwxzxw/SourcePackages/checkouts/Kingfisher/Sources/General/KingfisherError.swift /Users/shivshankarttiwari/Library/Developer/Xcode/DerivedData/IPTV-eahagpsnkamlxmesxtplqdlwxzxw/SourcePackages/checkouts/Kingfisher/Sources/General/KingfisherManager+LivePhoto.swift /Users/shivshankarttiwari/Library/Developer/Xcode/DerivedData/IPTV-eahagpsnkamlxmesxtplqdlwxzxw/SourcePackages/checkouts/Kingfisher/Sources/General/KingfisherManager.swift /Users/shivshankarttiwari/Library/Developer/Xcode/DerivedData/IPTV-eahagpsnkamlxmesxtplqdlwxzxw/SourcePackages/checkouts/Kingfisher/Sources/General/KingfisherOptionsInfo.swift /Users/shivshankarttiwari/Library/Developer/Xcode/DerivedData/IPTV-eahagpsnkamlxmesxtplqdlwxzxw/SourcePackages/checkouts/Kingfisher/Sources/Image/Filter.swift (in target 'Kingfisher' from project 'Kingfisher')

SwiftCompile normal x86_64 /Users/shivshankarttiwari/Library/Developer/Xcode/DerivedData/IPTV-eahagpsnkamlxmesxtplqdlwxzxw/SourcePackages/checkouts/Kingfisher/Sources/General/KFOptionsSetter.swift (in target 'Kingfisher' from project 'Kingfisher')
    cd /Users/shivshankarttiwari/Documents/Pending\ Projects/IPTV/IPTV.xcodeproj
    

SwiftCompile normal x86_64 /Users/shivshankarttiwari/Library/Developer/Xcode/DerivedData/IPTV-eahagpsnkamlxmesxtplqdlwxzxw/SourcePackages/checkouts/Kingfisher/Sources/General/Kingfisher.swift (in target 'Kingfisher' from project 'Kingfisher')
    cd /Users/shivshankarttiwari/Documents/Pending\ Projects/IPTV/IPTV.xcodeproj
    

SwiftCompile normal x86_64 /Users/shivshankarttiwari/Library/Developer/Xcode/DerivedData/IPTV-eahagpsnkamlxmesxtplqdlwxzxw/SourcePackages/checkouts/Kingfisher/Sources/General/KingfisherError.swift (in target 'Kingfisher' from project 'Kingfisher')
    cd /Users/shivshankarttiwari/Documents/Pending\ Projects/IPTV/IPTV.xcodeproj
    

SwiftCompile normal x86_64 /Users/shivshankarttiwari/Library/Developer/Xcode/DerivedData/IPTV-eahagpsnkamlxmesxtplqdlwxzxw/SourcePackages/checkouts/Kingfisher/Sources/General/KingfisherManager+LivePhoto.swift (in target 'Kingfisher' from project 'Kingfisher')
    cd /Users/shivshankarttiwari/Documents/Pending\ Projects/IPTV/IPTV.xcodeproj
    

SwiftCompile normal x86_64 /Users/shivshankarttiwari/Library/Developer/Xcode/DerivedData/IPTV-eahagpsnkamlxmesxtplqdlwxzxw/SourcePackages/checkouts/Kingfisher/Sources/General/KingfisherManager.swift (in target 'Kingfisher' from project 'Kingfisher')
    cd /Users/shivshankarttiwari/Documents/Pending\ Projects/IPTV/IPTV.xcodeproj
    

SwiftCompile normal x86_64 /Users/shivshankarttiwari/Library/Developer/Xcode/DerivedData/IPTV-eahagpsnkamlxmesxtplqdlwxzxw/SourcePackages/checkouts/Kingfisher/Sources/General/KingfisherOptionsInfo.swift (in target 'Kingfisher' from project 'Kingfisher')
    cd /Users/shivshankarttiwari/Documents/Pending\ Projects/IPTV/IPTV.xcodeproj
    

SwiftCompile normal x86_64 /Users/shivshankarttiwari/Library/Developer/Xcode/DerivedData/IPTV-eahagpsnkamlxmesxtplqdlwxzxw/SourcePackages/checkouts/Kingfisher/Sources/Image/Filter.swift (in target 'Kingfisher' from project 'Kingfisher')
    cd /Users/shivshankarttiwari/Documents/Pending\ Projects/IPTV/IPTV.xcodeproj
    

SwiftCompile normal x86_64 Compiling\ resource_bundle_accessor.swift,\ CacheSerializer.swift,\ DiskStorage.swift,\ FormatIndicatedCacheSerializer.swift,\ ImageCache.swift,\ MemoryStorage.swift,\ Storage.swift /Users/shivshankarttiwari/Library/Developer/Xcode/DerivedData/IPTV-eahagpsnkamlxmesxtplqdlwxzxw/Build/Intermediates.noindex/Kingfisher.build/Debug-iphonesimulator/Kingfisher.build/DerivedSources/resource_bundle_accessor.swift /Users/shivshankarttiwari/Library/Developer/Xcode/DerivedData/IPTV-eahagpsnkamlxmesxtplqdlwxzxw/SourcePackages/checkouts/Kingfisher/Sources/Cache/CacheSerializer.swift /Users/shivshankarttiwari/Library/Developer/Xcode/DerivedData/IPTV-eahagpsnkamlxmesxtplqdlwxzxw/SourcePackages/checkouts/Kingfisher/Sources/Cache/DiskStorage.swift /Users/shivshankarttiwari/Library/Developer/Xcode/DerivedData/IPTV-eahagpsnkamlxmesxtplqdlwxzxw/SourcePackages/checkouts/Kingfisher/Sources/Cache/FormatIndicatedCacheSerializer.swift /Users/shivshankarttiwari/Library/Developer/Xcode/DerivedData/IPTV-eahagpsnkamlxmesxtplqdlwxzxw/SourcePackages/checkouts/Kingfisher/Sources/Cache/ImageCache.swift /Users/shivshankarttiwari/Library/Developer/Xcode/DerivedData/IPTV-eahagpsnkamlxmesxtplqdlwxzxw/SourcePackages/checkouts/Kingfisher/Sources/Cache/MemoryStorage.swift /Users/shivshankarttiwari/Library/Developer/Xcode/DerivedData/IPTV-eahagpsnkamlxmesxtplqdlwxzxw/SourcePackages/checkouts/Kingfisher/Sources/Cache/Storage.swift (in target 'Kingfisher' from project 'Kingfisher')

SwiftCompile normal x86_64 /Users/shivshankarttiwari/Library/Developer/Xcode/DerivedData/IPTV-eahagpsnkamlxmesxtplqdlwxzxw/Build/Intermediates.noindex/Kingfisher.build/Debug-iphonesimulator/Kingfisher.build/DerivedSources/resource_bundle_accessor.swift (in target 'Kingfisher' from project 'Kingfisher')
    cd /Users/shivshankarttiwari/Documents/Pending\ Projects/IPTV/IPTV.xcodeproj
    

SwiftCompile normal x86_64 /Users/shivshankarttiwari/Library/Developer/Xcode/DerivedData/IPTV-eahagpsnkamlxmesxtplqdlwxzxw/SourcePackages/checkouts/Kingfisher/Sources/Cache/CacheSerializer.swift (in target 'Kingfisher' from project 'Kingfisher')
    cd /Users/shivshankarttiwari/Documents/Pending\ Projects/IPTV/IPTV.xcodeproj
    

SwiftCompile normal x86_64 /Users/shivshankarttiwari/Library/Developer/Xcode/DerivedData/IPTV-eahagpsnkamlxmesxtplqdlwxzxw/SourcePackages/checkouts/Kingfisher/Sources/Cache/DiskStorage.swift (in target 'Kingfisher' from project 'Kingfisher')
    cd /Users/shivshankarttiwari/Documents/Pending\ Projects/IPTV/IPTV.xcodeproj
    

SwiftCompile normal x86_64 /Users/shivshankarttiwari/Library/Developer/Xcode/DerivedData/IPTV-eahagpsnkamlxmesxtplqdlwxzxw/SourcePackages/checkouts/Kingfisher/Sources/Cache/FormatIndicatedCacheSerializer.swift (in target 'Kingfisher' from project 'Kingfisher')
    cd /Users/shivshankarttiwari/Documents/Pending\ Projects/IPTV/IPTV.xcodeproj
    

SwiftCompile normal x86_64 /Users/shivshankarttiwari/Library/Developer/Xcode/DerivedData/IPTV-eahagpsnkamlxmesxtplqdlwxzxw/SourcePackages/checkouts/Kingfisher/Sources/Cache/ImageCache.swift (in target 'Kingfisher' from project 'Kingfisher')
    cd /Users/shivshankarttiwari/Documents/Pending\ Projects/IPTV/IPTV.xcodeproj
    

SwiftCompile normal x86_64 /Users/shivshankarttiwari/Library/Developer/Xcode/DerivedData/IPTV-eahagpsnkamlxmesxtplqdlwxzxw/SourcePackages/checkouts/Kingfisher/Sources/Cache/MemoryStorage.swift (in target 'Kingfisher' from project 'Kingfisher')
    cd /Users/shivshankarttiwari/Documents/Pending\ Projects/IPTV/IPTV.xcodeproj
    

SwiftCompile normal x86_64 /Users/shivshankarttiwari/Library/Developer/Xcode/DerivedData/IPTV-eahagpsnkamlxmesxtplqdlwxzxw/SourcePackages/checkouts/Kingfisher/Sources/Cache/Storage.swift (in target 'Kingfisher' from project 'Kingfisher')
    cd /Users/shivshankarttiwari/Documents/Pending\ Projects/IPTV/IPTV.xcodeproj
    

SwiftDriverJobDiscovery normal x86_64 Emitting module for Kingfisher (in target 'Kingfisher' from project 'Kingfisher')

SwiftDriver\ Compilation\ Requirements Kingfisher normal x86_64 com.apple.xcode.tools.swift.compiler (in target 'Kingfisher' from project 'Kingfisher')
    cd /Users/shivshankarttiwari/Documents/Pending\ Projects/IPTV/IPTV.xcodeproj
    builtin-Swift-Compilation-Requirements -- /Applications/Xcode.app/Contents/Developer/Toolchains/XcodeDefault.xctoolchain/usr/bin/swiftc -module-name Kingfisher -Onone -enforce-exclusivity\=checked @/Users/shivshankarttiwari/Library/Developer/Xcode/DerivedData/IPTV-eahagpsnkamlxmesxtplqdlwxzxw/Build/Intermediates.noindex/Kingfisher.build/Debug-iphonesimulator/Kingfisher.build/Objects-normal/x86_64/Kingfisher.SwiftFileList -DSWIFT_PACKAGE -DDEBUG -DSWIFT_MODULE_RESOURCE_BUNDLE_AVAILABLE -DXcode -plugin-path /Applications/Xcode.app/Contents/Developer/Toolchains/XcodeDefault.xctoolchain/usr/lib/swift/host/plugins/testing -enable-experimental-feature DebugDescriptionMacro -sdk /Applications/Xcode.app/Contents/Developer/Platforms/iPhoneSimulator.platform/Developer/SDKs/iPhoneSimulator26.0.sdk -target x86_64-apple-ios13.0-simulator -g -module-cache-path /Users/shivshankarttiwari/Library/Developer/Xcode/DerivedData/ModuleCache.noindex -Xfrontend -serialize-debugging-options -enable-testing -suppress-warnings -index-store-path /Users/shivshankarttiwari/Library/Developer/Xcode/DerivedData/IPTV-eahagpsnkamlxmesxtplqdlwxzxw/Index.noindex/DataStore -Xcc -D_LIBCPP_HARDENING_MODE\=_LIBCPP_HARDENING_MODE_DEBUG -swift-version 5 -I /Users/shivshankarttiwari/Library/Developer/Xcode/DerivedData/IPTV-eahagpsnkamlxmesxtplqdlwxzxw/Build/Products/Debug-iphonesimulator -Isystem /Applications/Xcode.app/Contents/Developer/Platforms/iPhoneSimulator.platform/Developer/usr/lib -F /Users/shivshankarttiwari/Library/Developer/Xcode/DerivedData/IPTV-eahagpsnkamlxmesxtplqdlwxzxw/Build/Products/Debug-iphonesimulator -F /Applications/Xcode.app/Contents/Developer/Platforms/iPhoneSimulator.platform/Developer/Library/Frameworks -F /Applications/Xcode.app/Contents/Developer/Platforms/iPhoneSimulator.platform/Developer/SDKs/iPhoneSimulator26.0.sdk/Developer/Library/Frameworks -c -j10 -enable-batch-mode -incremental -Xcc -ivfsstatcache -Xcc /Users/shivshankarttiwari/Library/Developer/Xcode/DerivedData/SDKStatCaches.noindex/iphonesimulator26.0-23A339-3885c01c3e6b6a337905948deab2002e26257891a6c027eb51374368541b8346.sdkstatcache -output-file-map /Users/shivshankarttiwari/Library/Developer/Xcode/DerivedData/IPTV-eahagpsnkamlxmesxtplqdlwxzxw/Build/Intermediates.noindex/Kingfisher.build/Debug-iphonesimulator/Kingfisher.build/Objects-normal/x86_64/Kingfisher-OutputFileMap.json -use-frontend-parseable-output -save-temps -no-color-diagnostics -explicit-module-build -module-cache-path /Users/shivshankarttiwari/Library/Developer/Xcode/DerivedData/IPTV-eahagpsnkamlxmesxtplqdlwxzxw/Build/Intermediates.noindex/SwiftExplicitPrecompiledModules -clang-scanner-module-cache-path /Users/shivshankarttiwari/Library/Developer/Xcode/DerivedData/ModuleCache.noindex -sdk-module-cache-path /Users/shivshankarttiwari/Library/Developer/Xcode/DerivedData/ModuleCache.noindex -serialize-diagnostics -emit-dependencies -emit-module -emit-module-path /Users/shivshankarttiwari/Library/Developer/Xcode/DerivedData/IPTV-eahagpsnkamlxmesxtplqdlwxzxw/Build/Intermediates.noindex/Kingfisher.build/Debug-iphonesimulator/Kingfisher.build/Objects-normal/x86_64/Kingfisher.swiftmodule -validate-clang-modules-once -clang-build-session-file /Users/shivshankarttiwari/Library/Developer/Xcode/DerivedData/ModuleCache.noindex/Session.modulevalidation -package-name kingfisher -Xcc -I/Users/shivshankarttiwari/Library/Developer/Xcode/DerivedData/IPTV-eahagpsnkamlxmesxtplqdlwxzxw/Build/Intermediates.noindex/Kingfisher.build/Debug-iphonesimulator/Kingfisher.build/swift-overrides.hmap -emit-const-values -Xfrontend -const-gather-protocols-file -Xfrontend /Users/shivshankarttiwari/Library/Developer/Xcode/DerivedData/IPTV-eahagpsnkamlxmesxtplqdlwxzxw/Build/Intermediates.noindex/Kingfisher.build/Debug-iphonesimulator/Kingfisher.build/Objects-normal/x86_64/Kingfisher_const_extract_protocols.json -Xcc -I/Users/shivshankarttiwari/Library/Developer/Xcode/DerivedData/IPTV-eahagpsnkamlxmesxtplqdlwxzxw/Build/Products/Debug-iphonesimulator/include -Xcc -I/Users/shivshankarttiwari/Library/Developer/Xcode/DerivedData/IPTV-eahagpsnkamlxmesxtplqdlwxzxw/Build/Intermediates.noindex/Kingfisher.build/Debug-iphonesimulator/Kingfisher.build/DerivedSources-normal/x86_64 -Xcc -I/Users/shivshankarttiwari/Library/Developer/Xcode/DerivedData/IPTV-eahagpsnkamlxmesxtplqdlwxzxw/Build/Intermediates.noindex/Kingfisher.build/Debug-iphonesimulator/Kingfisher.build/DerivedSources/x86_64 -Xcc -I/Users/shivshankarttiwari/Library/Developer/Xcode/DerivedData/IPTV-eahagpsnkamlxmesxtplqdlwxzxw/Build/Intermediates.noindex/Kingfisher.build/Debug-iphonesimulator/Kingfisher.build/DerivedSources -Xcc -DSWIFT_PACKAGE -Xcc -DDEBUG\=1 -emit-objc-header -emit-objc-header-path /Users/shivshankarttiwari/Library/Developer/Xcode/DerivedData/IPTV-eahagpsnkamlxmesxtplqdlwxzxw/Build/Intermediates.noindex/Kingfisher.build/Debug-iphonesimulator/Kingfisher.build/Objects-normal/x86_64/Kingfisher-Swift.h -working-directory /Users/shivshankarttiwari/Documents/Pending\ Projects/IPTV/IPTV.xcodeproj -experimental-emit-module-separately -disable-cmo

SwiftDriverJobDiscovery normal x86_64 Compiling ImageTransition.swift, Placeholder.swift, AuthenticationChallengeResponsable.swift, ImageDataProcessor.swift, ImageDownloader+LivePhoto.swift, ImageDownloader.swift, ImageDownloaderDelegate.swift (in target 'Kingfisher' from project 'Kingfisher')

SwiftDriverJobDiscovery normal x86_64 Compiling ImageModifier.swift, ImagePrefetcher.swift, NetworkMetrics.swift, NetworkMonitor.swift, RedirectHandler.swift, RequestModifier.swift, RetryStrategy.swift (in target 'Kingfisher' from project 'Kingfisher')

SwiftDriverJobDiscovery normal x86_64 Compiling KFImageProtocol.swift, KFImageRenderer.swift, Box.swift, CallbackQueue.swift, Delegate.swift, DisplayLink.swift, ExtensionHelpers.swift (in target 'Kingfisher' from project 'Kingfisher')

SwiftMergeGeneratedHeaders /Users/shivshankarttiwari/Library/Developer/Xcode/DerivedData/IPTV-eahagpsnkamlxmesxtplqdlwxzxw/Build/Intermediates.noindex/GeneratedModuleMaps-iphonesimulator/Kingfisher-Swift.h /Users/shivshankarttiwari/Library/Developer/Xcode/DerivedData/IPTV-eahagpsnkamlxmesxtplqdlwxzxw/Build/Intermediates.noindex/Kingfisher.build/Debug-iphonesimulator/Kingfisher.build/Objects-normal/arm64/Kingfisher-Swift.h /Users/shivshankarttiwari/Library/Developer/Xcode/DerivedData/IPTV-eahagpsnkamlxmesxtplqdlwxzxw/Build/Intermediates.noindex/Kingfisher.build/Debug-iphonesimulator/Kingfisher.build/Objects-normal/x86_64/Kingfisher-Swift.h (in target 'Kingfisher' from project 'Kingfisher')
    cd /Users/shivshankarttiwari/Library/Developer/Xcode/DerivedData/IPTV-eahagpsnkamlxmesxtplqdlwxzxw/SourcePackages/checkouts/Kingfisher
    builtin-swiftHeaderTool -arch arm64 /Users/shivshankarttiwari/Library/Developer/Xcode/DerivedData/IPTV-eahagpsnkamlxmesxtplqdlwxzxw/Build/Intermediates.noindex/Kingfisher.build/Debug-iphonesimulator/Kingfisher.build/Objects-normal/arm64/Kingfisher-Swift.h -arch x86_64 /Users/shivshankarttiwari/Library/Developer/Xcode/DerivedData/IPTV-eahagpsnkamlxmesxtplqdlwxzxw/Build/Intermediates.noindex/Kingfisher.build/Debug-iphonesimulator/Kingfisher.build/Objects-normal/x86_64/Kingfisher-Swift.h -o /Users/shivshankarttiwari/Library/Developer/Xcode/DerivedData/IPTV-eahagpsnkamlxmesxtplqdlwxzxw/Build/Intermediates.noindex/GeneratedModuleMaps-iphonesimulator/Kingfisher-Swift.h

Copy /Users/shivshankarttiwari/Library/Developer/Xcode/DerivedData/IPTV-eahagpsnkamlxmesxtplqdlwxzxw/Build/Products/Debug-iphonesimulator/Kingfisher.swiftmodule/x86_64-apple-ios-simulator.swiftmodule /Users/shivshankarttiwari/Library/Developer/Xcode/DerivedData/IPTV-eahagpsnkamlxmesxtplqdlwxzxw/Build/Intermediates.noindex/Kingfisher.build/Debug-iphonesimulator/Kingfisher.build/Objects-normal/x86_64/Kingfisher.swiftmodule (in target 'Kingfisher' from project 'Kingfisher')
    cd /Users/shivshankarttiwari/Library/Developer/Xcode/DerivedData/IPTV-eahagpsnkamlxmesxtplqdlwxzxw/SourcePackages/checkouts/Kingfisher
    builtin-copy -exclude .DS_Store -exclude CVS -exclude .svn -exclude .git -exclude .hg -resolve-src-symlinks -rename /Users/shivshankarttiwari/Library/Developer/Xcode/DerivedData/IPTV-eahagpsnkamlxmesxtplqdlwxzxw/Build/Intermediates.noindex/Kingfisher.build/Debug-iphonesimulator/Kingfisher.build/Objects-normal/x86_64/Kingfisher.swiftmodule /Users/shivshankarttiwari/Library/Developer/Xcode/DerivedData/IPTV-eahagpsnkamlxmesxtplqdlwxzxw/Build/Products/Debug-iphonesimulator/Kingfisher.swiftmodule/x86_64-apple-ios-simulator.swiftmodule

Copy /Users/shivshankarttiwari/Library/Developer/Xcode/DerivedData/IPTV-eahagpsnkamlxmesxtplqdlwxzxw/Build/Products/Debug-iphonesimulator/Kingfisher.swiftmodule/x86_64-apple-ios-simulator.swiftdoc /Users/shivshankarttiwari/Library/Developer/Xcode/DerivedData/IPTV-eahagpsnkamlxmesxtplqdlwxzxw/Build/Intermediates.noindex/Kingfisher.build/Debug-iphonesimulator/Kingfisher.build/Objects-normal/x86_64/Kingfisher.swiftdoc (in target 'Kingfisher' from project 'Kingfisher')
    cd /Users/shivshankarttiwari/Library/Developer/Xcode/DerivedData/IPTV-eahagpsnkamlxmesxtplqdlwxzxw/SourcePackages/checkouts/Kingfisher
    builtin-copy -exclude .DS_Store -exclude CVS -exclude .svn -exclude .git -exclude .hg -resolve-src-symlinks -rename /Users/shivshankarttiwari/Library/Developer/Xcode/DerivedData/IPTV-eahagpsnkamlxmesxtplqdlwxzxw/Build/Intermediates.noindex/Kingfisher.build/Debug-iphonesimulator/Kingfisher.build/Objects-normal/x86_64/Kingfisher.swiftdoc /Users/shivshankarttiwari/Library/Developer/Xcode/DerivedData/IPTV-eahagpsnkamlxmesxtplqdlwxzxw/Build/Products/Debug-iphonesimulator/Kingfisher.swiftmodule/x86_64-apple-ios-simulator.swiftdoc

Copy /Users/shivshankarttiwari/Library/Developer/Xcode/DerivedData/IPTV-eahagpsnkamlxmesxtplqdlwxzxw/Build/Products/Debug-iphonesimulator/Kingfisher.swiftmodule/x86_64-apple-ios-simulator.abi.json /Users/shivshankarttiwari/Library/Developer/Xcode/DerivedData/IPTV-eahagpsnkamlxmesxtplqdlwxzxw/Build/Intermediates.noindex/Kingfisher.build/Debug-iphonesimulator/Kingfisher.build/Objects-normal/x86_64/Kingfisher.abi.json (in target 'Kingfisher' from project 'Kingfisher')
    cd /Users/shivshankarttiwari/Library/Developer/Xcode/DerivedData/IPTV-eahagpsnkamlxmesxtplqdlwxzxw/SourcePackages/checkouts/Kingfisher
    builtin-copy -exclude .DS_Store -exclude CVS -exclude .svn -exclude .git -exclude .hg -resolve-src-symlinks -rename /Users/shivshankarttiwari/Library/Developer/Xcode/DerivedData/IPTV-eahagpsnkamlxmesxtplqdlwxzxw/Build/Intermediates.noindex/Kingfisher.build/Debug-iphonesimulator/Kingfisher.build/Objects-normal/x86_64/Kingfisher.abi.json /Users/shivshankarttiwari/Library/Developer/Xcode/DerivedData/IPTV-eahagpsnkamlxmesxtplqdlwxzxw/Build/Products/Debug-iphonesimulator/Kingfisher.swiftmodule/x86_64-apple-ios-simulator.abi.json

Copy /Users/shivshankarttiwari/Library/Developer/Xcode/DerivedData/IPTV-eahagpsnkamlxmesxtplqdlwxzxw/Build/Products/Debug-iphonesimulator/Kingfisher.swiftmodule/Project/x86_64-apple-ios-simulator.swiftsourceinfo /Users/shivshankarttiwari/Library/Developer/Xcode/DerivedData/IPTV-eahagpsnkamlxmesxtplqdlwxzxw/Build/Intermediates.noindex/Kingfisher.build/Debug-iphonesimulator/Kingfisher.build/Objects-normal/x86_64/Kingfisher.swiftsourceinfo (in target 'Kingfisher' from project 'Kingfisher')
    cd /Users/shivshankarttiwari/Library/Developer/Xcode/DerivedData/IPTV-eahagpsnkamlxmesxtplqdlwxzxw/SourcePackages/checkouts/Kingfisher
    builtin-copy -exclude .DS_Store -exclude CVS -exclude .svn -exclude .git -exclude .hg -resolve-src-symlinks -rename /Users/shivshankarttiwari/Library/Developer/Xcode/DerivedData/IPTV-eahagpsnkamlxmesxtplqdlwxzxw/Build/Intermediates.noindex/Kingfisher.build/Debug-iphonesimulator/Kingfisher.build/Objects-normal/x86_64/Kingfisher.swiftsourceinfo /Users/shivshankarttiwari/Library/Developer/Xcode/DerivedData/IPTV-eahagpsnkamlxmesxtplqdlwxzxw/Build/Products/Debug-iphonesimulator/Kingfisher.swiftmodule/Project/x86_64-apple-ios-simulator.swiftsourceinfo

Ld /Users/shivshankarttiwari/Library/Developer/Xcode/DerivedData/IPTV-eahagpsnkamlxmesxtplqdlwxzxw/Build/Intermediates.noindex/Kingfisher.build/Debug-iphonesimulator/Kingfisher.build/Objects-normal/arm64/Binary/Kingfisher.o normal arm64 (in target 'Kingfisher' from project 'Kingfisher')
    cd /Users/shivshankarttiwari/Library/Developer/Xcode/DerivedData/IPTV-eahagpsnkamlxmesxtplqdlwxzxw/SourcePackages/checkouts/Kingfisher
    /Applications/Xcode.app/Contents/Developer/Toolchains/XcodeDefault.xctoolchain/usr/bin/clang -Xlinker -reproducible -target arm64-apple-ios13.0-simulator -r -isysroot /Applications/Xcode.app/Contents/Developer/Platforms/iPhoneSimulator.platform/Developer/SDKs/iPhoneSimulator26.0.sdk -O0 -w -L/Users/shivshankarttiwari/Library/Developer/Xcode/DerivedData/IPTV-eahagpsnkamlxmesxtplqdlwxzxw/Build/Intermediates.noindex/EagerLinkingTBDs/Debug-iphonesimulator -L/Users/shivshankarttiwari/Library/Developer/Xcode/DerivedData/IPTV-eahagpsnkamlxmesxtplqdlwxzxw/Build/Products/Debug-iphonesimulator -L/Applications/Xcode.app/Contents/Developer/Platforms/iPhoneSimulator.platform/Developer/usr/lib -F/Users/shivshankarttiwari/Library/Developer/Xcode/DerivedData/IPTV-eahagpsnkamlxmesxtplqdlwxzxw/Build/Intermediates.noindex/EagerLinkingTBDs/Debug-iphonesimulator -F/Users/shivshankarttiwari/Library/Developer/Xcode/DerivedData/IPTV-eahagpsnkamlxmesxtplqdlwxzxw/Build/Products/Debug-iphonesimulator -iframework /Applications/Xcode.app/Contents/Developer/Platforms/iPhoneSimulator.platform/Developer/Library/Frameworks -iframework /Applications/Xcode.app/Contents/Developer/Platforms/iPhoneSimulator.platform/Developer/SDKs/iPhoneSimulator26.0.sdk/Developer/Library/Frameworks -filelist /Users/shivshankarttiwari/Library/Developer/Xcode/DerivedData/IPTV-eahagpsnkamlxmesxtplqdlwxzxw/Build/Intermediates.noindex/Kingfisher.build/Debug-iphonesimulator/Kingfisher.build/Objects-normal/arm64/Kingfisher.LinkFileList -nostdlib -Xlinker -object_path_lto -Xlinker /Users/shivshankarttiwari/Library/Developer/Xcode/DerivedData/IPTV-eahagpsnkamlxmesxtplqdlwxzxw/Build/Intermediates.noindex/Kingfisher.build/Debug-iphonesimulator/Kingfisher.build/Objects-normal/arm64/Kingfisher_lto.o -rdynamic -Xlinker -no_deduplicate -Xlinker -objc_abi_version -Xlinker 2 -Xlinker -dependency_info -Xlinker /Users/shivshankarttiwari/Library/Developer/Xcode/DerivedData/IPTV-eahagpsnkamlxmesxtplqdlwxzxw/Build/Intermediates.noindex/Kingfisher.build/Debug-iphonesimulator/Kingfisher.build/Objects-normal/arm64/Kingfisher_dependency_info.dat -fobjc-link-runtime -L/Applications/Xcode.app/Contents/Developer/Toolchains/XcodeDefault.xctoolchain/usr/lib/swift/iphonesimulator -L/usr/lib/swift -Xlinker -add_ast_path -Xlinker /Users/shivshankarttiwari/Library/Developer/Xcode/DerivedData/IPTV-eahagpsnkamlxmesxtplqdlwxzxw/Build/Intermediates.noindex/Kingfisher.build/Debug-iphonesimulator/Kingfisher.build/Objects-normal/arm64/Kingfisher.swiftmodule @/Users/shivshankarttiwari/Library/Developer/Xcode/DerivedData/IPTV-eahagpsnkamlxmesxtplqdlwxzxw/Build/Intermediates.noindex/Kingfisher.build/Debug-iphonesimulator/Kingfisher.build/Objects-normal/arm64/Kingfisher-linker-args.resp -o /Users/shivshankarttiwari/Library/Developer/Xcode/DerivedData/IPTV-eahagpsnkamlxmesxtplqdlwxzxw/Build/Intermediates.noindex/Kingfisher.build/Debug-iphonesimulator/Kingfisher.build/Objects-normal/arm64/Binary/Kingfisher.o

ProcessProductPackaging "" /Users/shivshankarttiwari/Library/Developer/Xcode/DerivedData/IPTV-eahagpsnkamlxmesxtplqdlwxzxw/Build/Intermediates.noindex/IPTV.build/Debug-iphonesimulator/IPTV.build/IPTV.app-Simulated.xcent (in target 'IPTV' from project 'IPTV')
    cd /Users/shivshankarttiwari/Documents/Pending\ Projects/IPTV
    
    Entitlements:
    
    {
    "application-identifier" = "4R6JWPWH5N.com.hiren.IPTV";
}
    
    builtin-productPackagingUtility -entitlements -format xml -o /Users/shivshankarttiwari/Library/Developer/Xcode/DerivedData/IPTV-eahagpsnkamlxmesxtplqdlwxzxw/Build/Intermediates.noindex/IPTV.build/Debug-iphonesimulator/IPTV.build/IPTV.app-Simulated.xcent

ProcessProductPackagingDER /Users/shivshankarttiwari/Library/Developer/Xcode/DerivedData/IPTV-eahagpsnkamlxmesxtplqdlwxzxw/Build/Intermediates.noindex/IPTV.build/Debug-iphonesimulator/IPTV.build/IPTV.app-Simulated.xcent /Users/shivshankarttiwari/Library/Developer/Xcode/DerivedData/IPTV-eahagpsnkamlxmesxtplqdlwxzxw/Build/Intermediates.noindex/IPTV.build/Debug-iphonesimulator/IPTV.build/IPTV.app-Simulated.xcent.der (in target 'IPTV' from project 'IPTV')
    cd /Users/shivshankarttiwari/Documents/Pending\ Projects/IPTV
    /usr/bin/derq query -f xml -i /Users/shivshankarttiwari/Library/Developer/Xcode/DerivedData/IPTV-eahagpsnkamlxmesxtplqdlwxzxw/Build/Intermediates.noindex/IPTV.build/Debug-iphonesimulator/IPTV.build/IPTV.app-Simulated.xcent -o /Users/shivshankarttiwari/Library/Developer/Xcode/DerivedData/IPTV-eahagpsnkamlxmesxtplqdlwxzxw/Build/Intermediates.noindex/IPTV.build/Debug-iphonesimulator/IPTV.build/IPTV.app-Simulated.xcent.der --raw

GenerateAssetSymbols /Users/shivshankarttiwari/Documents/Pending\ Projects/IPTV/IPTV/Assets.xcassets (in target 'IPTV' from project 'IPTV')
    cd /Users/shivshankarttiwari/Documents/Pending\ Projects/IPTV
    /Applications/Xcode.app/Contents/Developer/usr/bin/actool /Users/shivshankarttiwari/Documents/Pending\ Projects/IPTV/IPTV/Assets.xcassets --compile /Users/shivshankarttiwari/Library/Developer/Xcode/DerivedData/IPTV-eahagpsnkamlxmesxtplqdlwxzxw/Build/Products/Debug-iphonesimulator/IPTV.app --output-format human-readable-text --notices --warnings --export-dependency-info /Users/shivshankarttiwari/Library/Developer/Xcode/DerivedData/IPTV-eahagpsnkamlxmesxtplqdlwxzxw/Build/Intermediates.noindex/IPTV.build/Debug-iphonesimulator/IPTV.build/assetcatalog_dependencies --output-partial-info-plist /Users/shivshankarttiwari/Library/Developer/Xcode/DerivedData/IPTV-eahagpsnkamlxmesxtplqdlwxzxw/Build/Intermediates.noindex/IPTV.build/Debug-iphonesimulator/IPTV.build/assetcatalog_generated_info.plist --app-icon AppIcon --accent-color AccentColor --compress-pngs --enable-on-demand-resources YES --development-region en --target-device iphone --target-device ipad --minimum-deployment-target 17.0 --platform iphonesimulator --bundle-identifier com.hiren.IPTV --generate-swift-asset-symbols /Users/shivshankarttiwari/Library/Developer/Xcode/DerivedData/IPTV-eahagpsnkamlxmesxtplqdlwxzxw/Build/Intermediates.noindex/IPTV.build/Debug-iphonesimulator/IPTV.build/DerivedSources/GeneratedAssetSymbols.swift --generate-objc-asset-symbols /Users/shivshankarttiwari/Library/Developer/Xcode/DerivedData/IPTV-eahagpsnkamlxmesxtplqdlwxzxw/Build/Intermediates.noindex/IPTV.build/Debug-iphonesimulator/IPTV.build/DerivedSources/GeneratedAssetSymbols.h --generate-asset-symbol-index /Users/shivshankarttiwari/Library/Developer/Xcode/DerivedData/IPTV-eahagpsnkamlxmesxtplqdlwxzxw/Build/Intermediates.noindex/IPTV.build/Debug-iphonesimulator/IPTV.build/DerivedSources/GeneratedAssetSymbols-Index.plist
/* com.apple.actool.compilation-results */
/Users/shivshankarttiwari/Library/Developer/Xcode/DerivedData/IPTV-eahagpsnkamlxmesxtplqdlwxzxw/Build/Intermediates.noindex/IPTV.build/Debug-iphonesimulator/IPTV.build/DerivedSources/GeneratedAssetSymbols-Index.plist
/Users/shivshankarttiwari/Library/Developer/Xcode/DerivedData/IPTV-eahagpsnkamlxmesxtplqdlwxzxw/Build/Intermediates.noindex/IPTV.build/Debug-iphonesimulator/IPTV.build/DerivedSources/GeneratedAssetSymbols.h
/Users/shivshankarttiwari/Library/Developer/Xcode/DerivedData/IPTV-eahagpsnkamlxmesxtplqdlwxzxw/Build/Intermediates.noindex/IPTV.build/Debug-iphonesimulator/IPTV.build/DerivedSources/GeneratedAssetSymbols.swift


DataModelCodegen /Users/shivshankarttiwari/Documents/Pending\ Projects/IPTV/IPTV/IPTV.xcdatamodeld (in target 'IPTV' from project 'IPTV')
    cd /Users/shivshankarttiwari/Documents/Pending\ Projects/IPTV
    /Applications/Xcode.app/Contents/Developer/usr/bin/momc --action generate --swift-version 5.0 --sdkroot /Applications/Xcode.app/Contents/Developer/Platforms/iPhoneSimulator.platform/Developer/SDKs/iPhoneSimulator26.0.sdk --iphonesimulator-deployment-target 17.0 --module IPTV /Users/shivshankarttiwari/Documents/Pending\ Projects/IPTV/IPTV/IPTV.xcdatamodeld /Users/shivshankarttiwari/Library/Developer/Xcode/DerivedData/IPTV-eahagpsnkamlxmesxtplqdlwxzxw/Build/Intermediates.noindex/IPTV.build/Debug-iphonesimulator/IPTV.build/DerivedSources/CoreDataGenerated/IPTV

SwiftDriverJobDiscovery normal x86_64 Compiling Result.swift, Runtime.swift, SizeExtensions.swift, String+SHA256.swift, AnimatedImageView.swift, Indicator.swift (in target 'Kingfisher' from project 'Kingfisher')

CompileAssetCatalogVariant thinned /Users/shivshankarttiwari/Library/Developer/Xcode/DerivedData/IPTV-eahagpsnkamlxmesxtplqdlwxzxw/Build/Products/Debug-iphonesimulator/IPTV.app /Users/shivshankarttiwari/Documents/Pending\ Projects/IPTV/IPTV/Assets.xcassets (in target 'IPTV' from project 'IPTV')
    cd /Users/shivshankarttiwari/Documents/Pending\ Projects/IPTV
    /Applications/Xcode.app/Contents/Developer/usr/bin/actool /Users/shivshankarttiwari/Documents/Pending\ Projects/IPTV/IPTV/Assets.xcassets --compile /Users/shivshankarttiwari/Library/Developer/Xcode/DerivedData/IPTV-eahagpsnkamlxmesxtplqdlwxzxw/Build/Intermediates.noindex/IPTV.build/Debug-iphonesimulator/IPTV.build/assetcatalog_output/thinned --output-format human-readable-text --notices --warnings --export-dependency-info /Users/shivshankarttiwari/Library/Developer/Xcode/DerivedData/IPTV-eahagpsnkamlxmesxtplqdlwxzxw/Build/Intermediates.noindex/IPTV.build/Debug-iphonesimulator/IPTV.build/assetcatalog_dependencies_thinned --output-partial-info-plist /Users/shivshankarttiwari/Library/Developer/Xcode/DerivedData/IPTV-eahagpsnkamlxmesxtplqdlwxzxw/Build/Intermediates.noindex/IPTV.build/Debug-iphonesimulator/IPTV.build/assetcatalog_generated_info.plist_thinned --app-icon AppIcon --accent-color AccentColor --compress-pngs --enable-on-demand-resources YES --development-region en --target-device iphone --target-device ipad --minimum-deployment-target 17.0 --platform iphonesimulator
/* com.apple.actool.compilation-results */
/Users/shivshankarttiwari/Library/Developer/Xcode/DerivedData/IPTV-eahagpsnkamlxmesxtplqdlwxzxw/Build/Intermediates.noindex/IPTV.build/Debug-iphonesimulator/IPTV.build/assetcatalog_generated_info.plist_thinned


SwiftDriverJobDiscovery normal x86_64 Compiling CPListItem+Kingfisher.swift, HasImageComponent+Kingfisher.swift, ImageView+Kingfisher.swift, NSButton+Kingfisher.swift, NSTextAttachment+Kingfisher.swift, PHLivePhotoView+Kingfisher.swift, UIButton+Kingfisher.swift (in target 'Kingfisher' from project 'Kingfisher')

SwiftDriverJobDiscovery normal x86_64 Compiling resource_bundle_accessor.swift, CacheSerializer.swift, DiskStorage.swift, FormatIndicatedCacheSerializer.swift, ImageCache.swift, MemoryStorage.swift, Storage.swift (in target 'Kingfisher' from project 'Kingfisher')

SwiftDriverJobDiscovery normal x86_64 Compiling SessionDataTask.swift, SessionDelegate.swift, ImageBinder.swift, ImageContext.swift, KFAnimatedImage.swift, KFImage.swift, KFImageOptions.swift (in target 'Kingfisher' from project 'Kingfisher')

SwiftDriverJobDiscovery normal x86_64 Compiling KFOptionsSetter.swift, Kingfisher.swift, KingfisherError.swift, KingfisherManager+LivePhoto.swift, KingfisherManager.swift, KingfisherOptionsInfo.swift, Filter.swift (in target 'Kingfisher' from project 'Kingfisher')

SwiftDriverJobDiscovery normal x86_64 Compiling AVAssetImageDataProvider.swift, ImageDataProvider.swift, LivePhotoSource.swift, PHPickerResultImageDataProvider.swift, Resource.swift, Source.swift, KF.swift (in target 'Kingfisher' from project 'Kingfisher')

SwiftDriverJobDiscovery normal x86_64 Compiling GIFAnimatedImage.swift, GraphicsContext.swift, Image.swift, ImageDrawing.swift, ImageFormat.swift, ImageProcessor.swift, ImageProgressive.swift (in target 'Kingfisher' from project 'Kingfisher')

SwiftDriver\ Compilation Kingfisher normal x86_64 com.apple.xcode.tools.swift.compiler (in target 'Kingfisher' from project 'Kingfisher')
    cd /Users/shivshankarttiwari/Documents/Pending\ Projects/IPTV/IPTV.xcodeproj
    builtin-Swift-Compilation -- /Applications/Xcode.app/Contents/Developer/Toolchains/XcodeDefault.xctoolchain/usr/bin/swiftc -module-name Kingfisher -Onone -enforce-exclusivity\=checked @/Users/shivshankarttiwari/Library/Developer/Xcode/DerivedData/IPTV-eahagpsnkamlxmesxtplqdlwxzxw/Build/Intermediates.noindex/Kingfisher.build/Debug-iphonesimulator/Kingfisher.build/Objects-normal/x86_64/Kingfisher.SwiftFileList -DSWIFT_PACKAGE -DDEBUG -DSWIFT_MODULE_RESOURCE_BUNDLE_AVAILABLE -DXcode -plugin-path /Applications/Xcode.app/Contents/Developer/Toolchains/XcodeDefault.xctoolchain/usr/lib/swift/host/plugins/testing -enable-experimental-feature DebugDescriptionMacro -sdk /Applications/Xcode.app/Contents/Developer/Platforms/iPhoneSimulator.platform/Developer/SDKs/iPhoneSimulator26.0.sdk -target x86_64-apple-ios13.0-simulator -g -module-cache-path /Users/shivshankarttiwari/Library/Developer/Xcode/DerivedData/ModuleCache.noindex -Xfrontend -serialize-debugging-options -enable-testing -suppress-warnings -index-store-path /Users/shivshankarttiwari/Library/Developer/Xcode/DerivedData/IPTV-eahagpsnkamlxmesxtplqdlwxzxw/Index.noindex/DataStore -Xcc -D_LIBCPP_HARDENING_MODE\=_LIBCPP_HARDENING_MODE_DEBUG -swift-version 5 -I /Users/shivshankarttiwari/Library/Developer/Xcode/DerivedData/IPTV-eahagpsnkamlxmesxtplqdlwxzxw/Build/Products/Debug-iphonesimulator -Isystem /Applications/Xcode.app/Contents/Developer/Platforms/iPhoneSimulator.platform/Developer/usr/lib -F /Users/shivshankarttiwari/Library/Developer/Xcode/DerivedData/IPTV-eahagpsnkamlxmesxtplqdlwxzxw/Build/Products/Debug-iphonesimulator -F /Applications/Xcode.app/Contents/Developer/Platforms/iPhoneSimulator.platform/Developer/Library/Frameworks -F /Applications/Xcode.app/Contents/Developer/Platforms/iPhoneSimulator.platform/Developer/SDKs/iPhoneSimulator26.0.sdk/Developer/Library/Frameworks -c -j10 -enable-batch-mode -incremental -Xcc -ivfsstatcache -Xcc /Users/shivshankarttiwari/Library/Developer/Xcode/DerivedData/SDKStatCaches.noindex/iphonesimulator26.0-23A339-3885c01c3e6b6a337905948deab2002e26257891a6c027eb51374368541b8346.sdkstatcache -output-file-map /Users/shivshankarttiwari/Library/Developer/Xcode/DerivedData/IPTV-eahagpsnkamlxmesxtplqdlwxzxw/Build/Intermediates.noindex/Kingfisher.build/Debug-iphonesimulator/Kingfisher.build/Objects-normal/x86_64/Kingfisher-OutputFileMap.json -use-frontend-parseable-output -save-temps -no-color-diagnostics -explicit-module-build -module-cache-path /Users/shivshankarttiwari/Library/Developer/Xcode/DerivedData/IPTV-eahagpsnkamlxmesxtplqdlwxzxw/Build/Intermediates.noindex/SwiftExplicitPrecompiledModules -clang-scanner-module-cache-path /Users/shivshankarttiwari/Library/Developer/Xcode/DerivedData/ModuleCache.noindex -sdk-module-cache-path /Users/shivshankarttiwari/Library/Developer/Xcode/DerivedData/ModuleCache.noindex -serialize-diagnostics -emit-dependencies -emit-module -emit-module-path /Users/shivshankarttiwari/Library/Developer/Xcode/DerivedData/IPTV-eahagpsnkamlxmesxtplqdlwxzxw/Build/Intermediates.noindex/Kingfisher.build/Debug-iphonesimulator/Kingfisher.build/Objects-normal/x86_64/Kingfisher.swiftmodule -validate-clang-modules-once -clang-build-session-file /Users/shivshankarttiwari/Library/Developer/Xcode/DerivedData/ModuleCache.noindex/Session.modulevalidation -package-name kingfisher -Xcc -I/Users/shivshankarttiwari/Library/Developer/Xcode/DerivedData/IPTV-eahagpsnkamlxmesxtplqdlwxzxw/Build/Intermediates.noindex/Kingfisher.build/Debug-iphonesimulator/Kingfisher.build/swift-overrides.hmap -emit-const-values -Xfrontend -const-gather-protocols-file -Xfrontend /Users/shivshankarttiwari/Library/Developer/Xcode/DerivedData/IPTV-eahagpsnkamlxmesxtplqdlwxzxw/Build/Intermediates.noindex/Kingfisher.build/Debug-iphonesimulator/Kingfisher.build/Objects-normal/x86_64/Kingfisher_const_extract_protocols.json -Xcc -I/Users/shivshankarttiwari/Library/Developer/Xcode/DerivedData/IPTV-eahagpsnkamlxmesxtplqdlwxzxw/Build/Products/Debug-iphonesimulator/include -Xcc -I/Users/shivshankarttiwari/Library/Developer/Xcode/DerivedData/IPTV-eahagpsnkamlxmesxtplqdlwxzxw/Build/Intermediates.noindex/Kingfisher.build/Debug-iphonesimulator/Kingfisher.build/DerivedSources-normal/x86_64 -Xcc -I/Users/shivshankarttiwari/Library/Developer/Xcode/DerivedData/IPTV-eahagpsnkamlxmesxtplqdlwxzxw/Build/Intermediates.noindex/Kingfisher.build/Debug-iphonesimulator/Kingfisher.build/DerivedSources/x86_64 -Xcc -I/Users/shivshankarttiwari/Library/Developer/Xcode/DerivedData/IPTV-eahagpsnkamlxmesxtplqdlwxzxw/Build/Intermediates.noindex/Kingfisher.build/Debug-iphonesimulator/Kingfisher.build/DerivedSources -Xcc -DSWIFT_PACKAGE -Xcc -DDEBUG\=1 -emit-objc-header -emit-objc-header-path /Users/shivshankarttiwari/Library/Developer/Xcode/DerivedData/IPTV-eahagpsnkamlxmesxtplqdlwxzxw/Build/Intermediates.noindex/Kingfisher.build/Debug-iphonesimulator/Kingfisher.build/Objects-normal/x86_64/Kingfisher-Swift.h -working-directory /Users/shivshankarttiwari/Documents/Pending\ Projects/IPTV/IPTV.xcodeproj -experimental-emit-module-separately -disable-cmo

Ld /Users/shivshankarttiwari/Library/Developer/Xcode/DerivedData/IPTV-eahagpsnkamlxmesxtplqdlwxzxw/Build/Intermediates.noindex/Kingfisher.build/Debug-iphonesimulator/Kingfisher.build/Objects-normal/x86_64/Binary/Kingfisher.o normal x86_64 (in target 'Kingfisher' from project 'Kingfisher')
    cd /Users/shivshankarttiwari/Library/Developer/Xcode/DerivedData/IPTV-eahagpsnkamlxmesxtplqdlwxzxw/SourcePackages/checkouts/Kingfisher
    /Applications/Xcode.app/Contents/Developer/Toolchains/XcodeDefault.xctoolchain/usr/bin/clang -Xlinker -reproducible -target x86_64-apple-ios13.0-simulator -r -isysroot /Applications/Xcode.app/Contents/Developer/Platforms/iPhoneSimulator.platform/Developer/SDKs/iPhoneSimulator26.0.sdk -O0 -w -L/Users/shivshankarttiwari/Library/Developer/Xcode/DerivedData/IPTV-eahagpsnkamlxmesxtplqdlwxzxw/Build/Intermediates.noindex/EagerLinkingTBDs/Debug-iphonesimulator -L/Users/shivshankarttiwari/Library/Developer/Xcode/DerivedData/IPTV-eahagpsnkamlxmesxtplqdlwxzxw/Build/Products/Debug-iphonesimulator -L/Applications/Xcode.app/Contents/Developer/Platforms/iPhoneSimulator.platform/Developer/usr/lib -F/Users/shivshankarttiwari/Library/Developer/Xcode/DerivedData/IPTV-eahagpsnkamlxmesxtplqdlwxzxw/Build/Intermediates.noindex/EagerLinkingTBDs/Debug-iphonesimulator -F/Users/shivshankarttiwari/Library/Developer/Xcode/DerivedData/IPTV-eahagpsnkamlxmesxtplqdlwxzxw/Build/Products/Debug-iphonesimulator -iframework /Applications/Xcode.app/Contents/Developer/Platforms/iPhoneSimulator.platform/Developer/Library/Frameworks -iframework /Applications/Xcode.app/Contents/Developer/Platforms/iPhoneSimulator.platform/Developer/SDKs/iPhoneSimulator26.0.sdk/Developer/Library/Frameworks -filelist /Users/shivshankarttiwari/Library/Developer/Xcode/DerivedData/IPTV-eahagpsnkamlxmesxtplqdlwxzxw/Build/Intermediates.noindex/Kingfisher.build/Debug-iphonesimulator/Kingfisher.build/Objects-normal/x86_64/Kingfisher.LinkFileList -nostdlib -Xlinker -object_path_lto -Xlinker /Users/shivshankarttiwari/Library/Developer/Xcode/DerivedData/IPTV-eahagpsnkamlxmesxtplqdlwxzxw/Build/Intermediates.noindex/Kingfisher.build/Debug-iphonesimulator/Kingfisher.build/Objects-normal/x86_64/Kingfisher_lto.o -rdynamic -Xlinker -no_deduplicate -Xlinker -objc_abi_version -Xlinker 2 -Xlinker -dependency_info -Xlinker /Users/shivshankarttiwari/Library/Developer/Xcode/DerivedData/IPTV-eahagpsnkamlxmesxtplqdlwxzxw/Build/Intermediates.noindex/Kingfisher.build/Debug-iphonesimulator/Kingfisher.build/Objects-normal/x86_64/Kingfisher_dependency_info.dat -fobjc-link-runtime -L/Applications/Xcode.app/Contents/Developer/Toolchains/XcodeDefault.xctoolchain/usr/lib/swift/iphonesimulator -L/usr/lib/swift -Xlinker -add_ast_path -Xlinker /Users/shivshankarttiwari/Library/Developer/Xcode/DerivedData/IPTV-eahagpsnkamlxmesxtplqdlwxzxw/Build/Intermediates.noindex/Kingfisher.build/Debug-iphonesimulator/Kingfisher.build/Objects-normal/x86_64/Kingfisher.swiftmodule @/Users/shivshankarttiwari/Library/Developer/Xcode/DerivedData/IPTV-eahagpsnkamlxmesxtplqdlwxzxw/Build/Intermediates.noindex/Kingfisher.build/Debug-iphonesimulator/Kingfisher.build/Objects-normal/x86_64/Kingfisher-linker-args.resp -o /Users/shivshankarttiwari/Library/Developer/Xcode/DerivedData/IPTV-eahagpsnkamlxmesxtplqdlwxzxw/Build/Intermediates.noindex/Kingfisher.build/Debug-iphonesimulator/Kingfisher.build/Objects-normal/x86_64/Binary/Kingfisher.o

CreateUniversalBinary /Users/shivshankarttiwari/Library/Developer/Xcode/DerivedData/IPTV-eahagpsnkamlxmesxtplqdlwxzxw/Build/Products/Debug-iphonesimulator/Kingfisher.o normal arm64\ x86_64 (in target 'Kingfisher' from project 'Kingfisher')
    cd /Users/shivshankarttiwari/Library/Developer/Xcode/DerivedData/IPTV-eahagpsnkamlxmesxtplqdlwxzxw/SourcePackages/checkouts/Kingfisher
    /Applications/Xcode.app/Contents/Developer/Toolchains/XcodeDefault.xctoolchain/usr/bin/lipo -create /Users/shivshankarttiwari/Library/Developer/Xcode/DerivedData/IPTV-eahagpsnkamlxmesxtplqdlwxzxw/Build/Intermediates.noindex/Kingfisher.build/Debug-iphonesimulator/Kingfisher.build/Objects-normal/arm64/Binary/Kingfisher.o /Users/shivshankarttiwari/Library/Developer/Xcode/DerivedData/IPTV-eahagpsnkamlxmesxtplqdlwxzxw/Build/Intermediates.noindex/Kingfisher.build/Debug-iphonesimulator/Kingfisher.build/Objects-normal/x86_64/Binary/Kingfisher.o -output /Users/shivshankarttiwari/Library/Developer/Xcode/DerivedData/IPTV-eahagpsnkamlxmesxtplqdlwxzxw/Build/Products/Debug-iphonesimulator/Kingfisher.o

ExtractAppIntentsMetadata (in target 'Kingfisher' from project 'Kingfisher')
    cd /Users/shivshankarttiwari/Library/Developer/Xcode/DerivedData/IPTV-eahagpsnkamlxmesxtplqdlwxzxw/SourcePackages/checkouts/Kingfisher
    /Applications/Xcode.app/Contents/Developer/Toolchains/XcodeDefault.xctoolchain/usr/bin/appintentsmetadataprocessor --toolchain-dir /var/run/com.apple.security.cryptexd/mnt/com.apple.MobileAsset.MetalToolchain-v17.1.324.0.22bABY/Metal.xctoolchain --module-name Kingfisher --sdk-root /Applications/Xcode.app/Contents/Developer/Platforms/iPhoneSimulator.platform/Developer/SDKs/iPhoneSimulator26.0.sdk --xcode-version 17A400 --platform-family iOS --deployment-target 13.0 --bundle-identifier kingfisher.Kingfisher --output /Users/shivshankarttiwari/Library/Developer/Xcode/DerivedData/IPTV-eahagpsnkamlxmesxtplqdlwxzxw/Build/Products/Debug-iphonesimulator/Kingfisher.appintents --target-triple arm64-apple-ios13.0-simulator --target-triple x86_64-apple-ios13.0-simulator --binary-file /Users/shivshankarttiwari/Library/Developer/Xcode/DerivedData/IPTV-eahagpsnkamlxmesxtplqdlwxzxw/Build/Products/Debug-iphonesimulator/Kingfisher.o --dependency-file /Users/shivshankarttiwari/Library/Developer/Xcode/DerivedData/IPTV-eahagpsnkamlxmesxtplqdlwxzxw/Build/Intermediates.noindex/Kingfisher.build/Debug-iphonesimulator/Kingfisher.build/Objects-normal/arm64/Kingfisher_dependency_info.dat --dependency-file /Users/shivshankarttiwari/Library/Developer/Xcode/DerivedData/IPTV-eahagpsnkamlxmesxtplqdlwxzxw/Build/Intermediates.noindex/Kingfisher.build/Debug-iphonesimulator/Kingfisher.build/Objects-normal/x86_64/Kingfisher_dependency_info.dat --stringsdata-file /Users/shivshankarttiwari/Library/Developer/Xcode/DerivedData/IPTV-eahagpsnkamlxmesxtplqdlwxzxw/Build/Intermediates.noindex/Kingfisher.build/Debug-iphonesimulator/Kingfisher.build/Objects-normal/arm64/ExtractedAppShortcutsMetadata.stringsdata --stringsdata-file /Users/shivshankarttiwari/Library/Developer/Xcode/DerivedData/IPTV-eahagpsnkamlxmesxtplqdlwxzxw/Build/Intermediates.noindex/Kingfisher.build/Debug-iphonesimulator/Kingfisher.build/Objects-normal/x86_64/ExtractedAppShortcutsMetadata.stringsdata --source-file-list /Users/shivshankarttiwari/Library/Developer/Xcode/DerivedData/IPTV-eahagpsnkamlxmesxtplqdlwxzxw/Build/Intermediates.noindex/Kingfisher.build/Debug-iphonesimulator/Kingfisher.build/Objects-normal/arm64/Kingfisher.SwiftFileList --source-file-list /Users/shivshankarttiwari/Library/Developer/Xcode/DerivedData/IPTV-eahagpsnkamlxmesxtplqdlwxzxw/Build/Intermediates.noindex/Kingfisher.build/Debug-iphonesimulator/Kingfisher.build/Objects-normal/x86_64/Kingfisher.SwiftFileList --metadata-file-list /Users/shivshankarttiwari/Library/Developer/Xcode/DerivedData/IPTV-eahagpsnkamlxmesxtplqdlwxzxw/Build/Intermediates.noindex/Kingfisher.build/Debug-iphonesimulator/Kingfisher.build/Kingfisher.DependencyMetadataFileList --static-metadata-file-list /Users/shivshankarttiwari/Library/Developer/Xcode/DerivedData/IPTV-eahagpsnkamlxmesxtplqdlwxzxw/Build/Intermediates.noindex/Kingfisher.build/Debug-iphonesimulator/Kingfisher.build/Kingfisher.DependencyStaticMetadataFileList --swift-const-vals-list /Users/shivshankarttiwari/Library/Developer/Xcode/DerivedData/IPTV-eahagpsnkamlxmesxtplqdlwxzxw/Build/Intermediates.noindex/Kingfisher.build/Debug-iphonesimulator/Kingfisher.build/Objects-normal/arm64/Kingfisher.SwiftConstValuesFileList --swift-const-vals-list /Users/shivshankarttiwari/Library/Developer/Xcode/DerivedData/IPTV-eahagpsnkamlxmesxtplqdlwxzxw/Build/Intermediates.noindex/Kingfisher.build/Debug-iphonesimulator/Kingfisher.build/Objects-normal/x86_64/Kingfisher.SwiftConstValuesFileList --force --compile-time-extraction --deployment-aware-processing --validate-assistant-intents --no-app-shortcuts-localization
2026-02-23 12:18:39.006 appintentsmetadataprocessor[84323:643945] Starting appintentsmetadataprocessor export
2026-02-23 12:18:39.118 appintentsmetadataprocessor[84323:643945] Extracted no relevant App Intents symbols, skipping writing output

SwiftDriver IPTV normal x86_64 com.apple.xcode.tools.swift.compiler (in target 'IPTV' from project 'IPTV')
    cd /Users/shivshankarttiwari/Documents/Pending\ Projects/IPTV
    builtin-SwiftDriver -- /Applications/Xcode.app/Contents/Developer/Toolchains/XcodeDefault.xctoolchain/usr/bin/swiftc -module-name IPTV -Onone -enforce-exclusivity\=checked @/Users/shivshankarttiwari/Library/Developer/Xcode/DerivedData/IPTV-eahagpsnkamlxmesxtplqdlwxzxw/Build/Intermediates.noindex/IPTV.build/Debug-iphonesimulator/IPTV.build/Objects-normal/x86_64/IPTV.SwiftFileList -DDEBUG -default-isolation\=MainActor -enable-bare-slash-regex -enable-upcoming-feature DisableOutwardActorInference -enable-upcoming-feature InferSendableFromCaptures -enable-upcoming-feature GlobalActorIsolatedTypesUsability -enable-upcoming-feature MemberImportVisibility -enable-upcoming-feature InferIsolatedConformances -enable-upcoming-feature NonisolatedNonsendingByDefault -enable-experimental-feature DebugDescriptionMacro -sdk /Applications/Xcode.app/Contents/Developer/Platforms/iPhoneSimulator.platform/Developer/SDKs/iPhoneSimulator26.0.sdk -target x86_64-apple-ios17.0-simulator -g -module-cache-path /Users/shivshankarttiwari/Library/Developer/Xcode/DerivedData/ModuleCache.noindex -Xfrontend -serialize-debugging-options -enable-testing -index-store-path /Users/shivshankarttiwari/Library/Developer/Xcode/DerivedData/IPTV-eahagpsnkamlxmesxtplqdlwxzxw/Index.noindex/DataStore -Xcc -D_LIBCPP_HARDENING_MODE\=_LIBCPP_HARDENING_MODE_DEBUG -swift-version 5 -I /Users/shivshankarttiwari/Library/Developer/Xcode/DerivedData/IPTV-eahagpsnkamlxmesxtplqdlwxzxw/Build/Products/Debug-iphonesimulator -F /Users/shivshankarttiwari/Library/Developer/Xcode/DerivedData/IPTV-eahagpsnkamlxmesxtplqdlwxzxw/Build/Products/Debug-iphonesimulator/PackageFrameworks -F /Users/shivshankarttiwari/Library/Developer/Xcode/DerivedData/IPTV-eahagpsnkamlxmesxtplqdlwxzxw/Build/Products/Debug-iphonesimulator -emit-localized-strings -emit-localized-strings-path /Users/shivshankarttiwari/Library/Developer/Xcode/DerivedData/IPTV-eahagpsnkamlxmesxtplqdlwxzxw/Build/Intermediates.noindex/IPTV.build/Debug-iphonesimulator/IPTV.build/Objects-normal/x86_64 -c -j10 -enable-batch-mode -incremental -Xcc -ivfsstatcache -Xcc /Users/shivshankarttiwari/Library/Developer/Xcode/DerivedData/SDKStatCaches.noindex/iphonesimulator26.0-23A339-3885c01c3e6b6a337905948deab2002e26257891a6c027eb51374368541b8346.sdkstatcache -output-file-map /Users/shivshankarttiwari/Library/Developer/Xcode/DerivedData/IPTV-eahagpsnkamlxmesxtplqdlwxzxw/Build/Intermediates.noindex/IPTV.build/Debug-iphonesimulator/IPTV.build/Objects-normal/x86_64/IPTV-OutputFileMap.json -use-frontend-parseable-output -save-temps -no-color-diagnostics -explicit-module-build -module-cache-path /Users/shivshankarttiwari/Library/Developer/Xcode/DerivedData/IPTV-eahagpsnkamlxmesxtplqdlwxzxw/Build/Intermediates.noindex/SwiftExplicitPrecompiledModules -clang-scanner-module-cache-path /Users/shivshankarttiwari/Library/Developer/Xcode/DerivedData/ModuleCache.noindex -sdk-module-cache-path /Users/shivshankarttiwari/Library/Developer/Xcode/DerivedData/ModuleCache.noindex -serialize-diagnostics -emit-dependencies -emit-module -emit-module-path /Users/shivshankarttiwari/Library/Developer/Xcode/DerivedData/IPTV-eahagpsnkamlxmesxtplqdlwxzxw/Build/Intermediates.noindex/IPTV.build/Debug-iphonesimulator/IPTV.build/Objects-normal/x86_64/IPTV.swiftmodule -validate-clang-modules-once -clang-build-session-file /Users/shivshankarttiwari/Library/Developer/Xcode/DerivedData/ModuleCache.noindex/Session.modulevalidation -Xcc -I/Users/shivshankarttiwari/Library/Developer/Xcode/DerivedData/IPTV-eahagpsnkamlxmesxtplqdlwxzxw/Build/Intermediates.noindex/IPTV.build/Debug-iphonesimulator/IPTV.build/swift-overrides.hmap -emit-const-values -Xfrontend -const-gather-protocols-file -Xfrontend /Users/shivshankarttiwari/Library/Developer/Xcode/DerivedData/IPTV-eahagpsnkamlxmesxtplqdlwxzxw/Build/Intermediates.noindex/IPTV.build/Debug-iphonesimulator/IPTV.build/Objects-normal/x86_64/IPTV_const_extract_protocols.json -Xcc -iquote -Xcc /Users/shivshankarttiwari/Library/Developer/Xcode/DerivedData/IPTV-eahagpsnkamlxmesxtplqdlwxzxw/Build/Intermediates.noindex/IPTV.build/Debug-iphonesimulator/IPTV.build/IPTV-generated-files.hmap -Xcc -I/Users/shivshankarttiwari/Library/Developer/Xcode/DerivedData/IPTV-eahagpsnkamlxmesxtplqdlwxzxw/Build/Intermediates.noindex/IPTV.build/Debug-iphonesimulator/IPTV.build/IPTV-own-target-headers.hmap -Xcc -I/Users/shivshankarttiwari/Library/Developer/Xcode/DerivedData/IPTV-eahagpsnkamlxmesxtplqdlwxzxw/Build/Intermediates.noindex/IPTV.build/Debug-iphonesimulator/IPTV.build/IPTV-all-non-framework-target-headers.hmap -Xcc -ivfsoverlay -Xcc /Users/shivshankarttiwari/Library/Developer/Xcode/DerivedData/IPTV-eahagpsnkamlxmesxtplqdlwxzxw/Build/Intermediates.noindex/IPTV.build/Debug-iphonesimulator/IPTV-1e1fb298ce6bf24a3074ca23e52cd4dc-VFS-iphonesimulator/all-product-headers.yaml -Xcc -iquote -Xcc /Users/shivshankarttiwari/Library/Developer/Xcode/DerivedData/IPTV-eahagpsnkamlxmesxtplqdlwxzxw/Build/Intermediates.noindex/IPTV.build/Debug-iphonesimulator/IPTV.build/IPTV-project-headers.hmap -Xcc -I/Users/shivshankarttiwari/Library/Developer/Xcode/DerivedData/IPTV-eahagpsnkamlxmesxtplqdlwxzxw/Build/Products/Debug-iphonesimulator/include -Xcc -I/Users/shivshankarttiwari/Library/Developer/Xcode/DerivedData/IPTV-eahagpsnkamlxmesxtplqdlwxzxw/Build/Intermediates.noindex/IPTV.build/Debug-iphonesimulator/IPTV.build/DerivedSources-normal/x86_64 -Xcc -I/Users/shivshankarttiwari/Library/Developer/Xcode/DerivedData/IPTV-eahagpsnkamlxmesxtplqdlwxzxw/Build/Intermediates.noindex/IPTV.build/Debug-iphonesimulator/IPTV.build/DerivedSources/x86_64 -Xcc -I/Users/shivshankarttiwari/Library/Developer/Xcode/DerivedData/IPTV-eahagpsnkamlxmesxtplqdlwxzxw/Build/Intermediates.noindex/IPTV.build/Debug-iphonesimulator/IPTV.build/DerivedSources -Xcc -DDEBUG\=1 -emit-objc-header -emit-objc-header-path /Users/shivshankarttiwari/Library/Developer/Xcode/DerivedData/IPTV-eahagpsnkamlxmesxtplqdlwxzxw/Build/Intermediates.noindex/IPTV.build/Debug-iphonesimulator/IPTV.build/Objects-normal/x86_64/IPTV-Swift.h -working-directory /Users/shivshankarttiwari/Documents/Pending\ Projects/IPTV -experimental-emit-module-separately -disable-cmo

SwiftDriver IPTV normal arm64 com.apple.xcode.tools.swift.compiler (in target 'IPTV' from project 'IPTV')
    cd /Users/shivshankarttiwari/Documents/Pending\ Projects/IPTV
    builtin-SwiftDriver -- /Applications/Xcode.app/Contents/Developer/Toolchains/XcodeDefault.xctoolchain/usr/bin/swiftc -module-name IPTV -Onone -enforce-exclusivity\=checked @/Users/shivshankarttiwari/Library/Developer/Xcode/DerivedData/IPTV-eahagpsnkamlxmesxtplqdlwxzxw/Build/Intermediates.noindex/IPTV.build/Debug-iphonesimulator/IPTV.build/Objects-normal/arm64/IPTV.SwiftFileList -DDEBUG -default-isolation\=MainActor -enable-bare-slash-regex -enable-upcoming-feature DisableOutwardActorInference -enable-upcoming-feature InferSendableFromCaptures -enable-upcoming-feature GlobalActorIsolatedTypesUsability -enable-upcoming-feature MemberImportVisibility -enable-upcoming-feature InferIsolatedConformances -enable-upcoming-feature NonisolatedNonsendingByDefault -enable-experimental-feature DebugDescriptionMacro -sdk /Applications/Xcode.app/Contents/Developer/Platforms/iPhoneSimulator.platform/Developer/SDKs/iPhoneSimulator26.0.sdk -target arm64-apple-ios17.0-simulator -g -module-cache-path /Users/shivshankarttiwari/Library/Developer/Xcode/DerivedData/ModuleCache.noindex -Xfrontend -serialize-debugging-options -enable-testing -index-store-path /Users/shivshankarttiwari/Library/Developer/Xcode/DerivedData/IPTV-eahagpsnkamlxmesxtplqdlwxzxw/Index.noindex/DataStore -Xcc -D_LIBCPP_HARDENING_MODE\=_LIBCPP_HARDENING_MODE_DEBUG -swift-version 5 -I /Users/shivshankarttiwari/Library/Developer/Xcode/DerivedData/IPTV-eahagpsnkamlxmesxtplqdlwxzxw/Build/Products/Debug-iphonesimulator -F /Users/shivshankarttiwari/Library/Developer/Xcode/DerivedData/IPTV-eahagpsnkamlxmesxtplqdlwxzxw/Build/Products/Debug-iphonesimulator/PackageFrameworks -F /Users/shivshankarttiwari/Library/Developer/Xcode/DerivedData/IPTV-eahagpsnkamlxmesxtplqdlwxzxw/Build/Products/Debug-iphonesimulator -emit-localized-strings -emit-localized-strings-path /Users/shivshankarttiwari/Library/Developer/Xcode/DerivedData/IPTV-eahagpsnkamlxmesxtplqdlwxzxw/Build/Intermediates.noindex/IPTV.build/Debug-iphonesimulator/IPTV.build/Objects-normal/arm64 -c -j10 -enable-batch-mode -incremental -Xcc -ivfsstatcache -Xcc /Users/shivshankarttiwari/Library/Developer/Xcode/DerivedData/SDKStatCaches.noindex/iphonesimulator26.0-23A339-3885c01c3e6b6a337905948deab2002e26257891a6c027eb51374368541b8346.sdkstatcache -output-file-map /Users/shivshankarttiwari/Library/Developer/Xcode/DerivedData/IPTV-eahagpsnkamlxmesxtplqdlwxzxw/Build/Intermediates.noindex/IPTV.build/Debug-iphonesimulator/IPTV.build/Objects-normal/arm64/IPTV-OutputFileMap.json -use-frontend-parseable-output -save-temps -no-color-diagnostics -explicit-module-build -module-cache-path /Users/shivshankarttiwari/Library/Developer/Xcode/DerivedData/IPTV-eahagpsnkamlxmesxtplqdlwxzxw/Build/Intermediates.noindex/SwiftExplicitPrecompiledModules -clang-scanner-module-cache-path /Users/shivshankarttiwari/Library/Developer/Xcode/DerivedData/ModuleCache.noindex -sdk-module-cache-path /Users/shivshankarttiwari/Library/Developer/Xcode/DerivedData/ModuleCache.noindex -serialize-diagnostics -emit-dependencies -emit-module -emit-module-path /Users/shivshankarttiwari/Library/Developer/Xcode/DerivedData/IPTV-eahagpsnkamlxmesxtplqdlwxzxw/Build/Intermediates.noindex/IPTV.build/Debug-iphonesimulator/IPTV.build/Objects-normal/arm64/IPTV.swiftmodule -validate-clang-modules-once -clang-build-session-file /Users/shivshankarttiwari/Library/Developer/Xcode/DerivedData/ModuleCache.noindex/Session.modulevalidation -Xcc -I/Users/shivshankarttiwari/Library/Developer/Xcode/DerivedData/IPTV-eahagpsnkamlxmesxtplqdlwxzxw/Build/Intermediates.noindex/IPTV.build/Debug-iphonesimulator/IPTV.build/swift-overrides.hmap -emit-const-values -Xfrontend -const-gather-protocols-file -Xfrontend /Users/shivshankarttiwari/Library/Developer/Xcode/DerivedData/IPTV-eahagpsnkamlxmesxtplqdlwxzxw/Build/Intermediates.noindex/IPTV.build/Debug-iphonesimulator/IPTV.build/Objects-normal/arm64/IPTV_const_extract_protocols.json -Xcc -iquote -Xcc /Users/shivshankarttiwari/Library/Developer/Xcode/DerivedData/IPTV-eahagpsnkamlxmesxtplqdlwxzxw/Build/Intermediates.noindex/IPTV.build/Debug-iphonesimulator/IPTV.build/IPTV-generated-files.hmap -Xcc -I/Users/shivshankarttiwari/Library/Developer/Xcode/DerivedData/IPTV-eahagpsnkamlxmesxtplqdlwxzxw/Build/Intermediates.noindex/IPTV.build/Debug-iphonesimulator/IPTV.build/IPTV-own-target-headers.hmap -Xcc -I/Users/shivshankarttiwari/Library/Developer/Xcode/DerivedData/IPTV-eahagpsnkamlxmesxtplqdlwxzxw/Build/Intermediates.noindex/IPTV.build/Debug-iphonesimulator/IPTV.build/IPTV-all-non-framework-target-headers.hmap -Xcc -ivfsoverlay -Xcc /Users/shivshankarttiwari/Library/Developer/Xcode/DerivedData/IPTV-eahagpsnkamlxmesxtplqdlwxzxw/Build/Intermediates.noindex/IPTV.build/Debug-iphonesimulator/IPTV-1e1fb298ce6bf24a3074ca23e52cd4dc-VFS-iphonesimulator/all-product-headers.yaml -Xcc -iquote -Xcc /Users/shivshankarttiwari/Library/Developer/Xcode/DerivedData/IPTV-eahagpsnkamlxmesxtplqdlwxzxw/Build/Intermediates.noindex/IPTV.build/Debug-iphonesimulator/IPTV.build/IPTV-project-headers.hmap -Xcc -I/Users/shivshankarttiwari/Library/Developer/Xcode/DerivedData/IPTV-eahagpsnkamlxmesxtplqdlwxzxw/Build/Products/Debug-iphonesimulator/include -Xcc -I/Users/shivshankarttiwari/Library/Developer/Xcode/DerivedData/IPTV-eahagpsnkamlxmesxtplqdlwxzxw/Build/Intermediates.noindex/IPTV.build/Debug-iphonesimulator/IPTV.build/DerivedSources-normal/arm64 -Xcc -I/Users/shivshankarttiwari/Library/Developer/Xcode/DerivedData/IPTV-eahagpsnkamlxmesxtplqdlwxzxw/Build/Intermediates.noindex/IPTV.build/Debug-iphonesimulator/IPTV.build/DerivedSources/arm64 -Xcc -I/Users/shivshankarttiwari/Library/Developer/Xcode/DerivedData/IPTV-eahagpsnkamlxmesxtplqdlwxzxw/Build/Intermediates.noindex/IPTV.build/Debug-iphonesimulator/IPTV.build/DerivedSources -Xcc -DDEBUG\=1 -emit-objc-header -emit-objc-header-path /Users/shivshankarttiwari/Library/Developer/Xcode/DerivedData/IPTV-eahagpsnkamlxmesxtplqdlwxzxw/Build/Intermediates.noindex/IPTV.build/Debug-iphonesimulator/IPTV.build/Objects-normal/arm64/IPTV-Swift.h -working-directory /Users/shivshankarttiwari/Documents/Pending\ Projects/IPTV -experimental-emit-module-separately -disable-cmo

RegisterExecutionPolicyException /Users/shivshankarttiwari/Library/Developer/Xcode/DerivedData/IPTV-eahagpsnkamlxmesxtplqdlwxzxw/Build/Products/Debug-iphonesimulator/Kingfisher.o (in target 'Kingfisher' from project 'Kingfisher')
    cd /Users/shivshankarttiwari/Library/Developer/Xcode/DerivedData/IPTV-eahagpsnkamlxmesxtplqdlwxzxw/SourcePackages/checkouts/Kingfisher
    builtin-RegisterExecutionPolicyException /Users/shivshankarttiwari/Library/Developer/Xcode/DerivedData/IPTV-eahagpsnkamlxmesxtplqdlwxzxw/Build/Products/Debug-iphonesimulator/Kingfisher.o

Ld /Users/shivshankarttiwari/Library/Developer/Xcode/DerivedData/IPTV-eahagpsnkamlxmesxtplqdlwxzxw/Build/Intermediates.noindex/IPTV.build/Debug-iphonesimulator/IPTV.build/Objects-normal/arm64/Binary/__preview.dylib normal arm64 (in target 'IPTV' from project 'IPTV')
    cd /Users/shivshankarttiwari/Documents/Pending\ Projects/IPTV
    /Applications/Xcode.app/Contents/Developer/Toolchains/XcodeDefault.xctoolchain/usr/bin/clang -Xlinker -reproducible -target arm64-apple-ios17.0-simulator -dynamiclib -isysroot /Applications/Xcode.app/Contents/Developer/Platforms/iPhoneSimulator.platform/Developer/SDKs/iPhoneSimulator26.0.sdk -O0 -L/Users/shivshankarttiwari/Library/Developer/Xcode/DerivedData/IPTV-eahagpsnkamlxmesxtplqdlwxzxw/Build/Products/Debug-iphonesimulator -F/Users/shivshankarttiwari/Library/Developer/Xcode/DerivedData/IPTV-eahagpsnkamlxmesxtplqdlwxzxw/Build/Products/Debug-iphonesimulator/PackageFrameworks -F/Users/shivshankarttiwari/Library/Developer/Xcode/DerivedData/IPTV-eahagpsnkamlxmesxtplqdlwxzxw/Build/Products/Debug-iphonesimulator -install_name @rpath/IPTV.debug.dylib -dead_strip -rdynamic -Xlinker -no_deduplicate -Xlinker -objc_abi_version -Xlinker 2 -Xlinker -dependency_info -Xlinker /Users/shivshankarttiwari/Library/Developer/Xcode/DerivedData/IPTV-eahagpsnkamlxmesxtplqdlwxzxw/Build/Intermediates.noindex/IPTV.build/Debug-iphonesimulator/IPTV.build/Objects-normal/arm64/IPTV_dependency_info.dat -Xlinker -sectcreate -Xlinker __TEXT -Xlinker __entitlements -Xlinker /Users/shivshankarttiwari/Library/Developer/Xcode/DerivedData/IPTV-eahagpsnkamlxmesxtplqdlwxzxw/Build/Intermediates.noindex/IPTV.build/Debug-iphonesimulator/IPTV.build/IPTV.app-Simulated.xcent -Xlinker -sectcreate -Xlinker __TEXT -Xlinker __ents_der -Xlinker /Users/shivshankarttiwari/Library/Developer/Xcode/DerivedData/IPTV-eahagpsnkamlxmesxtplqdlwxzxw/Build/Intermediates.noindex/IPTV.build/Debug-iphonesimulator/IPTV.build/IPTV.app-Simulated.xcent.der -Xlinker -no_adhoc_codesign -o /Users/shivshankarttiwari/Library/Developer/Xcode/DerivedData/IPTV-eahagpsnkamlxmesxtplqdlwxzxw/Build/Intermediates.noindex/IPTV.build/Debug-iphonesimulator/IPTV.build/Objects-normal/arm64/Binary/__preview.dylib

Ld /Users/shivshankarttiwari/Library/Developer/Xcode/DerivedData/IPTV-eahagpsnkamlxmesxtplqdlwxzxw/Build/Intermediates.noindex/IPTV.build/Debug-iphonesimulator/IPTV.build/Objects-normal/x86_64/Binary/__preview.dylib normal x86_64 (in target 'IPTV' from project 'IPTV')
    cd /Users/shivshankarttiwari/Documents/Pending\ Projects/IPTV
    /Applications/Xcode.app/Contents/Developer/Toolchains/XcodeDefault.xctoolchain/usr/bin/clang -Xlinker -reproducible -target x86_64-apple-ios17.0-simulator -dynamiclib -isysroot /Applications/Xcode.app/Contents/Developer/Platforms/iPhoneSimulator.platform/Developer/SDKs/iPhoneSimulator26.0.sdk -O0 -L/Users/shivshankarttiwari/Library/Developer/Xcode/DerivedData/IPTV-eahagpsnkamlxmesxtplqdlwxzxw/Build/Products/Debug-iphonesimulator -F/Users/shivshankarttiwari/Library/Developer/Xcode/DerivedData/IPTV-eahagpsnkamlxmesxtplqdlwxzxw/Build/Products/Debug-iphonesimulator/PackageFrameworks -F/Users/shivshankarttiwari/Library/Developer/Xcode/DerivedData/IPTV-eahagpsnkamlxmesxtplqdlwxzxw/Build/Products/Debug-iphonesimulator -install_name @rpath/IPTV.debug.dylib -dead_strip -rdynamic -Xlinker -no_deduplicate -Xlinker -objc_abi_version -Xlinker 2 -Xlinker -dependency_info -Xlinker /Users/shivshankarttiwari/Library/Developer/Xcode/DerivedData/IPTV-eahagpsnkamlxmesxtplqdlwxzxw/Build/Intermediates.noindex/IPTV.build/Debug-iphonesimulator/IPTV.build/Objects-normal/x86_64/IPTV_dependency_info.dat -Xlinker -sectcreate -Xlinker __TEXT -Xlinker __entitlements -Xlinker /Users/shivshankarttiwari/Library/Developer/Xcode/DerivedData/IPTV-eahagpsnkamlxmesxtplqdlwxzxw/Build/Intermediates.noindex/IPTV.build/Debug-iphonesimulator/IPTV.build/IPTV.app-Simulated.xcent -Xlinker -sectcreate -Xlinker __TEXT -Xlinker __ents_der -Xlinker /Users/shivshankarttiwari/Library/Developer/Xcode/DerivedData/IPTV-eahagpsnkamlxmesxtplqdlwxzxw/Build/Intermediates.noindex/IPTV.build/Debug-iphonesimulator/IPTV.build/IPTV.app-Simulated.xcent.der -Xlinker -no_adhoc_codesign -o /Users/shivshankarttiwari/Library/Developer/Xcode/DerivedData/IPTV-eahagpsnkamlxmesxtplqdlwxzxw/Build/Intermediates.noindex/IPTV.build/Debug-iphonesimulator/IPTV.build/Objects-normal/x86_64/Binary/__preview.dylib

CpResource /Users/shivshankarttiwari/Library/Developer/Xcode/DerivedData/IPTV-eahagpsnkamlxmesxtplqdlwxzxw/Build/Products/Debug-iphonesimulator/IPTV.app/xcodebuild_output_2.txt /Users/shivshankarttiwari/Documents/Pending\ Projects/IPTV/IPTV/xcodebuild_output_2.txt (in target 'IPTV' from project 'IPTV')
    cd /Users/shivshankarttiwari/Documents/Pending\ Projects/IPTV
    builtin-copy -exclude .DS_Store -exclude CVS -exclude .svn -exclude .git -exclude .hg -resolve-src-symlinks /Users/shivshankarttiwari/Documents/Pending\ Projects/IPTV/IPTV/xcodebuild_output_2.txt /Users/shivshankarttiwari/Library/Developer/Xcode/DerivedData/IPTV-eahagpsnkamlxmesxtplqdlwxzxw/Build/Products/Debug-iphonesimulator/IPTV.app

Copy /Users/shivshankarttiwari/Library/Developer/Xcode/DerivedData/IPTV-eahagpsnkamlxmesxtplqdlwxzxw/Build/Products/Debug-iphonesimulator/IPTV.app/Kingfisher_Kingfisher.bundle /Users/shivshankarttiwari/Library/Developer/Xcode/DerivedData/IPTV-eahagpsnkamlxmesxtplqdlwxzxw/Build/Products/Debug-iphonesimulator/Kingfisher_Kingfisher.bundle (in target 'IPTV' from project 'IPTV')
    cd /Users/shivshankarttiwari/Documents/Pending\ Projects/IPTV
    builtin-copy -exclude .DS_Store -exclude CVS -exclude .svn -exclude .git -exclude .hg -resolve-src-symlinks /Users/shivshankarttiwari/Library/Developer/Xcode/DerivedData/IPTV-eahagpsnkamlxmesxtplqdlwxzxw/Build/Products/Debug-iphonesimulator/Kingfisher_Kingfisher.bundle /Users/shivshankarttiwari/Library/Developer/Xcode/DerivedData/IPTV-eahagpsnkamlxmesxtplqdlwxzxw/Build/Products/Debug-iphonesimulator/IPTV.app

CreateUniversalBinary /Users/shivshankarttiwari/Library/Developer/Xcode/DerivedData/IPTV-eahagpsnkamlxmesxtplqdlwxzxw/Build/Products/Debug-iphonesimulator/IPTV.app/__preview.dylib normal arm64\ x86_64 (in target 'IPTV' from project 'IPTV')
    cd /Users/shivshankarttiwari/Documents/Pending\ Projects/IPTV
    /Applications/Xcode.app/Contents/Developer/Toolchains/XcodeDefault.xctoolchain/usr/bin/lipo -create /Users/shivshankarttiwari/Library/Developer/Xcode/DerivedData/IPTV-eahagpsnkamlxmesxtplqdlwxzxw/Build/Intermediates.noindex/IPTV.build/Debug-iphonesimulator/IPTV.build/Objects-normal/arm64/Binary/__preview.dylib /Users/shivshankarttiwari/Library/Developer/Xcode/DerivedData/IPTV-eahagpsnkamlxmesxtplqdlwxzxw/Build/Intermediates.noindex/IPTV.build/Debug-iphonesimulator/IPTV.build/Objects-normal/x86_64/Binary/__preview.dylib -output /Users/shivshankarttiwari/Library/Developer/Xcode/DerivedData/IPTV-eahagpsnkamlxmesxtplqdlwxzxw/Build/Products/Debug-iphonesimulator/IPTV.app/__preview.dylib

SwiftCompile normal arm64 Compiling\ M3UItem.swift,\ M3UParser.swift,\ MenuOption.swift,\ Persistence.swift /Users/shivshankarttiwari/Documents/Pending\ Projects/IPTV/IPTV/Model/M3UItem.swift /Users/shivshankarttiwari/Documents/Pending\ Projects/IPTV/IPTV/Model/M3UParser.swift /Users/shivshankarttiwari/Documents/Pending\ Projects/IPTV/IPTV/Model/MenuOption.swift /Users/shivshankarttiwari/Documents/Pending\ Projects/IPTV/IPTV/Model/Persistence.swift (in target 'IPTV' from project 'IPTV')
SwiftCompile normal arm64 /Users/shivshankarttiwari/Documents/Pending\ Projects/IPTV/IPTV/Model/M3UItem.swift (in target 'IPTV' from project 'IPTV')
    cd /Users/shivshankarttiwari/Documents/Pending\ Projects/IPTV
    

SwiftCompile normal arm64 /Users/shivshankarttiwari/Documents/Pending\ Projects/IPTV/IPTV/Model/M3UParser.swift (in target 'IPTV' from project 'IPTV')
    cd /Users/shivshankarttiwari/Documents/Pending\ Projects/IPTV
    

SwiftCompile normal arm64 /Users/shivshankarttiwari/Documents/Pending\ Projects/IPTV/IPTV/Model/MenuOption.swift (in target 'IPTV' from project 'IPTV')
    cd /Users/shivshankarttiwari/Documents/Pending\ Projects/IPTV
    

SwiftCompile normal arm64 /Users/shivshankarttiwari/Documents/Pending\ Projects/IPTV/IPTV/Model/Persistence.swift (in target 'IPTV' from project 'IPTV')
    cd /Users/shivshankarttiwari/Documents/Pending\ Projects/IPTV
    

SwiftCompile normal arm64 Compiling\ FavoritesView.swift,\ AdaptiveButtonStyle.swift,\ CachedImage.swift /Users/shivshankarttiwari/Documents/Pending\ Projects/IPTV/IPTV/View/Channels/FavoritesView.swift /Users/shivshankarttiwari/Documents/Pending\ Projects/IPTV/IPTV/View/Common/AdaptiveButtonStyle.swift /Users/shivshankarttiwari/Documents/Pending\ Projects/IPTV/IPTV/View/Common/CachedImage.swift (in target 'IPTV' from project 'IPTV')

SwiftCompile normal arm64 /Users/shivshankarttiwari/Documents/Pending\ Projects/IPTV/IPTV/View/Channels/FavoritesView.swift (in target 'IPTV' from project 'IPTV')
    cd /Users/shivshankarttiwari/Documents/Pending\ Projects/IPTV
    

SwiftCompile normal arm64 /Users/shivshankarttiwari/Documents/Pending\ Projects/IPTV/IPTV/View/Common/AdaptiveButtonStyle.swift (in target 'IPTV' from project 'IPTV')
    cd /Users/shivshankarttiwari/Documents/Pending\ Projects/IPTV
    

SwiftCompile normal arm64 /Users/shivshankarttiwari/Documents/Pending\ Projects/IPTV/IPTV/View/Common/CachedImage.swift (in target 'IPTV' from project 'IPTV')
    cd /Users/shivshankarttiwari/Documents/Pending\ Projects/IPTV
    

SwiftCompile normal arm64 Compiling\ DownloadManager.swift,\ ChannelGroupView.swift,\ ChannelListView.swift /Users/shivshankarttiwari/Documents/Pending\ Projects/IPTV/IPTV/Utilities/DownloadManager.swift /Users/shivshankarttiwari/Documents/Pending\ Projects/IPTV/IPTV/View/Channels/ChannelGroupView.swift /Users/shivshankarttiwari/Documents/Pending\ Projects/IPTV/IPTV/View/Channels/ChannelListView.swift (in target 'IPTV' from project 'IPTV')

SwiftCompile normal arm64 /Users/shivshankarttiwari/Documents/Pending\ Projects/IPTV/IPTV/Utilities/DownloadManager.swift (in target 'IPTV' from project 'IPTV')
    cd /Users/shivshankarttiwari/Documents/Pending\ Projects/IPTV
    

SwiftCompile normal arm64 /Users/shivshankarttiwari/Documents/Pending\ Projects/IPTV/IPTV/View/Channels/ChannelGroupView.swift (in target 'IPTV' from project 'IPTV')
    cd /Users/shivshankarttiwari/Documents/Pending\ Projects/IPTV
    

SwiftCompile normal arm64 /Users/shivshankarttiwari/Documents/Pending\ Projects/IPTV/IPTV/View/Channels/ChannelListView.swift (in target 'IPTV' from project 'IPTV')
    cd /Users/shivshankarttiwari/Documents/Pending\ Projects/IPTV
    

SwiftCompile normal arm64 Compiling\ Colors.swift,\ DesignSystem.swift,\ Global.swift /Users/shivshankarttiwari/Documents/Pending\ Projects/IPTV/IPTV/Resources/Colors.swift /Users/shivshankarttiwari/Documents/Pending\ Projects/IPTV/IPTV/Resources/DesignSystem.swift /Users/shivshankarttiwari/Documents/Pending\ Projects/IPTV/IPTV/Resources/Global.swift (in target 'IPTV' from project 'IPTV')
Failed frontend command:
/Applications/Xcode.app/Contents/Developer/Toolchains/XcodeDefault.xctoolchain/usr/bin/swift-frontend -frontend -c /Users/shivshankarttiwari/Documents/Pending\ Projects/IPTV/IPTV/Model/M3UItem.swift /Users/shivshankarttiwari/Documents/Pending\ Projects/IPTV/IPTV/Model/M3UParser.swift /Users/shivshankarttiwari/Documents/Pending\ Projects/IPTV/IPTV/Model/MenuOption.swift /Users/shivshankarttiwari/Documents/Pending\ Projects/IPTV/IPTV/Model/Persistence.swift -primary-file /Users/shivshankarttiwari/Documents/Pending\ Projects/IPTV/IPTV/Resources/Colors.swift -primary-file /Users/shivshankarttiwari/Documents/Pending\ Projects/IPTV/IPTV/Resources/DesignSystem.swift -primary-file /Users/shivshankarttiwari/Documents/Pending\ Projects/IPTV/IPTV/Resources/Global.swift /Users/shivshankarttiwari/Documents/Pending\ Projects/IPTV/IPTV/Utilities/DownloadManager.swift /Users/shivshankarttiwari/Documents/Pending\ Projects/IPTV/IPTV/View/Channels/ChannelGroupView.swift /Users/shivshankarttiwari/Documents/Pending\ Projects/IPTV/IPTV/View/Channels/ChannelListView.swift /Users/shivshankarttiwari/Documents/Pending\ Projects/IPTV/IPTV/View/Channels/FavoritesView.swift /Users/shivshankarttiwari/Documents/Pending\ Projects/IPTV/IPTV/View/Common/AdaptiveButtonStyle.swift /Users/shivshankarttiwari/Documents/Pending\ Projects/IPTV/IPTV/View/Common/CachedImage.swift /Users/shivshankarttiwari/Documents/Pending\ Projects/IPTV/IPTV/View/Common/MainMenuView.swift /Users/shivshankarttiwari/Documents/Pending\ Projects/IPTV/IPTV/View/Downloads/DownloadsView.swift /Users/shivshankarttiwari/Documents/Pending\ Projects/IPTV/IPTV/View/Onboarding/OnboardingView.swift /Users/shivshankarttiwari/Documents/Pending\ Projects/IPTV/IPTV/View/Playlist/AddPlaylistView.swift /Users/shivshankarttiwari/Documents/Pending\ Projects/IPTV/IPTV/View/Playlist/PlaylistListView.swift /Users/shivshankarttiwari/Documents/Pending\ Projects/IPTV/IPTV/View/Root/RootView.swift /Users/shivshankarttiwari/Documents/Pending\ Projects/IPTV/IPTV/View/Settings/SettingsView.swift /Users/shivshankarttiwari/Documents/Pending\ Projects/IPTV/IPTV/ViewModel/ChannelViewModel.swift /Users/shivshankarttiwari/Documents/Pending\ Projects/IPTV/IPTV/ViewModel/PlaylistViewModel.swift /Users/shivshankarttiwari/Documents/Pending\ Projects/IPTV/IPTV/IPTVApp.swift /Users/shivshankarttiwari/Library/Developer/Xcode/DerivedData/IPTV-eahagpsnkamlxmesxtplqdlwxzxw/Build/Intermediates.noindex/IPTV.build/Debug-iphonesimulator/IPTV.build/DerivedSources/CoreDataGenerated/IPTV/Playlist+CoreDataClass.swift /Users/shivshankarttiwari/Library/Developer/Xcode/DerivedData/IPTV-eahagpsnkamlxmesxtplqdlwxzxw/Build/Intermediates.noindex/IPTV.build/Debug-iphonesimulator/IPTV.build/DerivedSources/CoreDataGenerated/IPTV/Playlist+CoreDataProperties.swift /Users/shivshankarttiwari/Library/Developer/Xcode/DerivedData/IPTV-eahagpsnkamlxmesxtplqdlwxzxw/Build/Intermediates.noindex/IPTV.build/Debug-iphonesimulator/IPTV.build/DerivedSources/CoreDataGenerated/IPTV/Channel+CoreDataClass.swift /Users/shivshankarttiwari/Library/Developer/Xcode/DerivedData/IPTV-eahagpsnkamlxmesxtplqdlwxzxw/Build/Intermediates.noindex/IPTV.build/Debug-iphonesimulator/IPTV.build/DerivedSources/CoreDataGenerated/IPTV/Channel+CoreDataProperties.swift /Users/shivshankarttiwari/Library/Developer/Xcode/DerivedData/IPTV-eahagpsnkamlxmesxtplqdlwxzxw/Build/Intermediates.noindex/IPTV.build/Debug-iphonesimulator/IPTV.build/DerivedSources/CoreDataGenerated/IPTV/DownloadedVideo+CoreDataClass.swift /Users/shivshankarttiwari/Library/Developer/Xcode/DerivedData/IPTV-eahagpsnkamlxmesxtplqdlwxzxw/Build/Intermediates.noindex/IPTV.build/Debug-iphonesimulator/IPTV.build/DerivedSources/CoreDataGenerated/IPTV/DownloadedVideo+CoreDataProperties.swift /Users/shivshankarttiwari/Library/Developer/Xcode/DerivedData/IPTV-eahagpsnkamlxmesxtplqdlwxzxw/Build/Intermediates.noindex/IPTV.build/Debug-iphonesimulator/IPTV.build/DerivedSources/CoreDataGenerated/IPTV/IPTV+CoreDataModel.swift /Users/shivshankarttiwari/Library/Developer/Xcode/DerivedData/IPTV-eahagpsnkamlxmesxtplqdlwxzxw/Build/Intermediates.noindex/IPTV.build/Debug-iphonesimulator/IPTV.build/DerivedSources/GeneratedAssetSymbols.swift -supplementary-output-file-map /Users/shivshankarttiwari/Library/Developer/Xcode/DerivedData/IPTV-eahagpsnkamlxmesxtplqdlwxzxw/Build/Intermediates.noindex/IPTV.build/Debug-iphonesimulator/IPTV.build/Objects-normal/arm64/supplementaryOutputs-12 -emit-localized-strings -emit-localized-strings-path /Users/shivshankarttiwari/Library/Developer/Xcode/DerivedData/IPTV-eahagpsnkamlxmesxtplqdlwxzxw/Build/Intermediates.noindex/IPTV.build/Debug-iphonesimulator/IPTV.build/Objects-normal/arm64 -target arm64-apple-ios17.0-simulator -module-can-import-version DeveloperToolsSupport 23.0.4 23.0.4 -module-can-import-version SwiftUI 7.0.84.1 7.0.84 -module-can-import-version UIKit 9088.1.113 9088.1.113 -load-resolved-plugin /Applications/Xcode.app/Contents/Developer/Platforms/iPhoneOS.platform/Developer/usr/lib/swift/host/plugins/libFoundationMacros.dylib\#/Applications/Xcode.app/Contents/Developer/Platforms/iPhoneOS.platform/Developer/usr/bin/swift-plugin-server\#FoundationMacros -load-resolved-plugin /Applications/Xcode.app/Contents/Developer/Platforms/iPhoneOS.platform/Developer/usr/lib/swift/host/plugins/libObservationMacros.dylib\#/Applications/Xcode.app/Contents/Developer/Platforms/iPhoneOS.platform/Developer/usr/bin/swift-plugin-server\#ObservationMacros -load-resolved-plugin /Applications/Xcode.app/Contents/Developer/Platforms/iPhoneOS.platform/Developer/usr/lib/swift/host/plugins/libPreviewsMacros.dylib\#/Applications/Xcode.app/Contents/Developer/Platforms/iPhoneOS.platform/Developer/usr/bin/swift-plugin-server\#PreviewsMacros -load-resolved-plugin /Applications/Xcode.app/Contents/Developer/Platforms/iPhoneOS.platform/Developer/usr/lib/swift/host/plugins/libSwiftMacros.dylib\#/Applications/Xcode.app/Contents/Developer/Platforms/iPhoneOS.platform/Developer/usr/bin/swift-plugin-server\#SwiftMacros -load-resolved-plugin /Applications/Xcode.app/Contents/Developer/Platforms/iPhoneOS.platform/Developer/usr/lib/swift/host/plugins/libSwiftUIMacros.dylib\#/Applications/Xcode.app/Contents/Developer/Platforms/iPhoneOS.platform/Developer/usr/bin/swift-plugin-server\#SwiftUIMacros -disable-implicit-swift-modules -Xcc -fno-implicit-modules -Xcc -fno-implicit-module-maps -explicit-swift-module-map-file /Users/shivshankarttiwari/Library/Developer/Xcode/DerivedData/IPTV-eahagpsnkamlxmesxtplqdlwxzxw/Build/Intermediates.noindex/IPTV.build/Debug-iphonesimulator/IPTV.build/Objects-normal/arm64/IPTV-dependencies-1.json -Xllvm -aarch64-use-tbi -enable-objc-interop -sdk /Applications/Xcode.app/Contents/Developer/Platforms/iPhoneSimulator.platform/Developer/SDKs/iPhoneSimulator26.0.sdk -I /Users/shivshankarttiwari/Library/Developer/Xcode/DerivedData/IPTV-eahagpsnkamlxmesxtplqdlwxzxw/Build/Products/Debug-iphonesimulator -F /Users/shivshankarttiwari/Library/Developer/Xcode/DerivedData/IPTV-eahagpsnkamlxmesxtplqdlwxzxw/Build/Products/Debug-iphonesimulator/PackageFrameworks -F /Users/shivshankarttiwari/Library/Developer/Xcode/DerivedData/IPTV-eahagpsnkamlxmesxtplqdlwxzxw/Build/Products/Debug-iphonesimulator -no-color-diagnostics -Xcc -fno-color-diagnostics -enable-testing -g -debug-info-format\=dwarf -dwarf-version\=4 -module-cache-path /Users/shivshankarttiwari/Library/Developer/Xcode/DerivedData/IPTV-eahagpsnkamlxmesxtplqdlwxzxw/Build/Intermediates.noindex/SwiftExplicitPrecompiledModules -swift-version 5 -enforce-exclusivity\=checked -Onone -D DEBUG -serialize-debugging-options -const-gather-protocols-file /Users/shivshankarttiwari/Library/Developer/Xcode/DerivedData/IPTV-eahagpsnkamlxmesxtplqdlwxzxw/Build/Intermediates.noindex/IPTV.build/Debug-iphonesimulator/IPTV.build/Objects-normal/arm64/IPTV_const_extract_protocols.json -enable-upcoming-feature DisableOutwardActorInference -enable-upcoming-feature InferSendableFromCaptures -enable-upcoming-feature GlobalActorIsolatedTypesUsability -enable-upcoming-feature MemberImportVisibility -enable-upcoming-feature InferIsolatedConformances -enable-upcoming-feature NonisolatedNonsendingByDefault -enable-experimental-feature DebugDescriptionMacro -enable-bare-slash-regex -default-isolation\=MainActor -empty-abi-descriptor -validate-clang-modules-once -clang-build-session-file /Users/shivshankarttiwari/Library/Developer/Xcode/DerivedData/ModuleCache.noindex/Session.modulevalidation -Xcc -working-directory -Xcc /Users/shivshankarttiwari/Documents/Pending\ Projects/IPTV -enable-anonymous-context-mangled-names -file-compilation-dir /Users/shivshankarttiwari/Documents/Pending\ Projects/IPTV -Xcc -D_LIBCPP_HARDENING_MODE\=_LIBCPP_HARDENING_MODE_DEBUG -Xcc -ivfsstatcache -Xcc /Users/shivshankarttiwari/Library/Developer/Xcode/DerivedData/SDKStatCaches.noindex/iphonesimulator26.0-23A339-3885c01c3e6b6a337905948deab2002e26257891a6c027eb51374368541b8346.sdkstatcache -Xcc -I/Users/shivshankarttiwari/Library/Developer/Xcode/DerivedData/IPTV-eahagpsnkamlxmesxtplqdlwxzxw/Build/Intermediates.noindex/IPTV.build/Debug-iphonesimulator/IPTV.build/swift-overrides.hmap -Xcc -iquote -Xcc /Users/shivshankarttiwari/Library/Developer/Xcode/DerivedData/IPTV-eahagpsnkamlxmesxtplqdlwxzxw/Build/Intermediates.noindex/IPTV.build/Debug-iphonesimulator/IPTV.build/IPTV-generated-files.hmap -Xcc -I/Users/shivshankarttiwari/Library/Developer/Xcode/DerivedData/IPTV-eahagpsnkamlxmesxtplqdlwxzxw/Build/Intermediates.noindex/IPTV.build/Debug-iphonesimulator/IPTV.build/IPTV-own-target-headers.hmap -Xcc -I/Users/shivshankarttiwari/Library/Developer/Xcode/DerivedData/IPTV-eahagpsnkamlxmesxtplqdlwxzxw/Build/Intermediates.noindex/IPTV.build/Debug-iphonesimulator/IPTV.build/IPTV-all-non-framework-target-headers.hmap -Xcc -ivfsoverlay -Xcc /Users/shivshankarttiwari/Library/Developer/Xcode/DerivedData/IPTV-eahagpsnkamlxmesxtplqdlwxzxw/Build/Intermediates.noindex/IPTV.build/Debug-iphonesimulator/IPTV-1e1fb298ce6bf24a3074ca23e52cd4dc-VFS-iphonesimulator/all-product-headers.yaml -Xcc -iquote -Xcc /Users/shivshankarttiwari/Library/Developer/Xcode/DerivedData/IPTV-eahagpsnkamlxmesxtplqdlwxzxw/Build/Intermediates.noindex/IPTV.build/Debug-iphonesimulator/IPTV.build/IPTV-project-headers.hmap -Xcc -I/Users/shivshankarttiwari/Library/Developer/Xcode/DerivedData/IPTV-eahagpsnkamlxmesxtplqdlwxzxw/Build/Products/Debug-iphonesimulator/include -Xcc -I/Users/shivshankarttiwari/Library/Developer/Xcode/DerivedData/IPTV-eahagpsnkamlxmesxtplqdlwxzxw/Build/Intermediates.noindex/IPTV.build/Debug-iphonesimulator/IPTV.build/DerivedSources-normal/arm64 -Xcc -I/Users/shivshankarttiwari/Library/Developer/Xcode/DerivedData/IPTV-eahagpsnkamlxmesxtplqdlwxzxw/Build/Intermediates.noindex/IPTV.build/Debug-iphonesimulator/IPTV.build/DerivedSources/arm64 -Xcc -I/Users/shivshankarttiwari/Library/Developer/Xcode/DerivedData/IPTV-eahagpsnkamlxmesxtplqdlwxzxw/Build/Intermediates.noindex/IPTV.build/Debug-iphonesimulator/IPTV.build/DerivedSources -Xcc -DDEBUG\=1 -no-auto-bridging-header-chaining -module-name IPTV -frontend-parseable-output -disable-clang-spi -target-sdk-version 26.0 -target-sdk-name iphonesimulator26.0 -clang-target arm64-apple-ios26.0-simulator -in-process-plugin-server-path /Applications/Xcode.app/Contents/Developer/Toolchains/XcodeDefault.xctoolchain/usr/lib/swift/host/libSwiftInProcPluginServer.dylib -o /Users/shivshankarttiwari/Library/Developer/Xcode/DerivedData/IPTV-eahagpsnkamlxmesxtplqdlwxzxw/Build/Intermediates.noindex/IPTV.build/Debug-iphonesimulator/IPTV.build/Objects-normal/arm64/Colors.o -o /Users/shivshankarttiwari/Library/Developer/Xcode/DerivedData/IPTV-eahagpsnkamlxmesxtplqdlwxzxw/Build/Intermediates.noindex/IPTV.build/Debug-iphonesimulator/IPTV.build/Objects-normal/arm64/DesignSystem.o -o /Users/shivshankarttiwari/Library/Developer/Xcode/DerivedData/IPTV-eahagpsnkamlxmesxtplqdlwxzxw/Build/Intermediates.noindex/IPTV.build/Debug-iphonesimulator/IPTV.build/Objects-normal/arm64/Global.o -index-unit-output-path /IPTV.build/Debug-iphonesimulator/IPTV.build/Objects-normal/arm64/Colors.o -index-unit-output-path /IPTV.build/Debug-iphonesimulator/IPTV.build/Objects-normal/arm64/DesignSystem.o -index-unit-output-path /IPTV.build/Debug-iphonesimulator/IPTV.build/Objects-normal/arm64/Global.o -index-store-path /Users/shivshankarttiwari/Library/Developer/Xcode/DerivedData/IPTV-eahagpsnkamlxmesxtplqdlwxzxw/Index.noindex/DataStore -index-system-modules

SwiftCompile normal arm64 /Users/shivshankarttiwari/Documents/Pending\ Projects/IPTV/IPTV/Resources/Colors.swift (in target 'IPTV' from project 'IPTV')
    cd /Users/shivshankarttiwari/Documents/Pending\ Projects/IPTV
    

SwiftCompile normal arm64 /Users/shivshankarttiwari/Documents/Pending\ Projects/IPTV/IPTV/Resources/DesignSystem.swift (in target 'IPTV' from project 'IPTV')
    cd /Users/shivshankarttiwari/Documents/Pending\ Projects/IPTV
    
/Users/shivshankarttiwari/Documents/Pending Projects/IPTV/IPTV/Resources/DesignSystem.swift:11:42: error: cannot find 'isIpad' in scope
        static var headerSize: CGFloat { isIpad ? 32 : 22 }
                                         ^~~~~~
/Users/shivshankarttiwari/Documents/Pending Projects/IPTV/IPTV/Resources/DesignSystem.swift:12:43: error: cannot find 'isIpad' in scope
        static var toolbarSize: CGFloat { isIpad ? 28 : 20 }
                                          ^~~~~~
/Users/shivshankarttiwari/Documents/Pending Projects/IPTV/IPTV/Resources/DesignSystem.swift:13:43: error: cannot find 'isIpad' in scope
        static var rowIconSize: CGFloat { isIpad ? 24 : 18 }
                                          ^~~~~~
/Users/shivshankarttiwari/Documents/Pending Projects/IPTV/IPTV/Resources/DesignSystem.swift:14:44: error: cannot find 'isIpad' in scope
        static var cardIconSize: CGFloat { isIpad ? 20 : 16 }
                                           ^~~~~~
/Users/shivshankarttiwari/Documents/Pending Projects/IPTV/IPTV/Resources/DesignSystem.swift:15:45: error: cannot find 'isIpad' in scope
        static var largeIconSize: CGFloat { isIpad ? 60 : 40 }
                                            ^~~~~~
/Users/shivshankarttiwari/Documents/Pending Projects/IPTV/IPTV/Resources/DesignSystem.swift:16:49: error: cannot find 'isIpad' in scope
        static var selectionIconSize: CGFloat { isIpad ? 32 : 24 }
                                                ^~~~~~
/Users/shivshankarttiwari/Documents/Pending Projects/IPTV/IPTV/Resources/DesignSystem.swift:17:51: error: cannot find 'isIpad' in scope
        static var actionSheetIconSize: CGFloat { isIpad ? 26 : 20 }
                                                  ^~~~~~
/Users/shivshankarttiwari/Documents/Pending Projects/IPTV/IPTV/Resources/DesignSystem.swift:20:49: error: cannot find 'isIpad' in scope
        static var horizontalPadding: CGFloat { isIpad ? 32 : 16 }
                                                ^~~~~~
/Users/shivshankarttiwari/Documents/Pending Projects/IPTV/IPTV/Resources/DesignSystem.swift:21:47: error: cannot find 'isIpad' in scope
        static var verticalPadding: CGFloat { isIpad ? 20 : 12 }
                                              ^~~~~~
/Users/shivshankarttiwari/Documents/Pending Projects/IPTV/IPTV/Resources/DesignSystem.swift:22:47: error: cannot find 'isIpad' in scope
        static var internalSpacing: CGFloat { isIpad ? 16 : 10 }
                                              ^~~~~~
/Users/shivshankarttiwari/Documents/Pending Projects/IPTV/IPTV/Resources/DesignSystem.swift:23:43: error: cannot find 'isIpad' in scope
        static var itemSpacing: CGFloat { isIpad ? 20 : 12 }
                                          ^~~~~~
/Users/shivshankarttiwari/Documents/Pending Projects/IPTV/IPTV/Resources/DesignSystem.swift:26:48: error: cannot find 'isIpad' in scope
        static var circleButtonSize: CGFloat { isIpad ? 56 : 40 }
                                               ^~~~~~
/Users/shivshankarttiwari/Documents/Pending Projects/IPTV/IPTV/Resources/DesignSystem.swift:27:44: error: cannot find 'isIpad' in scope
        static var headerHeight: CGFloat { isIpad ? 80 : 44 }
                                           ^~~~~~

SwiftCompile normal arm64 /Users/shivshankarttiwari/Documents/Pending\ Projects/IPTV/IPTV/Resources/Global.swift (in target 'IPTV' from project 'IPTV')
    cd /Users/shivshankarttiwari/Documents/Pending\ Projects/IPTV
    

SwiftEmitModule normal arm64 Emitting\ module\ for\ IPTV (in target 'IPTV' from project 'IPTV')
EmitSwiftModule normal arm64 (in target 'IPTV' from project 'IPTV')
    cd /Users/shivshankarttiwari/Documents/Pending\ Projects/IPTV
    

SwiftCompile normal arm64 Compiling\ AddPlaylistView.swift,\ PlaylistListView.swift,\ RootView.swift /Users/shivshankarttiwari/Documents/Pending\ Projects/IPTV/IPTV/View/Playlist/AddPlaylistView.swift /Users/shivshankarttiwari/Documents/Pending\ Projects/IPTV/IPTV/View/Playlist/PlaylistListView.swift /Users/shivshankarttiwari/Documents/Pending\ Projects/IPTV/IPTV/View/Root/RootView.swift (in target 'IPTV' from project 'IPTV')

SwiftCompile normal arm64 /Users/shivshankarttiwari/Documents/Pending\ Projects/IPTV/IPTV/View/Playlist/AddPlaylistView.swift (in target 'IPTV' from project 'IPTV')
    cd /Users/shivshankarttiwari/Documents/Pending\ Projects/IPTV
    

SwiftCompile normal arm64 /Users/shivshankarttiwari/Documents/Pending\ Projects/IPTV/IPTV/View/Playlist/PlaylistListView.swift (in target 'IPTV' from project 'IPTV')
    cd /Users/shivshankarttiwari/Documents/Pending\ Projects/IPTV
    

SwiftCompile normal arm64 /Users/shivshankarttiwari/Documents/Pending\ Projects/IPTV/IPTV/View/Root/RootView.swift (in target 'IPTV' from project 'IPTV')
    cd /Users/shivshankarttiwari/Documents/Pending\ Projects/IPTV
    

SwiftCompile normal arm64 Compiling\ MainMenuView.swift,\ DownloadsView.swift,\ OnboardingView.swift /Users/shivshankarttiwari/Documents/Pending\ Projects/IPTV/IPTV/View/Common/MainMenuView.swift /Users/shivshankarttiwari/Documents/Pending\ Projects/IPTV/IPTV/View/Downloads/DownloadsView.swift /Users/shivshankarttiwari/Documents/Pending\ Projects/IPTV/IPTV/View/Onboarding/OnboardingView.swift (in target 'IPTV' from project 'IPTV')

SwiftCompile normal arm64 /Users/shivshankarttiwari/Documents/Pending\ Projects/IPTV/IPTV/View/Common/MainMenuView.swift (in target 'IPTV' from project 'IPTV')
    cd /Users/shivshankarttiwari/Documents/Pending\ Projects/IPTV
    

SwiftCompile normal arm64 /Users/shivshankarttiwari/Documents/Pending\ Projects/IPTV/IPTV/View/Downloads/DownloadsView.swift (in target 'IPTV' from project 'IPTV')
    cd /Users/shivshankarttiwari/Documents/Pending\ Projects/IPTV
    

SwiftCompile normal arm64 /Users/shivshankarttiwari/Documents/Pending\ Projects/IPTV/IPTV/View/Onboarding/OnboardingView.swift (in target 'IPTV' from project 'IPTV')
    cd /Users/shivshankarttiwari/Documents/Pending\ Projects/IPTV
    

SwiftCompile normal arm64 Compiling\ DownloadedVideo+CoreDataProperties.swift,\ IPTV+CoreDataModel.swift,\ GeneratedAssetSymbols.swift /Users/shivshankarttiwari/Library/Developer/Xcode/DerivedData/IPTV-eahagpsnkamlxmesxtplqdlwxzxw/Build/Intermediates.noindex/IPTV.build/Debug-iphonesimulator/IPTV.build/DerivedSources/CoreDataGenerated/IPTV/DownloadedVideo+CoreDataProperties.swift /Users/shivshankarttiwari/Library/Developer/Xcode/DerivedData/IPTV-eahagpsnkamlxmesxtplqdlwxzxw/Build/Intermediates.noindex/IPTV.build/Debug-iphonesimulator/IPTV.build/DerivedSources/CoreDataGenerated/IPTV/IPTV+CoreDataModel.swift /Users/shivshankarttiwari/Library/Developer/Xcode/DerivedData/IPTV-eahagpsnkamlxmesxtplqdlwxzxw/Build/Intermediates.noindex/IPTV.build/Debug-iphonesimulator/IPTV.build/DerivedSources/GeneratedAssetSymbols.swift (in target 'IPTV' from project 'IPTV')

SwiftCompile normal arm64 /Users/shivshankarttiwari/Library/Developer/Xcode/DerivedData/IPTV-eahagpsnkamlxmesxtplqdlwxzxw/Build/Intermediates.noindex/IPTV.build/Debug-iphonesimulator/IPTV.build/DerivedSources/CoreDataGenerated/IPTV/DownloadedVideo+CoreDataProperties.swift (in target 'IPTV' from project 'IPTV')
    cd /Users/shivshankarttiwari/Documents/Pending\ Projects/IPTV
    

SwiftCompile normal arm64 /Users/shivshankarttiwari/Library/Developer/Xcode/DerivedData/IPTV-eahagpsnkamlxmesxtplqdlwxzxw/Build/Intermediates.noindex/IPTV.build/Debug-iphonesimulator/IPTV.build/DerivedSources/CoreDataGenerated/IPTV/IPTV+CoreDataModel.swift (in target 'IPTV' from project 'IPTV')
    cd /Users/shivshankarttiwari/Documents/Pending\ Projects/IPTV
    

SwiftCompile normal arm64 /Users/shivshankarttiwari/Library/Developer/Xcode/DerivedData/IPTV-eahagpsnkamlxmesxtplqdlwxzxw/Build/Intermediates.noindex/IPTV.build/Debug-iphonesimulator/IPTV.build/DerivedSources/GeneratedAssetSymbols.swift (in target 'IPTV' from project 'IPTV')
    cd /Users/shivshankarttiwari/Documents/Pending\ Projects/IPTV
    

SwiftCompile normal arm64 Compiling\ Channel+CoreDataClass.swift,\ Channel+CoreDataProperties.swift,\ DownloadedVideo+CoreDataClass.swift /Users/shivshankarttiwari/Library/Developer/Xcode/DerivedData/IPTV-eahagpsnkamlxmesxtplqdlwxzxw/Build/Intermediates.noindex/IPTV.build/Debug-iphonesimulator/IPTV.build/DerivedSources/CoreDataGenerated/IPTV/Channel+CoreDataClass.swift /Users/shivshankarttiwari/Library/Developer/Xcode/DerivedData/IPTV-eahagpsnkamlxmesxtplqdlwxzxw/Build/Intermediates.noindex/IPTV.build/Debug-iphonesimulator/IPTV.build/DerivedSources/CoreDataGenerated/IPTV/Channel+CoreDataProperties.swift /Users/shivshankarttiwari/Library/Developer/Xcode/DerivedData/IPTV-eahagpsnkamlxmesxtplqdlwxzxw/Build/Intermediates.noindex/IPTV.build/Debug-iphonesimulator/IPTV.build/DerivedSources/CoreDataGenerated/IPTV/DownloadedVideo+CoreDataClass.swift (in target 'IPTV' from project 'IPTV')

SwiftCompile normal arm64 /Users/shivshankarttiwari/Library/Developer/Xcode/DerivedData/IPTV-eahagpsnkamlxmesxtplqdlwxzxw/Build/Intermediates.noindex/IPTV.build/Debug-iphonesimulator/IPTV.build/DerivedSources/CoreDataGenerated/IPTV/Channel+CoreDataClass.swift (in target 'IPTV' from project 'IPTV')
    cd /Users/shivshankarttiwari/Documents/Pending\ Projects/IPTV
    

SwiftCompile normal arm64 /Users/shivshankarttiwari/Library/Developer/Xcode/DerivedData/IPTV-eahagpsnkamlxmesxtplqdlwxzxw/Build/Intermediates.noindex/IPTV.build/Debug-iphonesimulator/IPTV.build/DerivedSources/CoreDataGenerated/IPTV/Channel+CoreDataProperties.swift (in target 'IPTV' from project 'IPTV')
    cd /Users/shivshankarttiwari/Documents/Pending\ Projects/IPTV
    

SwiftCompile normal arm64 /Users/shivshankarttiwari/Library/Developer/Xcode/DerivedData/IPTV-eahagpsnkamlxmesxtplqdlwxzxw/Build/Intermediates.noindex/IPTV.build/Debug-iphonesimulator/IPTV.build/DerivedSources/CoreDataGenerated/IPTV/DownloadedVideo+CoreDataClass.swift (in target 'IPTV' from project 'IPTV')
    cd /Users/shivshankarttiwari/Documents/Pending\ Projects/IPTV
    

SwiftExplicitDependencyGeneratePcm x86_64 /Users/shivshankarttiwari/Library/Developer/Xcode/DerivedData/ModuleCache.noindex/_Builtin_stdarg-AH5CY31GPNICUTBDR7B9TYSI5.pcm

SwiftExplicitDependencyGeneratePcm x86_64 /Users/shivshankarttiwari/Library/Developer/Xcode/DerivedData/ModuleCache.noindex/ptrcheck-A3ML4QCOBA3248U8PJO4R6S5W.pcm

SwiftExplicitDependencyGeneratePcm x86_64 /Users/shivshankarttiwari/Library/Developer/Xcode/DerivedData/ModuleCache.noindex/_Builtin_stddef-9923S49N8MIH700647TFGTC9N.pcm

** BUILD FAILED **


The following build commands failed:
	SwiftCompile normal arm64 Compiling\ Colors.swift,\ DesignSystem.swift,\ Global.swift /Users/shivshankarttiwari/Documents/Pending\ Projects/IPTV/IPTV/Resources/Colors.swift /Users/shivshankarttiwari/Documents/Pending\ Projects/IPTV/IPTV/Resources/DesignSystem.swift /Users/shivshankarttiwari/Documents/Pending\ Projects/IPTV/IPTV/Resources/Global.swift (in target 'IPTV' from project 'IPTV')
	SwiftCompile normal arm64 /Users/shivshankarttiwari/Documents/Pending\ Projects/IPTV/IPTV/Resources/DesignSystem.swift (in target 'IPTV' from project 'IPTV')
	Building project IPTV with scheme IPTV
(3 failures)
